Archive member included to satisfy reference by file (symbol)

/usr/bin/../lib/gcc/arm-none-eabi/7.3.1/../../../../arm-none-eabi/lib/thumb/v7-m/libm.a(lib_a-wf_exp.o)
                              pannodes_l.o (expf)
/usr/bin/../lib/gcc/arm-none-eabi/7.3.1/../../../../arm-none-eabi/lib/thumb/v7-m/libm.a(lib_a-ef_exp.o)
                              /usr/bin/../lib/gcc/arm-none-eabi/7.3.1/../../../../arm-none-eabi/lib/thumb/v7-m/libm.a(lib_a-wf_exp.o) (__ieee754_expf)
/usr/bin/../lib/gcc/arm-none-eabi/7.3.1/../../../../arm-none-eabi/lib/thumb/v7-m/libm.a(lib_a-s_lib_ver.o)
                              /usr/bin/../lib/gcc/arm-none-eabi/7.3.1/../../../../arm-none-eabi/lib/thumb/v7-m/libm.a(lib_a-wf_exp.o) (__fdlib_version)
/usr/bin/../lib/gcc/arm-none-eabi/7.3.1/../../../../arm-none-eabi/lib/thumb/v7-m/libm.a(lib_a-s_matherr.o)
                              /usr/bin/../lib/gcc/arm-none-eabi/7.3.1/../../../../arm-none-eabi/lib/thumb/v7-m/libm.a(lib_a-wf_exp.o) (matherr)
/usr/bin/../lib/gcc/arm-none-eabi/7.3.1/../../../../arm-none-eabi/lib/thumb/v7-m/libm.a(lib_a-sf_finite.o)
                              /usr/bin/../lib/gcc/arm-none-eabi/7.3.1/../../../../arm-none-eabi/lib/thumb/v7-m/libm.a(lib_a-wf_exp.o) (finitef)
/usr/bin/../lib/gcc/arm-none-eabi/7.3.1/thumb/v7-m/libgcc.a(_arm_addsubdf3.o)
                              build/zoul/remote-revb/obj/TREE-infq.o (__aeabi_dadd)
/usr/bin/../lib/gcc/arm-none-eabi/7.3.1/thumb/v7-m/libgcc.a(_arm_muldivdf3.o)
                              build/zoul/remote-revb/obj/TREE-infq.o (__aeabi_dmul)
/usr/bin/../lib/gcc/arm-none-eabi/7.3.1/thumb/v7-m/libgcc.a(_arm_fixunsdfsi.o)
                              build/zoul/remote-revb/obj/TREE-infq.o (__aeabi_d2uiz)
/usr/bin/../lib/gcc/arm-none-eabi/7.3.1/thumb/v7-m/libgcc.a(_arm_truncdfsf2.o)
                              pannodes_l.o (__aeabi_d2f)
/usr/bin/../lib/gcc/arm-none-eabi/7.3.1/thumb/v7-m/libgcc.a(_arm_addsubsf3.o)
                              build/zoul/remote-revb/obj/power-mgmt.o (__aeabi_fsub)
/usr/bin/../lib/gcc/arm-none-eabi/7.3.1/thumb/v7-m/libgcc.a(_arm_muldivsf3.o)
                              build/zoul/remote-revb/obj/power-mgmt.o (__aeabi_fmul)
/usr/bin/../lib/gcc/arm-none-eabi/7.3.1/thumb/v7-m/libgcc.a(_arm_cmpsf2.o)
                              /usr/bin/../lib/gcc/arm-none-eabi/7.3.1/../../../../arm-none-eabi/lib/thumb/v7-m/libm.a(lib_a-wf_exp.o) (__aeabi_fcmplt)
/usr/bin/../lib/gcc/arm-none-eabi/7.3.1/thumb/v7-m/libgcc.a(_arm_fixsfsi.o)
                              pannodes_l.o (__aeabi_f2iz)
/usr/bin/../lib/gcc/arm-none-eabi/7.3.1/thumb/v7-m/libgcc.a(_arm_fixunssfsi.o)
                              build/zoul/remote-revb/obj/power-mgmt.o (__aeabi_f2uiz)
/usr/bin/../lib/gcc/arm-none-eabi/7.3.1/thumb/v7-m/libgcc.a(_aeabi_ldivmod.o)
                              build/zoul/remote-revb/obj/spi-legacy.o (__aeabi_ldivmod)
/usr/bin/../lib/gcc/arm-none-eabi/7.3.1/thumb/v7-m/libgcc.a(_aeabi_uldivmod.o)
                              build/zoul/remote-revb/obj/spi-legacy.o (__aeabi_uldivmod)
/usr/bin/../lib/gcc/arm-none-eabi/7.3.1/thumb/v7-m/libgcc.a(_udivmoddi4.o)
                              /usr/bin/../lib/gcc/arm-none-eabi/7.3.1/thumb/v7-m/libgcc.a(_aeabi_ldivmod.o) (__udivmoddi4)
/usr/bin/../lib/gcc/arm-none-eabi/7.3.1/thumb/v7-m/libgcc.a(_dvmd_tls.o)
                              /usr/bin/../lib/gcc/arm-none-eabi/7.3.1/thumb/v7-m/libgcc.a(_aeabi_ldivmod.o) (__aeabi_ldiv0)
/usr/bin/../lib/gcc/arm-none-eabi/7.3.1/../../../../arm-none-eabi/lib/thumb/v7-m/libc.a(lib_a-errno.o)
                              /usr/bin/../lib/gcc/arm-none-eabi/7.3.1/../../../../arm-none-eabi/lib/thumb/v7-m/libm.a(lib_a-wf_exp.o) (__errno)
/usr/bin/../lib/gcc/arm-none-eabi/7.3.1/../../../../arm-none-eabi/lib/thumb/v7-m/libc.a(lib_a-impure.o)
                              /usr/bin/../lib/gcc/arm-none-eabi/7.3.1/../../../../arm-none-eabi/lib/thumb/v7-m/libc.a(lib_a-errno.o) (_impure_ptr)
/usr/bin/../lib/gcc/arm-none-eabi/7.3.1/../../../../arm-none-eabi/lib/thumb/v7-m/libc.a(lib_a-malloc.o)
                              build/zoul/remote-revb/obj/syscall.o (malloc)
/usr/bin/../lib/gcc/arm-none-eabi/7.3.1/../../../../arm-none-eabi/lib/thumb/v7-m/libc.a(lib_a-mallocr.o)
                              /usr/bin/../lib/gcc/arm-none-eabi/7.3.1/../../../../arm-none-eabi/lib/thumb/v7-m/libc.a(lib_a-malloc.o) (_malloc_r)
/usr/bin/../lib/gcc/arm-none-eabi/7.3.1/../../../../arm-none-eabi/lib/thumb/v7-m/libc.a(lib_a-memcmp.o)
                              build/zoul/remote-revb/obj/linkaddr.o (memcmp)
/usr/bin/../lib/gcc/arm-none-eabi/7.3.1/../../../../arm-none-eabi/lib/thumb/v7-m/libc.a(lib_a-memcpy.o)
                              build/zoul/remote-revb/obj/ecc-algorithm.o (memcpy)
/usr/bin/../lib/gcc/arm-none-eabi/7.3.1/../../../../arm-none-eabi/lib/thumb/v7-m/libc.a(lib_a-memmove.o)
                              build/zoul/remote-revb/obj/tsch-packet.o (memmove)
[...]
Memory Configuration

Name             Origin             Length             Attributes
FLASH_FW         0x0000000000202000 0x000000000007dfd4 xr
FLASH_CCA        0x000000000027ffd4 0x000000000000002c xr
NRSRAM           0x0000000020000000 0x0000000000004000 xrw
FRSRAM           0x0000000020004000 0x0000000000004000 xrw
*default*        0x0000000000000000 0xffffffffffffffff

Linker script and memory map

LOAD build/zoul/remote-revb/obj/startup-gcc.o
LOAD build/zoul/remote-revb/obj/platform.o
LOAD build/zoul/remote-revb/obj/leds-arch.o
LOAD build/zoul/remote-revb/obj/leds.o
LOAD build/zoul/remote-revb/obj/cc1200-zoul-arch.o
LOAD build/zoul/remote-revb/obj/adc-zoul.o
LOAD build/zoul/remote-revb/obj/board-buttons.o
LOAD build/zoul/remote-revb/obj/zoul-sensors.o
LOAD build/zoul/remote-revb/obj/board.o
LOAD build/zoul/remote-revb/obj/antenna-sw.o
LOAD build/zoul/remote-revb/obj/mmc-arch.o
LOAD build/zoul/remote-revb/obj/rtcc.o
LOAD build/zoul/remote-revb/obj/power-mgmt.o
LOAD build/zoul/remote-revb/obj/soc.o
LOAD build/zoul/remote-revb/obj/clock.o
LOAD build/zoul/remote-revb/obj/rtimer-arch.o
LOAD build/zoul/remote-revb/obj/uart.o
LOAD build/zoul/remote-revb/obj/watchdog.o
LOAD build/zoul/remote-revb/obj/nvic.o
LOAD build/zoul/remote-revb/obj/sys-ctrl.o
LOAD build/zoul/remote-revb/obj/gpio.o
LOAD build/zoul/remote-revb/obj/ioc.o
LOAD build/zoul/remote-revb/obj/spi-legacy.o
LOAD build/zoul/remote-revb/obj/adc.o
LOAD build/zoul/remote-revb/obj/spi-arch.o
LOAD build/zoul/remote-revb/obj/crypto.o
LOAD build/zoul/remote-revb/obj/aes.o
LOAD build/zoul/remote-revb/obj/ecb.o
LOAD build/zoul/remote-revb/obj/cbc.o
LOAD build/zoul/remote-revb/obj/ctr.o
LOAD build/zoul/remote-revb/obj/cbc-mac.o
LOAD build/zoul/remote-revb/obj/gcm.o
LOAD build/zoul/remote-revb/obj/ccm.o
LOAD build/zoul/remote-revb/obj/sha256.o
LOAD build/zoul/remote-revb/obj/gpio-hal-arch.o
LOAD build/zoul/remote-revb/obj/cc2538-aes-128.o
LOAD build/zoul/remote-revb/obj/cc2538-ccm-star.o
LOAD build/zoul/remote-revb/obj/cc2538-rf.o
LOAD build/zoul/remote-revb/obj/udma.o
LOAD build/zoul/remote-revb/obj/lpm.o
LOAD build/zoul/remote-revb/obj/int-master.o
LOAD build/zoul/remote-revb/obj/pka.o
LOAD build/zoul/remote-revb/obj/bignum-driver.o
LOAD build/zoul/remote-revb/obj/ecc-driver.o
LOAD build/zoul/remote-revb/obj/ecc-algorithm.o
LOAD build/zoul/remote-revb/obj/ecc-curve.o
LOAD build/zoul/remote-revb/obj/dbg.o
LOAD build/zoul/remote-revb/obj/ieee-addr.o
LOAD build/zoul/remote-revb/obj/slip-arch.o
LOAD build/zoul/remote-revb/obj/slip.o
LOAD build/zoul/remote-revb/obj/i2c.o
LOAD build/zoul/remote-revb/obj/cc2538-temp-sensor.o
LOAD build/zoul/remote-revb/obj/vdd3-sensor.o
LOAD build/zoul/remote-revb/obj/cfs-coffee.o
LOAD build/zoul/remote-revb/obj/cfs-coffee-arch.o
LOAD build/zoul/remote-revb/obj/pwm.o
LOAD build/zoul/remote-revb/obj/usb-core.o
LOAD build/zoul/remote-revb/obj/cdc-acm.o
LOAD build/zoul/remote-revb/obj/usb-arch.o
LOAD build/zoul/remote-revb/obj/usb-serial.o
LOAD build/zoul/remote-revb/obj/cdc-acm-descriptors.o
LOAD build/zoul/remote-revb/obj/TREE-scheduling.o
LOAD build/zoul/remote-revb/obj/TREE-infq.o
LOAD build/zoul/remote-revb/obj/contiki-main.o
LOAD build/zoul/remote-revb/obj/autostart.o
LOAD build/zoul/remote-revb/obj/stimer.o
LOAD build/zoul/remote-revb/obj/energest.o
LOAD build/zoul/remote-revb/obj/etimer.o
LOAD build/zoul/remote-revb/obj/log.o
LOAD build/zoul/remote-revb/obj/mutex.o
LOAD build/zoul/remote-revb/obj/ctimer.o
LOAD build/zoul/remote-revb/obj/compower.o
LOAD build/zoul/remote-revb/obj/atomic.o
LOAD build/zoul/remote-revb/obj/rtimer.o
LOAD build/zoul/remote-revb/obj/node-id.o
LOAD build/zoul/remote-revb/obj/process.o
LOAD build/zoul/remote-revb/obj/timer.o
LOAD build/zoul/remote-revb/obj/stack-check.o
LOAD build/zoul/remote-revb/obj/button-hal.o
LOAD build/zoul/remote-revb/obj/serial-line.o
LOAD build/zoul/remote-revb/obj/spi.o
LOAD build/zoul/remote-revb/obj/nullradio.o
LOAD build/zoul/remote-revb/obj/gpio-hal.o
LOAD build/zoul/remote-revb/obj/dbl-list.o
LOAD build/zoul/remote-revb/obj/dbl-circ-list.o
LOAD build/zoul/remote-revb/obj/crc16.o
LOAD build/zoul/remote-revb/obj/ifft.o
LOAD build/zoul/remote-revb/obj/trickle-timer.o
LOAD build/zoul/remote-revb/obj/sensors.o
LOAD build/zoul/remote-revb/obj/ringbufindex.o
LOAD build/zoul/remote-revb/obj/ccm-star.o
LOAD build/zoul/remote-revb/obj/list.o
LOAD build/zoul/remote-revb/obj/circular-list.o
LOAD build/zoul/remote-revb/obj/aes-128.o
LOAD build/zoul/remote-revb/obj/memb.o
LOAD build/zoul/remote-revb/obj/heapmem.o
LOAD build/zoul/remote-revb/obj/random.o
LOAD build/zoul/remote-revb/obj/assert.o
LOAD build/zoul/remote-revb/obj/ringbuf.o
LOAD build/zoul/remote-revb/obj/queuebuf.o
LOAD build/zoul/remote-revb/obj/nbr-table.o
LOAD build/zoul/remote-revb/obj/packetbuf.o
LOAD build/zoul/remote-revb/obj/netstack.o
LOAD build/zoul/remote-revb/obj/linkaddr.o
LOAD build/zoul/remote-revb/obj/net-debug.o
LOAD build/zoul/remote-revb/obj/link-stats.o
LOAD build/zoul/remote-revb/obj/mac-sequence.o
LOAD build/zoul/remote-revb/obj/mac.o
LOAD build/zoul/remote-revb/obj/frame802154e-ie.o
LOAD build/zoul/remote-revb/obj/framer-802154.o
LOAD build/zoul/remote-revb/obj/nullframer.o
LOAD build/zoul/remote-revb/obj/frame802154.o
LOAD build/zoul/remote-revb/obj/ff.o
LOAD build/zoul/remote-revb/obj/syscall.o
LOAD build/zoul/remote-revb/obj/unicode.o
LOAD build/zoul/remote-revb/obj/diskio.o
LOAD build/zoul/remote-revb/obj/mmc.o
LOAD build/zoul/remote-revb/obj/syscalls.o
LOAD build/zoul/remote-revb/obj/strformat.o
LOAD build/zoul/remote-revb/obj/printf.o
LOAD build/zoul/remote-revb/obj/sprintf.o
LOAD build/zoul/remote-revb/obj/snprintf.o
LOAD build/zoul/remote-revb/obj/puts.o
LOAD build/zoul/remote-revb/obj/putchar.o
LOAD build/zoul/remote-revb/obj/cc1200-868-fsk-1-2kbps.o
LOAD build/zoul/remote-revb/obj/cc1200-802154g-863-870-fsk-50kbps.o
LOAD build/zoul/remote-revb/obj/cc1200.o
LOAD build/zoul/remote-revb/obj/cc1200-868-4gfsk-1000kbps.o
LOAD build/zoul/remote-revb/obj/rgb-led.o
LOAD build/zoul/remote-revb/obj/tsch.o
LOAD build/zoul/remote-revb/obj/tsch-queue.o
LOAD build/zoul/remote-revb/obj/tsch-timeslot-timing.o
LOAD build/zoul/remote-revb/obj/tsch-schedule.o
LOAD build/zoul/remote-revb/obj/tsch-slot-operation.o
LOAD build/zoul/remote-revb/obj/tsch-packet.o
LOAD build/zoul/remote-revb/obj/tsch-security.o
LOAD build/zoul/remote-revb/obj/tsch-rpl.o
LOAD build/zoul/remote-revb/obj/tsch-adaptive-timesync.o
LOAD build/zoul/remote-revb/obj/tsch-stats.o
LOAD build/zoul/remote-revb/obj/tsch-log.o
LOAD build/zoul/remote-revb/obj/nullnet.o
LOAD build/zoul/remote-revb/obj/nullrouting.o
LOAD pannodes_l.o
START GROUP
LOAD /usr/bin/../lib/gcc/arm-none-eabi/7.3.1/../../../../arm-none-eabi/lib/thumb/v7-m/libm.a
END GROUP
START GROUP
LOAD /usr/bin/../lib/gcc/arm-none-eabi/7.3.1/thumb/v7-m/libgcc.a
LOAD /usr/bin/../lib/gcc/arm-none-eabi/7.3.1/../../../../arm-none-eabi/lib/thumb/v7-m/libc.a
END GROUP

.text           0x0000000000202000     0x9841
                0x0000000000202000                _text = .
 *(SORT_BY_ALIGNMENT(.vectors))
 .vectors       0x0000000000202000      0x28c build/zoul/remote-revb/obj/startup-gcc.o
                0x0000000000202000                vectors
 *(SORT_BY_ALIGNMENT(.text*))
 *fill*         0x000000000020228c        0x4 00000000
 .text.update_psi_err
                0x0000000000202290       0x20 build/zoul/remote-revb/obj/TREE-infq.o
                0x0000000000202290                update_psi_err
 .text.update_phi
                0x00000000002022b0       0x68 build/zoul/remote-revb/obj/TREE-infq.o
                0x00000000002022b0                update_phi
 .text.evaporate
                0x0000000000202318       0x20 build/zoul/remote-revb/obj/TREE-infq.o
                0x0000000000202318                evaporate
 .text.neural_input
                0x0000000000202338       0xec pannodes_l.o
 .text.reset_handler
                0x0000000000202424       0x40 build/zoul/remote-revb/obj/startup-gcc.o
                0x0000000000202424                reset_handler
 .text.platform_init_stage_two
                0x0000000000202464       0x4c build/zoul/remote-revb/obj/platform.o
                0x0000000000202464                platform_init_stage_two
 .text.platform_init_stage_three
                0x00000000002024b0       0x8c build/zoul/remote-revb/obj/platform.o
                0x00000000002024b0                platform_init_stage_three
 .text.radio_phy_overhead
                0x000000000020253c       0x18 build/zoul/remote-revb/obj/platform.o
                0x000000000020253c                radio_phy_overhead
 .text.radio_byte_air_time
                0x0000000000202554       0x18 build/zoul/remote-revb/obj/platform.o
                0x0000000000202554                radio_byte_air_time
 .text.radio_delay_before_tx
                0x000000000020256c       0x18 build/zoul/remote-revb/obj/platform.o
                0x000000000020256c                radio_delay_before_tx
 .text.radio_delay_before_rx
                0x0000000000202584       0x18 build/zoul/remote-revb/obj/platform.o
                0x0000000000202584                radio_delay_before_rx
 .text.radio_delay_before_detect
                0x000000000020259c       0x18 build/zoul/remote-revb/obj/platform.o
                0x000000000020259c                radio_delay_before_detect
 .text.radio_tsch_timeslot_timing
                0x00000000002025b4       0x1c build/zoul/remote-revb/obj/platform.o
                0x00000000002025b4                radio_tsch_timeslot_timing
 .text.leds_on  0x00000000002025d0       0x4c build/zoul/remote-revb/obj/leds.o
                0x00000000002025d0                leds_on
 .text.leds_off
                0x000000000020261c       0x48 build/zoul/remote-revb/obj/leds.o
                0x000000000020261c                leds_off
 .text.leds_init
                0x0000000000202664       0x48 build/zoul/remote-revb/obj/leds.o
                0x0000000000202664                leds_init
 .text.antenna_sw_config
                0x00000000002026ac       0x30 build/zoul/remote-revb/obj/antenna-sw.o
                0x00000000002026ac                antenna_sw_config
 .text.soc_get_rev
                0x00000000002026dc       0x18 build/zoul/remote-revb/obj/soc.o
                0x00000000002026dc                soc_get_rev
 .text.soc_print_info
                0x00000000002026f4       0x10 build/zoul/remote-revb/obj/soc.o
                0x00000000002026f4                soc_print_info
 .text.update_ticks
                0x0000000000202704       0x58 build/zoul/remote-revb/obj/clock.o
 .text.clock_init
                0x000000000020275c       0x4c build/zoul/remote-revb/obj/clock.o
                0x000000000020275c                clock_init
 .text.clock_time
                0x00000000002027a8       0x14 build/zoul/remote-revb/obj/clock.o
                0x00000000002027a8                clock_time
 .text.clock_delay_usec
                0x00000000002027bc       0x1c build/zoul/remote-revb/obj/clock.o
                0x00000000002027bc                clock_delay_usec
 .text.clock_adjust
                0x00000000002027d8       0x20 build/zoul/remote-revb/obj/clock.o
                0x00000000002027d8                clock_adjust
 .text.rtimer_arch_next_trigger
                0x00000000002027f8        0xc build/zoul/remote-revb/obj/rtimer-arch.o
                0x00000000002027f8                rtimer_arch_next_trigger
 .text.rtimer_arch_now
                0x0000000000202804       0x24 build/zoul/remote-revb/obj/rtimer-arch.o
                0x0000000000202804                rtimer_arch_now
 .text.rtimer_arch_schedule
                0x0000000000202828       0x58 build/zoul/remote-revb/obj/rtimer-arch.o
                0x0000000000202828                rtimer_arch_schedule
 .text.rtimer_isr
                0x0000000000202880       0x2c build/zoul/remote-revb/obj/rtimer-arch.o
                0x0000000000202880                rtimer_isr
 .text.permit_pm1
                0x00000000002028ac       0x24 build/zoul/remote-revb/obj/uart.o
 .text.uart_isr
                0x00000000002028d0       0x60 build/zoul/remote-revb/obj/uart.o
 .text.uart_init
                0x0000000000202930      0x198 build/zoul/remote-revb/obj/uart.o
                0x0000000000202930                uart_init
 .text.uart_set_input
                0x0000000000202ac8       0x10 build/zoul/remote-revb/obj/uart.o
                0x0000000000202ac8                uart_set_input
 .text.uart_write_byte
                0x0000000000202ad8       0x1c build/zoul/remote-revb/obj/uart.o
                0x0000000000202ad8                uart_write_byte
 .text.watchdog_init
                0x0000000000202af4        0xc build/zoul/remote-revb/obj/watchdog.o
                0x0000000000202af4                watchdog_init
 .text.watchdog_start
                0x0000000000202b00        0xc build/zoul/remote-revb/obj/watchdog.o
                0x0000000000202b00                watchdog_start
 .text.watchdog_periodic
                0x0000000000202b0c       0x10 build/zoul/remote-revb/obj/watchdog.o
                0x0000000000202b0c                watchdog_periodic
 .text.nvic_init
                0x0000000000202b1c       0x10 build/zoul/remote-revb/obj/nvic.o
                0x0000000000202b1c                nvic_init
 .text.sys_ctrl_init
                0x0000000000202b2c       0x74 build/zoul/remote-revb/obj/sys-ctrl.o
                0x0000000000202b2c                sys_ctrl_init
 .text.gpio_port_isr
                0x0000000000202ba0       0x48 build/zoul/remote-revb/obj/gpio.o
 .text.ioc_init
                0x0000000000202be8       0x1c build/zoul/remote-revb/obj/ioc.o
                0x0000000000202be8                ioc_init
 .text.ioc_set_over
                0x0000000000202c04       0x14 build/zoul/remote-revb/obj/ioc.o
                0x0000000000202c04                ioc_set_over
 .text.ioc_set_sel
                0x0000000000202c18       0x14 build/zoul/remote-revb/obj/ioc.o
                0x0000000000202c18                ioc_set_sel
 .text.adc_get  0x0000000000202c2c       0x74 build/zoul/remote-revb/obj/adc.o
                0x0000000000202c2c                adc_get
 .text.permit_pm1
                0x0000000000202ca0       0x10 build/zoul/remote-revb/obj/crypto.o
 .text.crypto_isr
                0x0000000000202cb0       0x28 build/zoul/remote-revb/obj/crypto.o
                0x0000000000202cb0                crypto_isr
 .text.crypto_enable
                0x0000000000202cd8       0x20 build/zoul/remote-revb/obj/crypto.o
                0x0000000000202cd8                crypto_enable
 .text.crypto_init
                0x0000000000202cf8       0x3c build/zoul/remote-revb/obj/crypto.o
                0x0000000000202cf8                crypto_init
 .text.crypto_disable
                0x0000000000202d34       0x20 build/zoul/remote-revb/obj/crypto.o
                0x0000000000202d34                crypto_disable
 .text.gpio_hal_arch_no_port_pin_cfg_set
                0x0000000000202d54       0xd8 build/zoul/remote-revb/obj/gpio-hal-arch.o
                0x0000000000202d54                gpio_hal_arch_no_port_pin_cfg_set
 .text.receiving_packet
                0x0000000000202e2c       0x18 build/zoul/remote-revb/obj/cc2538-rf.o
 .text.pending_packet
                0x0000000000202e44       0x10 build/zoul/remote-revb/obj/cc2538-rf.o
 .text.energest_switch
                0x0000000000202e54       0x58 build/zoul/remote-revb/obj/cc2538-rf.o
 .text.set_poll_mode
                0x0000000000202eac       0x98 build/zoul/remote-revb/obj/cc2538-rf.o
 .text.set_object
                0x0000000000202f44       0x30 build/zoul/remote-revb/obj/cc2538-rf.o
 .text.read     0x0000000000202f74       0xe0 build/zoul/remote-revb/obj/cc2538-rf.o
 .text.get_object
                0x0000000000203054      0x15c build/zoul/remote-revb/obj/cc2538-rf.o
 .text.off      0x00000000002031b0       0x78 build/zoul/remote-revb/obj/cc2538-rf.o
 .text.on       0x0000000000203228       0x44 build/zoul/remote-revb/obj/cc2538-rf.o
 .text.set_channel
                0x000000000020326c       0x38 build/zoul/remote-revb/obj/cc2538-rf.o
 .text.init     0x00000000002032a4       0xe8 build/zoul/remote-revb/obj/cc2538-rf.o
 .text.get_value
                0x000000000020338c      0x17c build/zoul/remote-revb/obj/cc2538-rf.o
 .text.channel_clear
                0x0000000000203508       0x3c build/zoul/remote-revb/obj/cc2538-rf.o
 .text.prepare  0x0000000000203544       0x68 build/zoul/remote-revb/obj/cc2538-rf.o
 .text.process_thread_cc2538_rf_process
                0x00000000002035ac       0x90 build/zoul/remote-revb/obj/cc2538-rf.o
 .text.transmit
                0x000000000020363c       0xb4 build/zoul/remote-revb/obj/cc2538-rf.o
 .text.set_value
                0x00000000002036f0      0x18c build/zoul/remote-revb/obj/cc2538-rf.o
 .text.cc2538_rf_rx_tx_isr
                0x000000000020387c       0x24 build/zoul/remote-revb/obj/cc2538-rf.o
                0x000000000020387c                cc2538_rf_rx_tx_isr
 .text.cc2538_rf_err_isr
                0x00000000002038a0       0x28 build/zoul/remote-revb/obj/cc2538-rf.o
                0x00000000002038a0                cc2538_rf_err_isr
 .text.udma_init
                0x00000000002038c8       0x34 build/zoul/remote-revb/obj/udma.o
                0x00000000002038c8                udma_init
 .text.udma_set_channel_src
                0x00000000002038fc       0x10 build/zoul/remote-revb/obj/udma.o
                0x00000000002038fc                udma_set_channel_src
 .text.udma_set_channel_dst
                0x000000000020390c       0x14 build/zoul/remote-revb/obj/udma.o
                0x000000000020390c                udma_set_channel_dst
 .text.udma_set_channel_control_word
                0x0000000000203920       0x14 build/zoul/remote-revb/obj/udma.o
                0x0000000000203920                udma_set_channel_control_word
 .text.udma_channel_enable
                0x0000000000203934       0x18 build/zoul/remote-revb/obj/udma.o
                0x0000000000203934                udma_channel_enable
 .text.udma_channel_mask_set
                0x000000000020394c       0x18 build/zoul/remote-revb/obj/udma.o
                0x000000000020394c                udma_channel_mask_set
 .text.udma_channel_sw_request
                0x0000000000203964       0x18 build/zoul/remote-revb/obj/udma.o
                0x0000000000203964                udma_channel_sw_request
 .text.udma_channel_get_mode
                0x000000000020397c       0x1c build/zoul/remote-revb/obj/udma.o
                0x000000000020397c                udma_channel_get_mode
 .text.udma_isr
                0x0000000000203998       0x10 build/zoul/remote-revb/obj/udma.o
                0x0000000000203998                udma_isr
 .text.udma_err_isr
                0x00000000002039a8        0xc build/zoul/remote-revb/obj/udma.o
                0x00000000002039a8                udma_err_isr
 .text.select_32_mhz_xosc
                0x00000000002039b4       0x2c build/zoul/remote-revb/obj/lpm.o
 .text.energest_switch
                0x00000000002039e0       0x58 build/zoul/remote-revb/obj/lpm.o
 .text.lpm_exit
                0x0000000000203a38       0x44 build/zoul/remote-revb/obj/lpm.o
                0x0000000000203a38                lpm_exit
 .text.lpm_enter
                0x0000000000203a7c       0xcc build/zoul/remote-revb/obj/lpm.o
                0x0000000000203a7c                lpm_enter
 .text.lpm_register_peripheral
                0x0000000000203b48       0x20 build/zoul/remote-revb/obj/lpm.o
                0x0000000000203b48                lpm_register_peripheral
 .text.lpm_init
                0x0000000000203b68       0x24 build/zoul/remote-revb/obj/lpm.o
                0x0000000000203b68                lpm_init
 .text.pka_isr  0x0000000000203b8c       0x28 build/zoul/remote-revb/obj/pka.o
                0x0000000000203b8c                pka_isr
 .text.ieee_addr_cpy_to
                0x0000000000203bb4       0x5c build/zoul/remote-revb/obj/ieee-addr.o
                0x0000000000203bb4                ieee_addr_cpy_to
 .text.process_thread_tree_scheduling_process
                0x0000000000203c10      0x108 build/zoul/remote-revb/obj/TREE-scheduling.o
 .text.control_packet_sent
                0x0000000000203d18       0x1c build/zoul/remote-revb/obj/TREE-scheduling.o
                0x0000000000203d18                control_packet_sent
 .text.send_control_message.constprop.2
                0x0000000000203d34      0x1b4 build/zoul/remote-revb/obj/TREE-scheduling.o
 .text.control_packet_input
                0x0000000000203ee8      0x110 build/zoul/remote-revb/obj/TREE-scheduling.o
                0x0000000000203ee8                control_packet_input
 .text.tree_callback_nbr_added
                0x0000000000203ff8       0x58 build/zoul/remote-revb/obj/TREE-scheduling.o
                0x0000000000203ff8                tree_callback_nbr_added
 .text.tree_callback_packet_added_in_queue
                0x0000000000204050       0x60 build/zoul/remote-revb/obj/TREE-scheduling.o
                0x0000000000204050                tree_callback_packet_added_in_queue
 .text.tree_callback_new_time_source
                0x00000000002040b0       0xc4 build/zoul/remote-revb/obj/TREE-scheduling.o
                0x00000000002040b0                tree_callback_new_time_source
 .text.tree_process_pending
                0x0000000000204174      0x148 build/zoul/remote-revb/obj/TREE-scheduling.o
                0x0000000000204174                tree_process_pending
 .text.tree_init
                0x00000000002042bc       0xd4 build/zoul/remote-revb/obj/TREE-scheduling.o
                0x00000000002042bc                tree_init
 .text.startup.main
                0x0000000000204390      0x194 build/zoul/remote-revb/obj/contiki-main.o
                0x0000000000204390                main
 .text.energest_init
                0x0000000000204524       0x3c build/zoul/remote-revb/obj/energest.o
                0x0000000000204524                energest_init
 .text.update_time
                0x0000000000204560       0x44 build/zoul/remote-revb/obj/etimer.o
 .text.etimer_request_poll
                0x00000000002045a4        0xc build/zoul/remote-revb/obj/etimer.o
                0x00000000002045a4                etimer_request_poll
 .text.process_thread_etimer_process
                0x00000000002045b0       0xac build/zoul/remote-revb/obj/etimer.o
 .text.add_timer
                0x000000000020465c       0x40 build/zoul/remote-revb/obj/etimer.o
 .text.etimer_pending
                0x000000000020469c       0x10 build/zoul/remote-revb/obj/etimer.o
                0x000000000020469c                etimer_pending
 .text.etimer_stop
                0x00000000002046ac       0x34 build/zoul/remote-revb/obj/etimer.o
                0x00000000002046ac                etimer_stop
 .text.log_lladdr
                0x00000000002046e0       0x40 build/zoul/remote-revb/obj/log.o
                0x00000000002046e0                log_lladdr
 .text.process_thread_ctimer_process
                0x0000000000204720       0x7c build/zoul/remote-revb/obj/ctimer.o
 .text.ctimer_init
                0x000000000020479c       0x28 build/zoul/remote-revb/obj/ctimer.o
                0x000000000020479c                ctimer_init
 .text.ctimer_set_with_process
                0x00000000002047c4       0x44 build/zoul/remote-revb/obj/ctimer.o
                0x00000000002047c4                ctimer_set_with_process
 .text.ctimer_set
                0x0000000000204808       0x14 build/zoul/remote-revb/obj/ctimer.o
                0x0000000000204808                ctimer_set
 .text.ctimer_stop
                0x000000000020481c       0x2c build/zoul/remote-revb/obj/ctimer.o
                0x000000000020481c                ctimer_stop
 .text.ctimer_expired
                0x0000000000204848       0x34 build/zoul/remote-revb/obj/ctimer.o
                0x0000000000204848                ctimer_expired
 .text.rtimer_set
                0x000000000020487c       0x24 build/zoul/remote-revb/obj/rtimer.o
                0x000000000020487c                rtimer_set
 .text.rtimer_run_next
                0x00000000002048a0       0x28 build/zoul/remote-revb/obj/rtimer.o
                0x00000000002048a0                rtimer_run_next
 .text.node_id_init
                0x00000000002048c8       0x18 build/zoul/remote-revb/obj/node-id.o
                0x00000000002048c8                node_id_init
 .text.call_process.part.0
                0x00000000002048e0       0x38 build/zoul/remote-revb/obj/process.o
 .text.exit_process
                0x0000000000204918       0x80 build/zoul/remote-revb/obj/process.o
 .text.do_poll  0x0000000000204998       0x30 build/zoul/remote-revb/obj/process.o
 .text.process_alloc_event
                0x00000000002049c8       0x10 build/zoul/remote-revb/obj/process.o
                0x00000000002049c8                process_alloc_event
 .text.process_init
                0x00000000002049d8       0x30 build/zoul/remote-revb/obj/process.o
                0x00000000002049d8                process_init
 .text.process_run
                0x0000000000204a08       0x88 build/zoul/remote-revb/obj/process.o
                0x0000000000204a08                process_run
 .text.process_nevents
                0x0000000000204a90       0x14 build/zoul/remote-revb/obj/process.o
                0x0000000000204a90                process_nevents
 .text.process_post
                0x0000000000204aa4       0x3c build/zoul/remote-revb/obj/process.o
                0x0000000000204aa4                process_post
 .text.process_post_synch
                0x0000000000204ae0       0x14 build/zoul/remote-revb/obj/process.o
                0x0000000000204ae0                process_post_synch
 .text.process_start
                0x0000000000204af4       0x30 build/zoul/remote-revb/obj/process.o
                0x0000000000204af4                process_start
 .text.process_poll
                0x0000000000204b24       0x18 build/zoul/remote-revb/obj/process.o
                0x0000000000204b24                process_poll
 .text.stack_check_init
                0x0000000000204b3c       0x28 build/zoul/remote-revb/obj/stack-check.o
                0x0000000000204b3c                stack_check_init
 .text.stack_check_get_usage
                0x0000000000204b64       0x40 build/zoul/remote-revb/obj/stack-check.o
                0x0000000000204b64                stack_check_get_usage
 .text.process_thread_stack_check_process
                0x0000000000204ba4       0xa8 build/zoul/remote-revb/obj/stack-check.o
 .text.duration_exceeded_callback
                0x0000000000204c4c       0x34 build/zoul/remote-revb/obj/button-hal.o
 .text.process_thread_button_hal_process
                0x0000000000204c80       0x70 build/zoul/remote-revb/obj/button-hal.o
 .text.press_release_handler
                0x0000000000204cf0       0x18 build/zoul/remote-revb/obj/button-hal.o
 .text.debounce_handler
                0x0000000000204d08       0x64 build/zoul/remote-revb/obj/button-hal.o
 .text.button_hal_init
                0x0000000000204d6c       0xf8 build/zoul/remote-revb/obj/button-hal.o
                0x0000000000204d6c                button_hal_init
 .text.process_thread_serial_line_process
                0x0000000000204e64       0x98 build/zoul/remote-revb/obj/serial-line.o
 .text.serial_line_input_byte
                0x0000000000204efc       0x48 build/zoul/remote-revb/obj/serial-line.o
                0x0000000000204efc                serial_line_input_byte
 .text.serial_line_init
                0x0000000000204f44       0x24 build/zoul/remote-revb/obj/serial-line.o
                0x0000000000204f44                serial_line_init
 .text.gpio_hal_register_handler
                0x0000000000204f68        0xc build/zoul/remote-revb/obj/gpio-hal.o
                0x0000000000204f68                gpio_hal_register_handler
 .text.gpio_hal_event_handler
                0x0000000000204f74       0x24 build/zoul/remote-revb/obj/gpio-hal.o
                0x0000000000204f74                gpio_hal_event_handler
 .text.gpio_hal_init
                0x0000000000204f98        0xc build/zoul/remote-revb/obj/gpio-hal.o
                0x0000000000204f98                gpio_hal_init
 .text.process_thread_sensors_process
                0x0000000000204fa4       0xd4 build/zoul/remote-revb/obj/sensors.o
 .text.random_rand
                0x0000000000205078       0x24 build/zoul/remote-revb/obj/random.o
                0x0000000000205078                random_rand
 .text.random_init
                0x000000000020509c       0x78 build/zoul/remote-revb/obj/random.o
                0x000000000020509c                random_init
 .text.queuebuf_init
                0x0000000000205114       0x1c build/zoul/remote-revb/obj/queuebuf.o
                0x0000000000205114                queuebuf_init
 .text.queuebuf_new_from_packetbuf
                0x0000000000205130       0x44 build/zoul/remote-revb/obj/queuebuf.o
                0x0000000000205130                queuebuf_new_from_packetbuf
 .text.queuebuf_free
                0x0000000000205174       0x2c build/zoul/remote-revb/obj/queuebuf.o
                0x0000000000205174                queuebuf_free
 .text.queuebuf_to_packetbuf
                0x00000000002051a0       0x30 build/zoul/remote-revb/obj/queuebuf.o
                0x00000000002051a0                queuebuf_to_packetbuf
 .text.queuebuf_dataptr
                0x00000000002051d0       0x18 build/zoul/remote-revb/obj/queuebuf.o
                0x00000000002051d0                queuebuf_dataptr
 .text.index_from_key
                0x00000000002051e8       0x20 build/zoul/remote-revb/obj/nbr-table.o
 .text.index_from_lladdr
                0x0000000000205208       0x40 build/zoul/remote-revb/obj/nbr-table.o
 .text.nbr_get_bit.constprop.1
                0x0000000000205248       0x24 build/zoul/remote-revb/obj/nbr-table.o
 .text.nbr_table_add_lladdr
                0x000000000020526c      0x120 build/zoul/remote-revb/obj/nbr-table.o
                0x000000000020526c                nbr_table_add_lladdr
 .text.packetbuf_hdrreduce
                0x000000000020538c       0x28 build/zoul/remote-revb/obj/packetbuf.o
                0x000000000020538c                packetbuf_hdrreduce
 .text.packetbuf_set_datalen
                0x00000000002053b4        0xc build/zoul/remote-revb/obj/packetbuf.o
                0x00000000002053b4                packetbuf_set_datalen
 .text.packetbuf_hdrptr
                0x00000000002053c0        0x8 build/zoul/remote-revb/obj/packetbuf.o
                0x00000000002053c0                packetbuf_hdrptr
 .text.packetbuf_datalen
                0x00000000002053c8        0xc build/zoul/remote-revb/obj/packetbuf.o
                0x00000000002053c8                packetbuf_datalen
 .text.packetbuf_hdrlen
                0x00000000002053d4       0x18 build/zoul/remote-revb/obj/packetbuf.o
                0x00000000002053d4                packetbuf_hdrlen
 .text.packetbuf_dataptr
                0x00000000002053ec       0x10 build/zoul/remote-revb/obj/packetbuf.o
                0x00000000002053ec                packetbuf_dataptr
 .text.packetbuf_copyto
                0x00000000002053fc       0x44 build/zoul/remote-revb/obj/packetbuf.o
                0x00000000002053fc                packetbuf_copyto
 .text.packetbuf_totlen
                0x0000000000205440       0x14 build/zoul/remote-revb/obj/packetbuf.o
                0x0000000000205440                packetbuf_totlen
 .text.packetbuf_hdralloc
                0x0000000000205454       0x3c build/zoul/remote-revb/obj/packetbuf.o
                0x0000000000205454                packetbuf_hdralloc
 .text.packetbuf_attr_clear
                0x0000000000205490       0x34 build/zoul/remote-revb/obj/packetbuf.o
                0x0000000000205490                packetbuf_attr_clear
 .text.packetbuf_clear
                0x00000000002054c4       0x20 build/zoul/remote-revb/obj/packetbuf.o
                0x00000000002054c4                packetbuf_clear
 .text.packetbuf_copyfrom
                0x00000000002054e4       0x2c build/zoul/remote-revb/obj/packetbuf.o
                0x00000000002054e4                packetbuf_copyfrom
 .text.packetbuf_attr_copyto
                0x0000000000205510       0x24 build/zoul/remote-revb/obj/packetbuf.o
                0x0000000000205510                packetbuf_attr_copyto
 .text.packetbuf_attr_copyfrom
                0x0000000000205534       0x24 build/zoul/remote-revb/obj/packetbuf.o
                0x0000000000205534                packetbuf_attr_copyfrom
 .text.packetbuf_set_attr
                0x0000000000205558       0x10 build/zoul/remote-revb/obj/packetbuf.o
                0x0000000000205558                packetbuf_set_attr
 .text.packetbuf_attr
                0x0000000000205568        0xc build/zoul/remote-revb/obj/packetbuf.o
                0x0000000000205568                packetbuf_attr
 .text.packetbuf_set_addr
                0x0000000000205574       0x18 build/zoul/remote-revb/obj/packetbuf.o
                0x0000000000205574                packetbuf_set_addr
 .text.packetbuf_addr
                0x000000000020558c       0x10 build/zoul/remote-revb/obj/packetbuf.o
                0x000000000020558c                packetbuf_addr
 .text.packetbuf_holds_broadcast
                0x000000000020559c       0x10 build/zoul/remote-revb/obj/packetbuf.o
                0x000000000020559c                packetbuf_holds_broadcast
 .text.netstack_init
                0x00000000002055ac       0x24 build/zoul/remote-revb/obj/netstack.o
                0x00000000002055ac                netstack_init
 .text.linkaddr_set_node_addr
                0x00000000002055d0        0xc build/zoul/remote-revb/obj/linkaddr.o
                0x00000000002055d0                linkaddr_set_node_addr
 .text.link_stats_packet_sent
                0x00000000002055dc       0x74 build/zoul/remote-revb/obj/link-stats.o
                0x00000000002055dc                link_stats_packet_sent
 .text.mac_sequence_is_duplicate
                0x0000000000205650       0x48 build/zoul/remote-revb/obj/mac-sequence.o
                0x0000000000205650                mac_sequence_is_duplicate
 .text.mac_sequence_register_seqno
                0x0000000000205698       0x58 build/zoul/remote-revb/obj/mac-sequence.o
                0x0000000000205698                mac_sequence_register_seqno
 .text.frame802154e_parse_information_elements
                0x00000000002056f0      0x23c build/zoul/remote-revb/obj/frame802154e-ie.o
                0x00000000002056f0                frame802154e_parse_information_elements
 .text.create_frame
                0x000000000020592c       0xd0 build/zoul/remote-revb/obj/framer-802154.o
 .text.frame802154_get_pan_id
                0x00000000002059fc        0xc build/zoul/remote-revb/obj/frame802154.o
                0x00000000002059fc                frame802154_get_pan_id
 .text.frame802154_set_pan_id
                0x0000000000205a08        0xc build/zoul/remote-revb/obj/frame802154.o
                0x0000000000205a08                frame802154_set_pan_id
 .text.frame802154_check_dest_panid
                0x0000000000205a14       0x3c build/zoul/remote-revb/obj/frame802154.o
                0x0000000000205a14                frame802154_check_dest_panid
 .text.frame802154_extract_linkaddr
                0x0000000000205a50       0x74 build/zoul/remote-revb/obj/frame802154.o
                0x0000000000205a50                frame802154_extract_linkaddr
 .text.frame802154_parse
                0x0000000000205ac4      0x12c build/zoul/remote-revb/obj/frame802154.o
                0x0000000000205ac4                frame802154_parse
 .text.fill_space
                0x0000000000205bf0       0x34 build/zoul/remote-revb/obj/strformat.o
 .text.format_str_v
                0x0000000000205c24      0x6dc build/zoul/remote-revb/obj/strformat.o
                0x0000000000205c24                format_str_v
 .text.printf   0x0000000000206300       0x20 build/zoul/remote-revb/obj/printf.o
                0x0000000000206300                printf
 .text.turn_off
                0x0000000000206320       0x10 build/zoul/remote-revb/obj/tsch.o
 .text.max_payload
                0x0000000000206330       0x34 build/zoul/remote-revb/obj/tsch.o
 .text.tsch_reset
                0x0000000000206364       0xa4 build/zoul/remote-revb/obj/tsch.o
 .text.process_thread_tsch_send_eb_process
                0x0000000000206408      0x10c build/zoul/remote-revb/obj/tsch.o
 .text.send_packet
                0x0000000000206514       0xac build/zoul/remote-revb/obj/tsch.o
 .text.tsch_init
                0x00000000002065c0       0xa4 build/zoul/remote-revb/obj/tsch.o
 .text.packet_input
                0x0000000000206664       0x40 build/zoul/remote-revb/obj/tsch.o
 .text.keepalive_send
                0x00000000002066a4       0x40 build/zoul/remote-revb/obj/tsch.o
 .text.turn_on  0x00000000002066e4       0x48 build/zoul/remote-revb/obj/tsch.o
 .text.tsch_schedule_keepalive
                0x000000000020672c       0x58 build/zoul/remote-revb/obj/tsch.o
                0x000000000020672c                tsch_schedule_keepalive
 .text.tsch_set_ka_timeout
                0x0000000000206784       0x18 build/zoul/remote-revb/obj/tsch.o
                0x0000000000206784                tsch_set_ka_timeout
 .text.tsch_schedule_keepalive_immediately
                0x000000000020679c       0x28 build/zoul/remote-revb/obj/tsch.o
                0x000000000020679c                tsch_schedule_keepalive_immediately
 .text.tsch_disassociate
                0x00000000002067c4       0x1c build/zoul/remote-revb/obj/tsch.o
                0x00000000002067c4                tsch_disassociate
 .text.process_thread_tsch_pending_events_process
                0x00000000002067e0      0x210 build/zoul/remote-revb/obj/tsch.o
 .text.keepalive_packet_sent
                0x00000000002069f0       0x80 build/zoul/remote-revb/obj/tsch.o
 .text.tsch_scan
                0x0000000000206a70      0x334 build/zoul/remote-revb/obj/tsch.o
                0x0000000000206a70                tsch_scan
 .text.process_thread_tsch_process
                0x0000000000206da4       0xc0 build/zoul/remote-revb/obj/tsch.o
 .text.get_neighbor_list_head
                0x0000000000206e64        0xc build/zoul/remote-revb/obj/tsch-queue.o
                0x0000000000206e64                get_neighbor_list_head
 .text.tsch_queue_get_nbr
                0x0000000000206e70       0x34 build/zoul/remote-revb/obj/tsch-queue.o
                0x0000000000206e70                tsch_queue_get_nbr
 .text.tsch_queue_add_nbr
                0x0000000000206ea4       0x84 build/zoul/remote-revb/obj/tsch-queue.o
                0x0000000000206ea4                tsch_queue_add_nbr
 .text.tsch_queue_get_time_source
                0x0000000000206f28       0x28 build/zoul/remote-revb/obj/tsch-queue.o
                0x0000000000206f28                tsch_queue_get_time_source
 .text.tsch_queue_update_time_source
                0x0000000000206f50       0x5c build/zoul/remote-revb/obj/tsch-queue.o
                0x0000000000206f50                tsch_queue_update_time_source
 .text.tsch_queue_add_packet
                0x0000000000206fac       0x9c build/zoul/remote-revb/obj/tsch-queue.o
                0x0000000000206fac                tsch_queue_add_packet
 .text.tsch_queue_free_packet
                0x0000000000207048       0x20 build/zoul/remote-revb/obj/tsch-queue.o
                0x0000000000207048                tsch_queue_free_packet
 .text.tsch_queue_reset
                0x0000000000207068       0x30 build/zoul/remote-revb/obj/tsch-queue.o
                0x0000000000207068                tsch_queue_reset
 .text.tsch_queue_free_unused_neighbors
                0x0000000000207098       0x5c build/zoul/remote-revb/obj/tsch-queue.o
                0x0000000000207098                tsch_queue_free_unused_neighbors
 .text.tsch_queue_get_unicast_packet_for_any
                0x00000000002070f4       0x44 build/zoul/remote-revb/obj/tsch-queue.o
                0x00000000002070f4                tsch_queue_get_unicast_packet_for_any
 .text.tsch_queue_update_all_backoff_windows
                0x0000000000207138       0x50 build/zoul/remote-revb/obj/tsch-queue.o
                0x0000000000207138                tsch_queue_update_all_backoff_windows
 .text.tsch_queue_init
                0x0000000000207188       0x48 build/zoul/remote-revb/obj/tsch-queue.o
                0x0000000000207188                tsch_queue_init
 .text.tsch_schedule_get_slotframe_by_handle
                0x00000000002071d0       0x28 build/zoul/remote-revb/obj/tsch-schedule.o
                0x00000000002071d0                tsch_schedule_get_slotframe_by_handle
 .text.tsch_schedule_add_slotframe
                0x00000000002071f8       0x64 build/zoul/remote-revb/obj/tsch-schedule.o
                0x00000000002071f8                tsch_schedule_add_slotframe
 .text.tsch_schedule_remove_link
                0x000000000020725c       0x78 build/zoul/remote-revb/obj/tsch-schedule.o
                0x000000000020725c                tsch_schedule_remove_link
 .text.tsch_schedule_remove_slotframe
                0x00000000002072d4       0x44 build/zoul/remote-revb/obj/tsch-schedule.o
                0x00000000002072d4                tsch_schedule_remove_slotframe
 .text.tsch_schedule_remove_all_slotframes
                0x0000000000207318       0x20 build/zoul/remote-revb/obj/tsch-schedule.o
                0x0000000000207318                tsch_schedule_remove_all_slotframes
 .text.tsch_schedule_add_link
                0x0000000000207338       0xb4 build/zoul/remote-revb/obj/tsch-schedule.o
                0x0000000000207338                tsch_schedule_add_link
 .text.tsch_schedule_get_next_active_link
                0x00000000002073ec      0x108 build/zoul/remote-revb/obj/tsch-schedule.o
                0x00000000002073ec                tsch_schedule_get_next_active_link
 .text.tsch_schedule_init
                0x00000000002074f4       0x30 build/zoul/remote-revb/obj/tsch-schedule.o
                0x00000000002074f4                tsch_schedule_init
 .text.tsch_schedule_print
                0x0000000000207524       0xdc build/zoul/remote-revb/obj/tsch-schedule.o
                0x0000000000207524                tsch_schedule_print
 .text.tsch_schedule_slot_operation.isra.0
                0x0000000000207600       0x58 build/zoul/remote-revb/obj/tsch-slot-operation.o
 .text.get_packet_and_neighbor_for_link.constprop.5
                0x0000000000207658       0x6c build/zoul/remote-revb/obj/tsch-slot-operation.o
 .text.tsch_tx_slot.constprop.3
                0x00000000002076c4      0x404 build/zoul/remote-revb/obj/tsch-slot-operation.o
 .text.tsch_is_locked
                0x0000000000207ac8        0xc build/zoul/remote-revb/obj/tsch-slot-operation.o
                0x0000000000207ac8                tsch_is_locked
 .text.tsch_get_lock
                0x0000000000207ad4       0x44 build/zoul/remote-revb/obj/tsch-slot-operation.o
                0x0000000000207ad4                tsch_get_lock
 .text.tsch_release_lock
                0x0000000000207b18        0xc build/zoul/remote-revb/obj/tsch-slot-operation.o
                0x0000000000207b18                tsch_release_lock
 .text.tsch_calculate_channel
                0x0000000000207b24       0x40 build/zoul/remote-revb/obj/tsch-slot-operation.o
                0x0000000000207b24                tsch_calculate_channel
 .text.tsch_slot_operation
                0x0000000000207b64      0x648 build/zoul/remote-revb/obj/tsch-slot-operation.o
 .text.tsch_slot_operation_start
                0x00000000002081ac       0x6c build/zoul/remote-revb/obj/tsch-slot-operation.o
                0x00000000002081ac                tsch_slot_operation_start
 .text.tsch_slot_operation_sync
                0x0000000000208218       0x50 build/zoul/remote-revb/obj/tsch-slot-operation.o
                0x0000000000208218                tsch_slot_operation_sync
 .text.tsch_packet_eackbuf_attr
                0x0000000000208268        0xc build/zoul/remote-revb/obj/tsch-packet.o
                0x0000000000208268                tsch_packet_eackbuf_attr
 .text.tsch_packet_create_eack
                0x0000000000208274       0xa0 build/zoul/remote-revb/obj/tsch-packet.o
                0x0000000000208274                tsch_packet_create_eack
 .text.tsch_packet_parse_eack
                0x0000000000208314       0xa4 build/zoul/remote-revb/obj/tsch-packet.o
                0x0000000000208314                tsch_packet_parse_eack
 .text.tsch_packet_create_eb
                0x00000000002083b8      0x158 build/zoul/remote-revb/obj/tsch-packet.o
                0x00000000002083b8                tsch_packet_create_eb
 .text.tsch_packet_update_eb
                0x0000000000208510       0x38 build/zoul/remote-revb/obj/tsch-packet.o
                0x0000000000208510                tsch_packet_update_eb
 .text.compensate_internal
                0x0000000000208548       0x9c build/zoul/remote-revb/obj/tsch-adaptive-timesync.o
 .text.tsch_timesync_update
                0x00000000002085e4       0xfc build/zoul/remote-revb/obj/tsch-adaptive-timesync.o
                0x00000000002085e4                tsch_timesync_update
 .text.tsch_timesync_adaptive_compensate
                0x00000000002086e0       0x70 build/zoul/remote-revb/obj/tsch-adaptive-timesync.o
                0x00000000002086e0                tsch_timesync_adaptive_compensate
 .text.input    0x0000000000208750       0x10 build/zoul/remote-revb/obj/nullnet.o
 .text.neural_send
                0x0000000000208760       0x50 build/zoul/remote-revb/obj/nullnet.o
                0x0000000000208760                neural_send
 .text.netstack_sniffer_add
                0x00000000002087b0        0xc build/zoul/remote-revb/obj/nullnet.o
                0x00000000002087b0                netstack_sniffer_add
 .text.netstack_sniffer_remove
                0x00000000002087bc        0xc build/zoul/remote-revb/obj/nullnet.o
                0x00000000002087bc                netstack_sniffer_remove
 .text.process_thread_nw_form_process
                0x00000000002087c8      0x128 pannodes_l.o
 .text.fprop    0x00000000002088f0      0x154 pannodes_l.o
 .text.process_thread_prediction_process
                0x0000000000208a44      0x13c pannodes_l.o
 .text.create_neighbor
                0x0000000000208b80       0x48 pannodes_l.o
                0x0000000000208b80                create_neighbor
 .text.check_neighbor
                0x0000000000208bc8       0x2c pannodes_l.o
                0x0000000000208bc8                check_neighbor
 .text.update_neighbor_list
                0x0000000000208bf4       0x5c pannodes_l.o
                0x0000000000208bf4                update_neighbor_list
 .text.input    0x0000000000208c50       0x54 pannodes_l.o
 .text.expf     0x0000000000208ca4       0xe0 /usr/bin/../lib/gcc/arm-none-eabi/7.3.1/../../../../arm-none-eabi/lib/thumb/v7-m/libm.a(lib_a-wf_exp.o)
                0x0000000000208ca4                expf
 .text.__ieee754_expf
                0x0000000000208d84      0x1e8 /usr/bin/../lib/gcc/arm-none-eabi/7.3.1/../../../../arm-none-eabi/lib/thumb/v7-m/libm.a(lib_a-ef_exp.o)
                0x0000000000208d84                __ieee754_expf
 .text.matherr  0x0000000000208f6c        0x4 /usr/bin/../lib/gcc/arm-none-eabi/7.3.1/../../../../arm-none-eabi/lib/thumb/v7-m/libm.a(lib_a-s_matherr.o)
                0x0000000000208f6c                matherr
 .text.finitef  0x0000000000208f70       0x10 /usr/bin/../lib/gcc/arm-none-eabi/7.3.1/../../../../arm-none-eabi/lib/thumb/v7-m/libm.a(lib_a-sf_finite.o)
                0x0000000000208f70                finitef
 .text          0x0000000000208f80      0x378 /usr/bin/../lib/gcc/arm-none-eabi/7.3.1/thumb/v7-m/libgcc.a(_arm_addsubdf3.o)
                0x0000000000208f80                __aeabi_drsub
                0x0000000000208f88                __aeabi_dsub
                0x0000000000208f88                __subdf3
                0x0000000000208f8c                __adddf3
                0x0000000000208f8c                __aeabi_dadd
                0x0000000000209204                __aeabi_ui2d
                0x0000000000209204                __floatunsidf
                0x0000000000209224                __floatsidf
                0x0000000000209224                __aeabi_i2d
                0x0000000000209248                __extendsfdf2
                0x0000000000209248                __aeabi_f2d
                0x000000000020928c                __aeabi_ul2d
                0x000000000020928c                __floatundidf
                0x000000000020929c                __floatdidf
                0x000000000020929c                __aeabi_l2d
 .text          0x00000000002092f8      0x424 /usr/bin/../lib/gcc/arm-none-eabi/7.3.1/thumb/v7-m/libgcc.a(_arm_muldivdf3.o)
                0x00000000002092f8                __aeabi_dmul
                0x00000000002092f8                __muldf3
                0x000000000020954c                __aeabi_ddiv
                0x000000000020954c                __divdf3
 .text          0x000000000020971c       0x40 /usr/bin/../lib/gcc/arm-none-eabi/7.3.1/thumb/v7-m/libgcc.a(_arm_fixunsdfsi.o)
                0x000000000020971c                __fixunsdfsi
                0x000000000020971c                __aeabi_d2uiz
 .text          0x000000000020975c       0xa0 /usr/bin/../lib/gcc/arm-none-eabi/7.3.1/thumb/v7-m/libgcc.a(_arm_truncdfsf2.o)
                0x000000000020975c                __aeabi_d2f
                0x000000000020975c                __truncdfsf2
 .text          0x00000000002097fc      0x21c /usr/bin/../lib/gcc/arm-none-eabi/7.3.1/thumb/v7-m/libgcc.a(_arm_addsubsf3.o)
                0x00000000002097fc                __aeabi_frsub
                0x0000000000209804                __subsf3
                0x0000000000209804                __aeabi_fsub
                0x0000000000209808                __aeabi_fadd
                0x0000000000209808                __addsf3
                0x0000000000209968                __aeabi_ui2f
                0x0000000000209968                __floatunsisf
                0x0000000000209970                __aeabi_i2f
                0x0000000000209970                __floatsisf
                0x000000000020998c                __floatundisf
                0x000000000020998c                __aeabi_ul2f
                0x000000000020999c                __floatdisf
                0x000000000020999c                __aeabi_l2f
 .text          0x0000000000209a18      0x2a0 /usr/bin/../lib/gcc/arm-none-eabi/7.3.1/thumb/v7-m/libgcc.a(_arm_muldivsf3.o)
                0x0000000000209a18                __mulsf3
                0x0000000000209a18                __aeabi_fmul
                0x0000000000209b80                __divsf3
                0x0000000000209b80                __aeabi_fdiv
 .text          0x0000000000209cb8       0xec /usr/bin/../lib/gcc/arm-none-eabi/7.3.1/thumb/v7-m/libgcc.a(_arm_cmpsf2.o)
                0x0000000000209cb8                __gtsf2
                0x0000000000209cb8                __gesf2
                0x0000000000209cc0                __lesf2
                0x0000000000209cc0                __ltsf2
                0x0000000000209cc8                __nesf2
                0x0000000000209cc8                __eqsf2
                0x0000000000209cc8                __cmpsf2
                0x0000000000209d28                __aeabi_cfrcmple
                0x0000000000209d30                __aeabi_cfcmple
                0x0000000000209d30                __aeabi_cfcmpeq
                0x0000000000209d40                __aeabi_fcmpeq
                0x0000000000209d54                __aeabi_fcmplt
                0x0000000000209d68                __aeabi_fcmple
                0x0000000000209d7c                __aeabi_fcmpge
                0x0000000000209d90                __aeabi_fcmpgt
 .text          0x0000000000209da4       0x4c /usr/bin/../lib/gcc/arm-none-eabi/7.3.1/thumb/v7-m/libgcc.a(_arm_fixsfsi.o)
                0x0000000000209da4                __fixsfsi
                0x0000000000209da4                __aeabi_f2iz
 .text          0x0000000000209df0       0xa0 /usr/bin/../lib/gcc/arm-none-eabi/7.3.1/thumb/v7-m/libgcc.a(_aeabi_ldivmod.o)
                0x0000000000209df0                __aeabi_ldivmod
 .text          0x0000000000209e90       0x30 /usr/bin/../lib/gcc/arm-none-eabi/7.3.1/thumb/v7-m/libgcc.a(_aeabi_uldivmod.o)
                0x0000000000209e90                __aeabi_uldivmod
 .text          0x0000000000209ec0      0x2d0 /usr/bin/../lib/gcc/arm-none-eabi/7.3.1/thumb/v7-m/libgcc.a(_udivmoddi4.o)
                0x0000000000209ec0                __udivmoddi4
 .text          0x000000000020a190        0x4 /usr/bin/../lib/gcc/arm-none-eabi/7.3.1/thumb/v7-m/libgcc.a(_dvmd_tls.o)
                0x000000000020a190                __aeabi_ldiv0
                0x000000000020a190                __aeabi_idiv0
 .text.__errno  0x000000000020a194        0xc /usr/bin/../lib/gcc/arm-none-eabi/7.3.1/../../../../arm-none-eabi/lib/thumb/v7-m/libc.a(lib_a-errno.o)
                0x000000000020a194                __errno
 .text.memcmp   0x000000000020a1a0       0x64 /usr/bin/../lib/gcc/arm-none-eabi/7.3.1/../../../../arm-none-eabi/lib/thumb/v7-m/libc.a(lib_a-memcmp.o)
                0x000000000020a1a0                memcmp
 .text          0x000000000020a204       0xec /usr/bin/../lib/gcc/arm-none-eabi/7.3.1/../../../../arm-none-eabi/lib/thumb/v7-m/libc.a(lib_a-memcpy.o)
                0x000000000020a204                memcpy
 .text.memmove  0x000000000020a2f0       0xc4 /usr/bin/../lib/gcc/arm-none-eabi/7.3.1/../../../../arm-none-eabi/lib/thumb/v7-m/libc.a(lib_a-memmove.o)
                0x000000000020a2f0                memmove
 .text.memset   0x000000000020a3b4       0x94 /usr/bin/../lib/gcc/arm-none-eabi/7.3.1/../../../../arm-none-eabi/lib/thumb/v7-m/libc.a(lib_a-memset.o)
                0x000000000020a3b4                memset
 .text.default_handler
                0x000000000020a448        0x2 build/zoul/remote-revb/obj/startup-gcc.o
                0x000000000020a448                default_handler
 .text.nmi_handler
                0x000000000020a44a        0x6 build/zoul/remote-revb/obj/startup-gcc.o
                0x000000000020a44a                nmi_handler
 .text.fade     0x000000000020a450       0x58 build/zoul/remote-revb/obj/platform.o
 .text.platform_init_stage_one
                0x000000000020a4a8       0x14 build/zoul/remote-revb/obj/platform.o
                0x000000000020a4a8                platform_init_stage_one
 .text.platform_idle
                0x000000000020a4bc        0x4 build/zoul/remote-revb/obj/platform.o
                0x000000000020a4bc                platform_idle
 .text.board_init
                0x000000000020a4c0        0x4 build/zoul/remote-revb/obj/board.o
                0x000000000020a4c0                board_init
 .text.soc_init
                0x000000000020a4c4       0x22 build/zoul/remote-revb/obj/soc.o
                0x000000000020a4c4                soc_init
 .text.clock_isr
                0x000000000020a4e6        0x4 build/zoul/remote-revb/obj/clock.o
                0x000000000020a4e6                clock_isr
 .text.rtimer_arch_init
                0x000000000020a4ea        0x2 build/zoul/remote-revb/obj/rtimer-arch.o
                0x000000000020a4ea                rtimer_arch_init
 .text.uart0_isr
                0x000000000020a4ec        0x6 build/zoul/remote-revb/obj/uart.o
                0x000000000020a4ec                uart0_isr
 .text.uart1_isr
                0x000000000020a4f2        0x6 build/zoul/remote-revb/obj/uart.o
                0x000000000020a4f2                uart1_isr
 .text.gpio_port_a_isr
                0x000000000020a4f8        0x6 build/zoul/remote-revb/obj/gpio.o
                0x000000000020a4f8                gpio_port_a_isr
 .text.gpio_port_b_isr
                0x000000000020a4fe        0x6 build/zoul/remote-revb/obj/gpio.o
                0x000000000020a4fe                gpio_port_b_isr
 .text.gpio_port_c_isr
                0x000000000020a504        0x6 build/zoul/remote-revb/obj/gpio.o
                0x000000000020a504                gpio_port_c_isr
 .text.gpio_port_d_isr
                0x000000000020a50a        0x6 build/zoul/remote-revb/obj/gpio.o
                0x000000000020a50a                gpio_port_d_isr
 .text.send     0x000000000020a510       0x12 build/zoul/remote-revb/obj/cc2538-rf.o
 .text.enter_pm0
                0x000000000020a522       0x18 build/zoul/remote-revb/obj/lpm.o
 .text.int_master_read_and_disable
                0x000000000020a53a        0x8 build/zoul/remote-revb/obj/int-master.o
                0x000000000020a53a                int_master_read_and_disable
 .text.int_master_status_set
                0x000000000020a542        0x6 build/zoul/remote-revb/obj/int-master.o
                0x000000000020a542                int_master_status_set
 .text.dbg_putchar
                0x000000000020a548       0x10 build/zoul/remote-revb/obj/dbg.o
                0x000000000020a548                dbg_putchar
 .text.dbg_send_bytes
                0x000000000020a558       0x20 build/zoul/remote-revb/obj/dbg.o
                0x000000000020a558                dbg_send_bytes
 .text.configure
                0x000000000020a578        0x4 build/zoul/remote-revb/obj/cc2538-temp-sensor.o
 .text.status   0x000000000020a57c        0x4 build/zoul/remote-revb/obj/cc2538-temp-sensor.o
 .text.value    0x000000000020a580       0x34 build/zoul/remote-revb/obj/cc2538-temp-sensor.o
 .text.configure
                0x000000000020a5b4        0x4 build/zoul/remote-revb/obj/vdd3-sensor.o
 .text.status   0x000000000020a5b8        0x4 build/zoul/remote-revb/obj/vdd3-sensor.o
 .text.value    0x000000000020a5bc       0x2a build/zoul/remote-revb/obj/vdd3-sensor.o
 .text.tree_callback_slot_rx
                0x000000000020a5e6       0x16 build/zoul/remote-revb/obj/TREE-scheduling.o
                0x000000000020a5e6                tree_callback_slot_rx
 .text.tree_callback_slot_tx
                0x000000000020a5fc       0x28 build/zoul/remote-revb/obj/TREE-scheduling.o
                0x000000000020a5fc                tree_callback_slot_tx
 .text.tree_callback_packet_ready
                0x000000000020a624       0x52 build/zoul/remote-revb/obj/TREE-scheduling.o
                0x000000000020a624                tree_callback_packet_ready
 .text.update_psi
                0x000000000020a676        0x6 build/zoul/remote-revb/obj/TREE-infq.o
                0x000000000020a676                update_psi
 .text.check_psi
                0x000000000020a67c        0xa build/zoul/remote-revb/obj/TREE-infq.o
                0x000000000020a67c                check_psi
 .text.check_phi
                0x000000000020a686        0xe build/zoul/remote-revb/obj/TREE-infq.o
                0x000000000020a686                check_phi
 .text.autostart_start
                0x000000000020a694       0x14 build/zoul/remote-revb/obj/autostart.o
                0x000000000020a694                autostart_start
 .text.etimer_set
                0x000000000020a6a8       0x12 build/zoul/remote-revb/obj/etimer.o
                0x000000000020a6a8                etimer_set
 .text.etimer_reset
                0x000000000020a6ba       0x12 build/zoul/remote-revb/obj/etimer.o
                0x000000000020a6ba                etimer_reset
 .text.etimer_restart
                0x000000000020a6cc       0x12 build/zoul/remote-revb/obj/etimer.o
                0x000000000020a6cc                etimer_restart
 .text.etimer_expired
                0x000000000020a6de        0xa build/zoul/remote-revb/obj/etimer.o
                0x000000000020a6de                etimer_expired
 .text.rtimer_init
                0x000000000020a6e8        0x4 build/zoul/remote-revb/obj/rtimer.o
                0x000000000020a6e8                rtimer_init
 .text.call_process
                0x000000000020a6ec        0xc build/zoul/remote-revb/obj/process.o
 .text.timer_set
                0x000000000020a6f8        0xe build/zoul/remote-revb/obj/timer.o
                0x000000000020a6f8                timer_set
 .text.timer_restart
                0x000000000020a706        0xc build/zoul/remote-revb/obj/timer.o
                0x000000000020a706                timer_restart
 .text.timer_expired
                0x000000000020a712       0x1c build/zoul/remote-revb/obj/timer.o
                0x000000000020a712                timer_expired
 .text.timer_reset
                0x000000000020a72e       0x14 build/zoul/remote-revb/obj/timer.o
                0x000000000020a72e                timer_reset
 .text.button_hal_get_state
                0x000000000020a742       0x28 build/zoul/remote-revb/obj/button-hal.o
                0x000000000020a742                button_hal_get_state
 .text.ringbufindex_init
                0x000000000020a76a        0xc build/zoul/remote-revb/obj/ringbufindex.o
                0x000000000020a76a                ringbufindex_init
 .text.ringbufindex_put
                0x000000000020a776       0x1c build/zoul/remote-revb/obj/ringbufindex.o
                0x000000000020a776                ringbufindex_put
 .text.ringbufindex_peek_put
                0x000000000020a792       0x16 build/zoul/remote-revb/obj/ringbufindex.o
                0x000000000020a792                ringbufindex_peek_put
 .text.ringbufindex_get
                0x000000000020a7a8       0x1c build/zoul/remote-revb/obj/ringbufindex.o
                0x000000000020a7a8                ringbufindex_get
 .text.ringbufindex_peek_get
                0x000000000020a7c4       0x14 build/zoul/remote-revb/obj/ringbufindex.o
                0x000000000020a7c4                ringbufindex_peek_get
 .text.ringbufindex_elements
                0x000000000020a7d8        0xc build/zoul/remote-revb/obj/ringbufindex.o
                0x000000000020a7d8                ringbufindex_elements
 .text.ringbufindex_empty
                0x000000000020a7e4        0xe build/zoul/remote-revb/obj/ringbufindex.o
                0x000000000020a7e4                ringbufindex_empty
 .text.list_init
                0x000000000020a7f2        0x6 build/zoul/remote-revb/obj/list.o
                0x000000000020a7f2                list_init
 .text.list_head
                0x000000000020a7f8        0x4 build/zoul/remote-revb/obj/list.o
                0x000000000020a7f8                list_head
 .text.list_tail
                0x000000000020a7fc       0x10 build/zoul/remote-revb/obj/list.o
                0x000000000020a7fc                list_tail
 .text.list_remove
                0x000000000020a80c       0x26 build/zoul/remote-revb/obj/list.o
                0x000000000020a80c                list_remove
 .text.list_add
                0x000000000020a832       0x1a build/zoul/remote-revb/obj/list.o
                0x000000000020a832                list_add
 .text.list_item_next
                0x000000000020a84c        0x6 build/zoul/remote-revb/obj/list.o
                0x000000000020a84c                list_item_next
 .text.memb_init
                0x000000000020a852       0x20 build/zoul/remote-revb/obj/memb.o
                0x000000000020a852                memb_init
 .text.memb_alloc
                0x000000000020a872       0x28 build/zoul/remote-revb/obj/memb.o
                0x000000000020a872                memb_alloc
 .text.memb_free
                0x000000000020a89a       0x2c build/zoul/remote-revb/obj/memb.o
                0x000000000020a89a                memb_free
 .text.memb_inmemb
                0x000000000020a8c6       0x1c build/zoul/remote-revb/obj/memb.o
                0x000000000020a8c6                memb_inmemb
 .text.ringbuf_init
                0x000000000020a8e2        0xe build/zoul/remote-revb/obj/ringbuf.o
                0x000000000020a8e2                ringbuf_init
 .text.ringbuf_put
                0x000000000020a8f0       0x26 build/zoul/remote-revb/obj/ringbuf.o
                0x000000000020a8f0                ringbuf_put
 .text.ringbuf_get
                0x000000000020a916       0x20 build/zoul/remote-revb/obj/ringbuf.o
                0x000000000020a916                ringbuf_get
 .text.queuebuf_datalen
                0x000000000020a936        0x8 build/zoul/remote-revb/obj/queuebuf.o
                0x000000000020a936                queuebuf_datalen
 .text.queuebuf_addr
                0x000000000020a93e        0xa build/zoul/remote-revb/obj/queuebuf.o
                0x000000000020a93e                queuebuf_addr
 .text.queuebuf_attr
                0x000000000020a948        0xc build/zoul/remote-revb/obj/queuebuf.o
                0x000000000020a948                queuebuf_attr
 .text.item_from_index
                0x000000000020a954       0x14 build/zoul/remote-revb/obj/nbr-table.o
 .text.index_from_item
                0x000000000020a968       0x16 build/zoul/remote-revb/obj/nbr-table.o
 .text.nbr_set_bit
                0x000000000020a97e       0x3a build/zoul/remote-revb/obj/nbr-table.o
 .text.nbr_table_get_from_lladdr
                0x000000000020a9b8       0x26 build/zoul/remote-revb/obj/nbr-table.o
                0x000000000020a9b8                nbr_table_get_from_lladdr
 .text.packetbuf_remaininglen
                0x000000000020a9de        0xe build/zoul/remote-revb/obj/packetbuf.o
                0x000000000020a9de                packetbuf_remaininglen
 .text.linkaddr_copy
                0x000000000020a9ec        0x6 build/zoul/remote-revb/obj/linkaddr.o
                0x000000000020a9ec                linkaddr_copy
 .text.linkaddr_cmp
                0x000000000020a9f2       0x10 build/zoul/remote-revb/obj/linkaddr.o
                0x000000000020a9f2                linkaddr_cmp
 .text.link_stats_is_fresh
                0x000000000020aa02       0x24 build/zoul/remote-revb/obj/link-stats.o
                0x000000000020aa02                link_stats_is_fresh
 .text.guess_etx_from_rssi
                0x000000000020aa26       0x42 build/zoul/remote-revb/obj/link-stats.o
                0x000000000020aa26                guess_etx_from_rssi
 .text.mac_call_sent_callback
                0x000000000020aa68       0x18 build/zoul/remote-revb/obj/mac.o
                0x000000000020aa68                mac_call_sent_callback
 .text.frame80215e_create_ie_header_ack_nack_time_correction
                0x000000000020aa80       0x2c build/zoul/remote-revb/obj/frame802154e-ie.o
                0x000000000020aa80                frame80215e_create_ie_header_ack_nack_time_correction
 .text.frame80215e_create_ie_header_list_termination_1
                0x000000000020aaac       0x18 build/zoul/remote-revb/obj/frame802154e-ie.o
                0x000000000020aaac                frame80215e_create_ie_header_list_termination_1
 .text.frame80215e_create_ie_mlme
                0x000000000020aac4       0x20 build/zoul/remote-revb/obj/frame802154e-ie.o
                0x000000000020aac4                frame80215e_create_ie_mlme
 .text.frame80215e_create_ie_tsch_synchronization
                0x000000000020aae4       0x32 build/zoul/remote-revb/obj/frame802154e-ie.o
                0x000000000020aae4                frame80215e_create_ie_tsch_synchronization
 .text.frame80215e_create_ie_tsch_slotframe_and_link
                0x000000000020ab16       0x96 build/zoul/remote-revb/obj/frame802154e-ie.o
                0x000000000020ab16                frame80215e_create_ie_tsch_slotframe_and_link
 .text.frame80215e_create_ie_tsch_timeslot
                0x000000000020abac       0x44 build/zoul/remote-revb/obj/frame802154e-ie.o
                0x000000000020abac                frame80215e_create_ie_tsch_timeslot
 .text.frame80215e_create_ie_tsch_channel_hopping_sequence
                0x000000000020abf0       0x72 build/zoul/remote-revb/obj/frame802154e-ie.o
                0x000000000020abf0                frame80215e_create_ie_tsch_channel_hopping_sequence
 .text.parse    0x000000000020ac62       0x94 build/zoul/remote-revb/obj/framer-802154.o
 .text.framer_802154_setup_params.part.0
                0x000000000020acf6       0x7e build/zoul/remote-revb/obj/framer-802154.o
 .text.create   0x000000000020ad74        0x6 build/zoul/remote-revb/obj/framer-802154.o
 .text.hdr_length
                0x000000000020ad7a        0x6 build/zoul/remote-revb/obj/framer-802154.o
 .text.framer_802154_setup_params
                0x000000000020ad80        0xa build/zoul/remote-revb/obj/framer-802154.o
                0x000000000020ad80                framer_802154_setup_params
 .text.frame802154_has_panid
                0x000000000020ad8a       0xbc build/zoul/remote-revb/obj/frame802154.o
                0x000000000020ad8a                frame802154_has_panid
 .text.field_len
                0x000000000020ae46       0x84 build/zoul/remote-revb/obj/frame802154.o
 .text.frame802154_is_broadcast_addr
                0x000000000020aeca       0x1e build/zoul/remote-revb/obj/frame802154.o
                0x000000000020aeca                frame802154_is_broadcast_addr
 .text.frame802154_hdrlen
                0x000000000020aee8       0x32 build/zoul/remote-revb/obj/frame802154.o
                0x000000000020aee8                frame802154_hdrlen
 .text.frame802154_create_fcf
                0x000000000020af1a       0x5e build/zoul/remote-revb/obj/frame802154.o
                0x000000000020af1a                frame802154_create_fcf
 .text.frame802154_create
                0x000000000020af78       0x8e build/zoul/remote-revb/obj/frame802154.o
                0x000000000020af78                frame802154_create
 .text.frame802154_parse_fcf
                0x000000000020b006       0x66 build/zoul/remote-revb/obj/frame802154.o
                0x000000000020b006                frame802154_parse_fcf
 .text.write_str
                0x000000000020b06c       0x10 build/zoul/remote-revb/obj/printf.o
 .text.putchar  0x000000000020b07c        0xc build/zoul/remote-revb/obj/putchar.o
                0x000000000020b07c                putchar
 .text.tsch_queue_packet_count
                0x000000000020b088       0x22 build/zoul/remote-revb/obj/tsch-queue.o
                0x000000000020b088                tsch_queue_packet_count
 .text.tsch_queue_remove_packet_from_queue
                0x000000000020b0aa       0x28 build/zoul/remote-revb/obj/tsch-queue.o
                0x000000000020b0aa                tsch_queue_remove_packet_from_queue
 .text.tsch_queue_is_empty
                0x000000000020b0d2       0x20 build/zoul/remote-revb/obj/tsch-queue.o
                0x000000000020b0d2                tsch_queue_is_empty
 .text.tsch_queue_flush_nbr_queue
                0x000000000020b0f2       0x32 build/zoul/remote-revb/obj/tsch-queue.o
 .text.tsch_queue_get_packet_for_nbr
                0x000000000020b124       0x6a build/zoul/remote-revb/obj/tsch-queue.o
                0x000000000020b124                tsch_queue_get_packet_for_nbr
 .text.tsch_queue_backoff_inc
                0x000000000020b18e       0x26 build/zoul/remote-revb/obj/tsch-queue.o
                0x000000000020b18e                tsch_queue_backoff_inc
 .text.tsch_queue_packet_sent
                0x000000000020b1b4       0x50 build/zoul/remote-revb/obj/tsch-queue.o
                0x000000000020b1b4                tsch_queue_packet_sent
 .text.tsch_schedule_get_link_by_timeslot
                0x000000000020b204       0x2a build/zoul/remote-revb/obj/tsch-schedule.o
                0x000000000020b204                tsch_schedule_get_link_by_timeslot
 .text.tsch_schedule_remove_link_by_timeslot
                0x000000000020b22e       0x1a build/zoul/remote-revb/obj/tsch-schedule.o
                0x000000000020b22e                tsch_schedule_remove_link_by_timeslot
 .text.tsch_packet_parse_eb
                0x000000000020b248       0x72 build/zoul/remote-revb/obj/tsch-packet.o
                0x000000000020b248                tsch_packet_parse_eb
 .text.tsch_packet_get_frame_pending
                0x000000000020b2ba        0x8 build/zoul/remote-revb/obj/tsch-packet.o
                0x000000000020b2ba                tsch_packet_get_frame_pending
 .text.init     0x000000000020b2c2        0x2 build/zoul/remote-revb/obj/nullnet.o
 .text.init     0x000000000020b2c4        0x2 build/zoul/remote-revb/obj/nullrouting.o
 .text.root_set_prefix
                0x000000000020b2c6        0x2 build/zoul/remote-revb/obj/nullrouting.o
 .text.root_start
                0x000000000020b2c8        0x4 build/zoul/remote-revb/obj/nullrouting.o
 .text.get_root_ipaddr
                0x000000000020b2cc        0x4 build/zoul/remote-revb/obj/nullrouting.o
 .text.get_sr_node_ipaddr
                0x000000000020b2d0        0x4 build/zoul/remote-revb/obj/nullrouting.o
 .text.node_has_joined
                0x000000000020b2d4        0x4 build/zoul/remote-revb/obj/nullrouting.o
 .text.global_repair
                0x000000000020b2d8        0x2 build/zoul/remote-revb/obj/nullrouting.o
 .text.ext_header_remove
                0x000000000020b2da        0x4 build/zoul/remote-revb/obj/nullrouting.o
 .text.ext_header_hbh_update
                0x000000000020b2de        0x4 build/zoul/remote-revb/obj/nullrouting.o
 .text.link_callback
                0x000000000020b2e2        0x2 build/zoul/remote-revb/obj/nullrouting.o
 .text.local_repair
                0x000000000020b2e4        0x2 build/zoul/remote-revb/obj/nullrouting.o
 .text.ext_header_srh_get_next_hop
                0x000000000020b2e6        0x4 build/zoul/remote-revb/obj/nullrouting.o
 .text.neighbor_state_changed
                0x000000000020b2ea        0x2 build/zoul/remote-revb/obj/nullrouting.o
 .text.drop_route
                0x000000000020b2ec        0x2 build/zoul/remote-revb/obj/nullrouting.o
 .text.node_is_root
                0x000000000020b2ee        0x4 build/zoul/remote-revb/obj/nullrouting.o
 .text.node_is_reachable
                0x000000000020b2f2        0x4 build/zoul/remote-revb/obj/nullrouting.o
 .text.ext_header_update
                0x000000000020b2f6        0x4 build/zoul/remote-revb/obj/nullrouting.o
 .text.ext_header_srh_update
                0x000000000020b2fa        0x4 build/zoul/remote-revb/obj/nullrouting.o
 .text.leave_network
                0x000000000020b2fe        0x2 build/zoul/remote-revb/obj/nullrouting.o
 .text.output   0x000000000020b300        0x2 pannodes_l.o
 .text.neural_output
                0x000000000020b302        0x2 pannodes_l.o
 .text.ringbuffer_put
                0x000000000020b304       0x1a pannodes_l.o
                0x000000000020b304                ringbuffer_put
 *(SORT_BY_ALIGNMENT(.rodata*))
 *fill*         0x000000000020b31e        0x2 00000000
 .rodata.uart_regs
                0x000000000020b320       0x58 build/zoul/remote-revb/obj/uart.o
 .rodata.cc2538_rf_driver
                0x000000000020b378       0x38 build/zoul/remote-revb/obj/cc2538-rf.o
                0x000000000020b378                cc2538_rf_driver
 .rodata.output_power
                0x000000000020b3b0       0x70 build/zoul/remote-revb/obj/cc2538-rf.o
 .rodata.cc2538_temp_sensor
                0x000000000020b420       0x10 build/zoul/remote-revb/obj/cc2538-temp-sensor.o
                0x000000000020b420                cc2538_temp_sensor
 .rodata.vdd3_sensor
                0x000000000020b430       0x10 build/zoul/remote-revb/obj/vdd3-sensor.o
                0x000000000020b430                vdd3_sensor
 .rodata.framer_802154
                0x000000000020b440        0xc build/zoul/remote-revb/obj/framer-802154.o
                0x000000000020b440                framer_802154
 .rodata.tschmac_driver
                0x000000000020b44c       0x1c build/zoul/remote-revb/obj/tsch.o
                0x000000000020b44c                tschmac_driver
 .rodata.neuralnet_driver
                0x000000000020b468       0x10 build/zoul/remote-revb/obj/nullnet.o
                0x000000000020b468                neuralnet_driver
 .rodata.nullrouting_driver
                0x000000000020b478       0x50 build/zoul/remote-revb/obj/nullrouting.o
                0x000000000020b478                nullrouting_driver
 .rodata.autostart_processes
                0x000000000020b4c8        0x8 pannodes_l.o
                0x000000000020b4c8                autostart_processes
 .rodata.expf.str1.4
                0x000000000020b4d0        0x8 /usr/bin/../lib/gcc/arm-none-eabi/7.3.1/../../../../arm-none-eabi/lib/thumb/v7-m/libm.a(lib_a-wf_exp.o)
                                          0x5 (size before relaxing)
 .rodata.halF   0x000000000020b4d8        0x8 /usr/bin/../lib/gcc/arm-none-eabi/7.3.1/../../../../arm-none-eabi/lib/thumb/v7-m/libm.a(lib_a-ef_exp.o)
 .rodata.ln2HI  0x000000000020b4e0        0x8 /usr/bin/../lib/gcc/arm-none-eabi/7.3.1/../../../../arm-none-eabi/lib/thumb/v7-m/libm.a(lib_a-ef_exp.o)
 .rodata.ln2LO  0x000000000020b4e8        0x8 /usr/bin/../lib/gcc/arm-none-eabi/7.3.1/../../../../arm-none-eabi/lib/thumb/v7-m/libm.a(lib_a-ef_exp.o)
 .rodata.linkaddr_null
                0x000000000020b4f0        0x8 build/zoul/remote-revb/obj/linkaddr.o
                0x000000000020b4f0                linkaddr_null
 .rodata.tsch_broadcast_address
                0x000000000020b4f8        0x8 build/zoul/remote-revb/obj/tsch.o
                0x000000000020b4f8                tsch_broadcast_address
 .rodata.tsch_eb_address
                0x000000000020b500        0x8 build/zoul/remote-revb/obj/tsch.o
                0x000000000020b500                tsch_eb_address
 .rodata.tsch_timeslot_timing_us_10000
                0x000000000020b508       0x18 build/zoul/remote-revb/obj/tsch-timeslot-timing.o
                0x000000000020b508                tsch_timeslot_timing_us_10000
 .rodata.mtd    0x000000000020b520        0x8 pannodes_l.o
                0x000000000020b520                mtd
 .rodata.platform_init_stage_three.str1.1
                0x000000000020b528       0x3e build/zoul/remote-revb/obj/platform.o
                                         0x42 (size before relaxing)
 .rodata.leds_arch_leds
                0x000000000020b566        0x6 build/zoul/remote-revb/obj/leds-arch.o
                0x000000000020b566                leds_arch_leds
 .rodata.str1.1
                0x000000000020b56c        0xc build/zoul/remote-revb/obj/board-buttons.o
 .rodata.str1.1
                0x000000000020b578       0x14 build/zoul/remote-revb/obj/cc2538-temp-sensor.o
 .rodata.str1.1
                0x000000000020b58c        0x5 build/zoul/remote-revb/obj/vdd3-sensor.o
 .rodata.main.str1.1
                0x000000000020b591       0xb0 build/zoul/remote-revb/obj/contiki-main.o
                                         0xc6 (size before relaxing)
 .rodata.log_lladdr.str1.1
                0x000000000020b641       0x16 build/zoul/remote-revb/obj/log.o
 .rodata.process_thread_stack_check_process.str1.1
                0x000000000020b657       0x4f build/zoul/remote-revb/obj/stack-check.o
                                         0x5e (size before relaxing)
 .rodata.buffer.5371
                0x000000000020b6a6       0x10 build/zoul/remote-revb/obj/strformat.o
 .rodata.buffer.5380
                0x000000000020b6b6       0x10 build/zoul/remote-revb/obj/strformat.o
 .rodata.format_str_v.str1.1
                0x000000000020b6c6       0x35 build/zoul/remote-revb/obj/strformat.o
                                         0x37 (size before relaxing)
 .rodata        0x000000000020b6fb        0x4 build/zoul/remote-revb/obj/tsch.o
 .rodata.str1.1
                0x000000000020b6ff        0x5 build/zoul/remote-revb/obj/tsch.o
 .rodata.tsch_schedule_print.str1.1
                0x000000000020b704       0xb9 build/zoul/remote-revb/obj/tsch-schedule.o
                                         0xc8 (size before relaxing)
 .rodata.str1.1
                0x000000000020b7bd        0xa build/zoul/remote-revb/obj/nullnet.o
 .rodata.str1.1
                0x000000000020b7c7        0xc build/zoul/remote-revb/obj/nullrouting.o
 .rodata.fprop.str1.1
                0x000000000020b7d3        0xd pannodes_l.o
                                          0xf (size before relaxing)
 .rodata.process_thread_nw_form_process.str1.1
                0x000000000020b7e0       0x4f pannodes_l.o
 .rodata.process_thread_prediction_process.str1.1
                0x000000000020b82f       0x12 pannodes_l.o
                0x000000000020b841                _etext = .

.glue_7         0x000000000020b844        0x0
 .glue_7        0x000000000020b844        0x0 linker stubs

.glue_7t        0x000000000020b844        0x0
 .glue_7t       0x000000000020b844        0x0 linker stubs

.vfp11_veneer   0x000000000020b844        0x0
 .vfp11_veneer  0x000000000020b844        0x0 linker stubs

.v4_bx          0x000000000020b844        0x0
 .v4_bx         0x000000000020b844        0x0 linker stubs

.iplt           0x000000000020b844        0x0
 .iplt          0x000000000020b844        0x0 build/zoul/remote-revb/obj/startup-gcc.o

.socdata        0x0000000020004000       0x40
 *(SORT_BY_ALIGNMENT(.udma_channel_control_table))
 .udma_channel_control_table
                0x0000000020004000       0x40 build/zoul/remote-revb/obj/udma.o

.data           0x0000000020004040      0x8ae load address 0x000000000020b844
                0x0000000020004040                _data = .
 *(SORT_BY_ALIGNMENT(.data*))
 .data.impure_data
                0x0000000020004040      0x428 /usr/bin/../lib/gcc/arm-none-eabi/7.3.1/../../../../arm-none-eabi/lib/thumb/v7-m/libc.a(lib_a-impure.o)
 .data.button_hal_buttons
                0x0000000020004468        0x8 build/zoul/remote-revb/obj/board-buttons.o
                0x0000000020004468                button_hal_buttons
 .data.button_user
                0x0000000020004470       0x50 build/zoul/remote-revb/obj/board-buttons.o
 .data.sensors  0x00000000200044c0        0xc build/zoul/remote-revb/obj/zoul-sensors.o
                0x00000000200044c0                sensors
 .data.cc2538_rf_process
                0x00000000200044cc        0xc build/zoul/remote-revb/obj/cc2538-rf.o
                0x00000000200044cc                cc2538_rf_process
 .data.control_packet_seqno
                0x00000000200044d8        0x4 build/zoul/remote-revb/obj/TREE-scheduling.o
 .data.tree_scheduling_process
                0x00000000200044dc        0xc build/zoul/remote-revb/obj/TREE-scheduling.o
                0x00000000200044dc                tree_scheduling_process
 .data.etimer_process
                0x00000000200044e8        0xc build/zoul/remote-revb/obj/etimer.o
                0x00000000200044e8                etimer_process
 .data.curr_log_level_main
                0x00000000200044f4        0x4 build/zoul/remote-revb/obj/log.o
                0x00000000200044f4                curr_log_level_main
 .data.ctimer_process
                0x00000000200044f8        0xc build/zoul/remote-revb/obj/ctimer.o
                0x00000000200044f8                ctimer_process
 .data.stack_check_process
                0x0000000020004504        0xc build/zoul/remote-revb/obj/stack-check.o
                0x0000000020004504                stack_check_process
 .data.button_hal_process
                0x0000000020004510        0xc build/zoul/remote-revb/obj/button-hal.o
                0x0000000020004510                button_hal_process
 .data.serial_line_process
                0x000000002000451c        0xc build/zoul/remote-revb/obj/serial-line.o
                0x000000002000451c                serial_line_process
 .data.sensors_process
                0x0000000020004528        0xc build/zoul/remote-revb/obj/sensors.o
                0x0000000020004528                sensors_process
 .data.bufmem   0x0000000020004534        0xc build/zoul/remote-revb/obj/queuebuf.o
 .data.buframmem
                0x0000000020004540        0xc build/zoul/remote-revb/obj/queuebuf.o
 .data.neighbor_addr_mem
                0x000000002000454c        0xc build/zoul/remote-revb/obj/nbr-table.o
 .data.link_stats_struct
                0x0000000020004558       0x10 build/zoul/remote-revb/obj/link-stats.o
 .data.ctxt     0x0000000020004568        0x8 build/zoul/remote-revb/obj/printf.o
 .data.tsch_pending_events_process
                0x0000000020004570        0xc build/zoul/remote-revb/obj/tsch.o
                0x0000000020004570                tsch_pending_events_process
 .data.tsch_process
                0x000000002000457c        0xc build/zoul/remote-revb/obj/tsch.o
                0x000000002000457c                tsch_process
 .data.tsch_send_eb_process
                0x0000000020004588        0xc build/zoul/remote-revb/obj/tsch.o
                0x0000000020004588                tsch_send_eb_process
 .data.neighbor_memb
                0x0000000020004594        0xc build/zoul/remote-revb/obj/tsch-queue.o
 .data.packet_memb
                0x00000000200045a0        0xc build/zoul/remote-revb/obj/tsch-queue.o
 .data.link_memb
                0x00000000200045ac        0xc build/zoul/remote-revb/obj/tsch-schedule.o
 .data.slotframe_memb
                0x00000000200045b8        0xc build/zoul/remote-revb/obj/tsch-schedule.o
 .data.packet_ready.6566
                0x00000000200045c4        0x4 build/zoul/remote-revb/obj/tsch-slot-operation.o
 .data.e1       0x00000000200045c8        0xc pannodes_l.o
 .data.neighbors_memb
                0x00000000200045d4        0xc pannodes_l.o
 .data.neural   0x00000000200045e0        0xc pannodes_l.o
 .data.nw_form_process
                0x00000000200045ec        0xc pannodes_l.o
                0x00000000200045ec                nw_form_process
 .data.prediction_process
                0x00000000200045f8        0xc pannodes_l.o
                0x00000000200045f8                prediction_process
 .data.t.7037   0x0000000020004604      0x2dc pannodes_l.o
 .data._impure_ptr
                0x00000000200048e0        0x4 /usr/bin/../lib/gcc/arm-none-eabi/7.3.1/../../../../arm-none-eabi/lib/thumb/v7-m/libc.a(lib_a-impure.o)
                0x00000000200048e0                _impure_ptr
 .data.mac_pan_id
                0x00000000200048e4        0x2 build/zoul/remote-revb/obj/frame802154.o
 .data.rf_channel
                0x00000000200048e6        0x1 build/zoul/remote-revb/obj/cc2538-rf.o
 .data.send_on_cca
                0x00000000200048e7        0x1 build/zoul/remote-revb/obj/cc2538-rf.o
 .data.action_state
                0x00000000200048e8        0x1 build/zoul/remote-revb/obj/TREE-scheduling.o
                0x00000000200048e8                action_state
 .data.node     0x00000000200048e9        0x4 pannodes_l.o
 .data.__fdlib_version
                0x00000000200048ed        0x1 /usr/bin/../lib/gcc/arm-none-eabi/7.3.1/../../../../arm-none-eabi/lib/thumb/v7-m/libm.a(lib_a-s_lib_ver.o)
                0x00000000200048ed                __fdlib_version
                0x00000000200048ee                _edata = .
                0x000000000020b844                _ldata = LOADADDR (.data)

.igot.plt       0x00000000200048f0        0x0 load address 0x000000000020c0f2
 .igot.plt      0x00000000200048f0        0x0 build/zoul/remote-revb/obj/startup-gcc.o

.ARM.exidx      0x000000000020c0f4        0x8
 *(SORT_BY_ALIGNMENT(.ARM.exidx*))
 .ARM.exidx     0x000000000020c0f4        0x8 /usr/bin/../lib/gcc/arm-none-eabi/7.3.1/thumb/v7-m/libgcc.a(_udivmoddi4.o)

.bss            0x00000000200048f0     0x1c08
                0x00000000200048f0                _bss = .
 *(SORT_BY_ALIGNMENT(.bss*))
 .bss.rt_ticks_epoch
                0x00000000200048f0        0x8 build/zoul/remote-revb/obj/clock.o
 .bss.rt_ticks_startup
                0x00000000200048f8        0x8 build/zoul/remote-revb/obj/clock.o
 .bss.next_trigger
                0x0000000020004900        0x4 build/zoul/remote-revb/obj/rtimer-arch.o
 .bss.input_handler
                0x0000000020004904        0x8 build/zoul/remote-revb/obj/uart.o
 .bss.ioc_over  0x000000002000490c        0x4 build/zoul/remote-revb/obj/ioc.o
 .bss.ioc_sel   0x0000000020004910        0x4 build/zoul/remote-revb/obj/ioc.o
 .bss.notification_process
                0x0000000020004914        0x4 build/zoul/remote-revb/obj/crypto.o
 .bss.prev_FRMCTRL0
                0x0000000020004918        0x4 build/zoul/remote-revb/obj/cc2538-rf.o
 .bss.prev_MDMTEST1
                0x000000002000491c        0x4 build/zoul/remote-revb/obj/cc2538-rf.o
 .bss.periph_permit_pm1_funcs
                0x0000000020004920       0x14 build/zoul/remote-revb/obj/lpm.o
 .bss.notification_process
                0x0000000020004934        0x4 build/zoul/remote-revb/obj/pka.o
 .bss.counter.6989
                0x0000000020004938        0x4 build/zoul/remote-revb/obj/TREE-scheduling.o
 .bss.et.6988   0x000000002000493c       0x10 build/zoul/remote-revb/obj/TREE-scheduling.o
 .bss.slotframe_bc
                0x000000002000494c        0x4 build/zoul/remote-revb/obj/TREE-scheduling.o
 .bss.slotframe_data
                0x0000000020004950        0x4 build/zoul/remote-revb/obj/TREE-scheduling.o
 .bss.slotframe_eb
                0x0000000020004954        0x4 build/zoul/remote-revb/obj/TREE-scheduling.o
 .bss.waitack_counter
                0x0000000020004958        0x4 build/zoul/remote-revb/obj/TREE-scheduling.o
 .bss.next_expiration
                0x000000002000495c        0x4 build/zoul/remote-revb/obj/etimer.o
 .bss.timerlist
                0x0000000020004960        0x4 build/zoul/remote-revb/obj/etimer.o
 .bss.curr_log_level_mac
                0x0000000020004964        0x4 build/zoul/remote-revb/obj/log.o
                0x0000000020004964                curr_log_level_mac
 .bss.ctimer_list_list
                0x0000000020004968        0x4 build/zoul/remote-revb/obj/ctimer.o
 .bss.next_rtimer
                0x000000002000496c        0x4 build/zoul/remote-revb/obj/rtimer.o
 .bss.events    0x0000000020004970      0x180 build/zoul/remote-revb/obj/process.o
 .bss.process_current
                0x0000000020004af0        0x4 build/zoul/remote-revb/obj/process.o
                0x0000000020004af0                process_current
 .bss.process_list
                0x0000000020004af4        0x4 build/zoul/remote-revb/obj/process.o
                0x0000000020004af4                process_list
 .bss.et.5377   0x0000000020004af8       0x10 build/zoul/remote-revb/obj/stack-check.o
 .bss.button_event_handler
                0x0000000020004b08        0xc build/zoul/remote-revb/obj/button-hal.o
 .bss.pmask     0x0000000020004b14        0x4 build/zoul/remote-revb/obj/button-hal.o
 .bss.ptr.5339  0x0000000020004b18        0x4 build/zoul/remote-revb/obj/serial-line.o
 .bss.rxbuf     0x0000000020004b1c        0x8 build/zoul/remote-revb/obj/serial-line.o
 .bss.handlers_list
                0x0000000020004b24        0x4 build/zoul/remote-revb/obj/gpio-hal.o
 .bss.events.5355
                0x0000000020004b28        0x4 build/zoul/remote-revb/obj/sensors.o
 .bss.i.5354    0x0000000020004b2c        0x4 build/zoul/remote-revb/obj/sensors.o
 .bss.bufmem_memb_mem
                0x0000000020004b30       0x20 build/zoul/remote-revb/obj/queuebuf.o
 .bss.all_tables
                0x0000000020004b50       0x20 build/zoul/remote-revb/obj/nbr-table.o
 .bss.nbr_table_keys_list
                0x0000000020004b70        0x4 build/zoul/remote-revb/obj/nbr-table.o
 .bss.neighbor_addr_mem_memb_mem
                0x0000000020004b74       0x30 build/zoul/remote-revb/obj/nbr-table.o
 .bss.packetbuf_aligned
                0x0000000020004ba4       0x80 build/zoul/remote-revb/obj/packetbuf.o
 .bss._link_stats_mem
                0x0000000020004c24       0x30 build/zoul/remote-revb/obj/link-stats.o
 .bss.received_seqnos
                0x0000000020004c54      0x100 build/zoul/remote-revb/obj/mac-sequence.o
 .bss.current_channel_since.6959
                0x0000000020004d54        0x4 build/zoul/remote-revb/obj/tsch.o
 .bss.eb_timer.6996
                0x0000000020004d58       0x10 build/zoul/remote-revb/obj/tsch.o
 .bss.input_eb.6957
                0x0000000020004d68       0x90 build/zoul/remote-revb/obj/tsch.o
 .bss.keepalive_timer
                0x0000000020004df8       0x20 build/zoul/remote-revb/obj/tsch.o
 .bss.scan_timer.6958
                0x0000000020004e18       0x10 build/zoul/remote-revb/obj/tsch.o
 .bss.tsch_association_count
                0x0000000020004e28        0x4 build/zoul/remote-revb/obj/tsch.o
                0x0000000020004e28                tsch_association_count
 .bss.tsch_current_eb_period
                0x0000000020004e2c        0x4 build/zoul/remote-revb/obj/tsch.o
 .bss.tsch_current_ka_timeout
                0x0000000020004e30        0x4 build/zoul/remote-revb/obj/tsch.o
 .bss.tsch_default_timing_us
                0x0000000020004e34        0x4 build/zoul/remote-revb/obj/tsch.o
 .bss.tsch_is_associated
                0x0000000020004e38        0x4 build/zoul/remote-revb/obj/tsch.o
                0x0000000020004e38                tsch_is_associated
 .bss.tsch_is_coordinator
                0x0000000020004e3c        0x4 build/zoul/remote-revb/obj/tsch.o
                0x0000000020004e3c                tsch_is_coordinator
 .bss.tsch_is_initialized
                0x0000000020004e40        0x4 build/zoul/remote-revb/obj/tsch.o
                0x0000000020004e40                tsch_is_initialized
 .bss.tsch_is_pan_secured
                0x0000000020004e44        0x4 build/zoul/remote-revb/obj/tsch.o
                0x0000000020004e44                tsch_is_pan_secured
 .bss.tsch_is_started
                0x0000000020004e48        0x4 build/zoul/remote-revb/obj/tsch.o
                0x0000000020004e48                tsch_is_started
 .bss.neighbor_list_list
                0x0000000020004e4c        0x4 build/zoul/remote-revb/obj/tsch-queue.o
 .bss.neighbor_memb_memb_mem
                0x0000000020004e50      0x168 build/zoul/remote-revb/obj/tsch-queue.o
 .bss.packet_memb_memb_mem
                0x0000000020004fb8       0xa0 build/zoul/remote-revb/obj/tsch-queue.o
 .bss.current_link_handle.6585
                0x0000000020005058        0x4 build/zoul/remote-revb/obj/tsch-schedule.o
 .bss.link_memb_memb_mem
                0x000000002000505c      0x640 build/zoul/remote-revb/obj/tsch-schedule.o
 .bss.slotframe_list_list
                0x000000002000569c        0x4 build/zoul/remote-revb/obj/tsch-schedule.o
 .bss.slotframe_memb_memb_mem
                0x00000000200056a0       0x50 build/zoul/remote-revb/obj/tsch-schedule.o