Archive member included to satisfy reference by file (symbol)

/usr/bin/../lib/gcc/arm-none-eabi/7.3.1/thumb/v7-m/libgcc.a(_arm_addsubdf3.o)
                              build/zoul/remote-revb/obj/TREE-infq.o (__aeabi_dadd)
/usr/bin/../lib/gcc/arm-none-eabi/7.3.1/thumb/v7-m/libgcc.a(_arm_muldivdf3.o)
                              build/zoul/remote-revb/obj/TREE-infq.o (__aeabi_dmul)
/usr/bin/../lib/gcc/arm-none-eabi/7.3.1/thumb/v7-m/libgcc.a(_arm_fixunsdfsi.o)
                              build/zoul/remote-revb/obj/TREE-infq.o (__aeabi_d2uiz)
/usr/bin/../lib/gcc/arm-none-eabi/7.3.1/thumb/v7-m/libgcc.a(_arm_addsubsf3.o)
                              build/zoul/remote-revb/obj/power-mgmt.o (__aeabi_fsub)
/usr/bin/../lib/gcc/arm-none-eabi/7.3.1/thumb/v7-m/libgcc.a(_arm_muldivsf3.o)
                              build/zoul/remote-revb/obj/power-mgmt.o (__aeabi_fmul)
/usr/bin/../lib/gcc/arm-none-eabi/7.3.1/thumb/v7-m/libgcc.a(_arm_fixunssfsi.o)
                              build/zoul/remote-revb/obj/power-mgmt.o (__aeabi_f2uiz)
/usr/bin/../lib/gcc/arm-none-eabi/7.3.1/thumb/v7-m/libgcc.a(_aeabi_ldivmod.o)
                              build/zoul/remote-revb/obj/spi-legacy.o (__aeabi_ldivmod)
/usr/bin/../lib/gcc/arm-none-eabi/7.3.1/thumb/v7-m/libgcc.a(_aeabi_uldivmod.o)
                              build/zoul/remote-revb/obj/spi-legacy.o (__aeabi_uldivmod)
/usr/bin/../lib/gcc/arm-none-eabi/7.3.1/thumb/v7-m/libgcc.a(_udivmoddi4.o)
                              /usr/bin/../lib/gcc/arm-none-eabi/7.3.1/thumb/v7-m/libgcc.a(_aeabi_ldivmod.o) (__udivmoddi4)
/usr/bin/../lib/gcc/arm-none-eabi/7.3.1/thumb/v7-m/libgcc.a(_dvmd_tls.o)
                              /usr/bin/../lib/gcc/arm-none-eabi/7.3.1/thumb/v7-m/libgcc.a(_aeabi_ldivmod.o) (__aeabi_ldiv0)
/usr/bin/../lib/gcc/arm-none-eabi/7.3.1/../../../../arm-none-eabi/lib/thumb/v7-m/libc.a(lib_a-malloc.o)
                              build/zoul/remote-revb/obj/syscall.o (malloc)
/usr/bin/../lib/gcc/arm-none-eabi/7.3.1/../../../../arm-none-eabi/lib/thumb/v7-m/libc.a(lib_a-mallocr.o)
                              /usr/bin/../lib/gcc/arm-none-eabi/7.3.1/../../../../arm-none-eabi/lib/thumb/v7-m/libc.a(lib_a-malloc.o) (_malloc_r)
/usr/bin/../lib/gcc/arm-none-eabi/7.3.1/../../../../arm-none-eabi/lib/thumb/v7-m/libc.a(lib_a-memcmp.o)
                              build/zoul/remote-revb/obj/linkaddr.o (memcmp)
/usr/bin/../lib/gcc/arm-none-eabi/7.3.1/../../../../arm-none-eabi/lib/thumb/v7-m/libc.a(lib_a-memcpy.o)
                              build/zoul/remote-revb/obj/ecc-algorithm.o (memcpy)
/usr/bin/../lib/gcc/arm-none-eabi/7.3.1/../../../../arm-none-eabi/lib/thumb/v7-m/libc.a(lib_a-memmove.o)
                              build/zoul/remote-revb/obj/tsch-packet.o (memmove)
/usr/bin/../lib/gcc/arm-none-eabi/7.3.1/../../../../arm-none-eabi/lib/thumb/v7-m/libc.a(lib_a-memset.o)
                              build/zoul/remote-revb/obj/udma.o (memset)
/usr/bin/../lib/gcc/arm-none-eabi/7.3.1/../../../../arm-none-eabi/lib/thumb/v7-m/libc.a(lib_a-mlock.o)
                              /usr/bin/../lib/gcc/arm-none-eabi/7.3.1/../../../../arm-none-eabi/lib/thumb/v7-m/libc.a(lib_a-mallocr.o) (__malloc_lock)
/usr/bin/../lib/gcc/arm-none-eabi/7.3.1/../../../../arm-none-eabi/lib/thumb/v7-m/libc.a(lib_a-reent.o)
                              build/zoul/remote-revb/obj/syscalls.o (errno)
/usr/bin/../lib/gcc/arm-none-eabi/7.3.1/../../../../arm-none-eabi/lib/thumb/v7-m/libc.a(lib_a-sbrkr.o)
                              /usr/bin/../lib/gcc/arm-none-eabi/7.3.1/../../../../arm-none-eabi/lib/thumb/v7-m/libc.a(lib_a-mallocr.o) (_sbrk_r)
/usr/bin/../lib/gcc/arm-none-eabi/7.3.1/../../../../arm-none-eabi/lib/thumb/v7-m/libc.a(lib_a-strcmp.o)
                              build/zoul/remote-revb/obj/cfs-coffee.o (strcmp)
/usr/bin/../lib/gcc/arm-none-eabi/7.3.1/../../../../arm-none-eabi/lib/thumb/v7-m/libc.a(lib_a-strlen-stub.o)
                              build/zoul/remote-revb/obj/sensors.o (strlen)
/usr/bin/../lib/gcc/arm-none-eabi/7.3.1/../../../../arm-none-eabi/lib/thumb/v7-m/libc.a(lib_a-strncmp.o)
                              build/zoul/remote-revb/obj/sensors.o (strncmp)
/usr/bin/../lib/gcc/arm-none-eabi/7.3.1/../../../../arm-none-eabi/lib/thumb/v7-m/libc.a(lib_a-strncpy.o)
                              build/zoul/remote-revb/obj/cfs-coffee.o (strncpy)
/usr/bin/../lib/gcc/arm-none-eabi/7.3.1/../../../../arm-none-eabi/lib/thumb/v7-m/libc.a(lib_a-freer.o)
                              /usr/bin/../lib/gcc/arm-none-eabi/7.3.1/../../../../arm-none-eabi/lib/thumb/v7-m/libc.a(lib_a-malloc.o) (_free_r)
/usr/bin/../lib/gcc/arm-none-eabi/7.3.1/../../../../arm-none-eabi/lib/thumb/v7-m/libc.a(lib_a-impure.o)
                              /usr/bin/../lib/gcc/arm-none-eabi/7.3.1/../../../../arm-none-eabi/lib/thumb/v7-m/libc.a(lib_a-malloc.o) (_impure_ptr)
/usr/bin/../lib/gcc/arm-none-eabi/7.3.1/../../../../arm-none-eabi/lib/thumb/v7-m/libc.a(lib_a-lock.o)
[...]
Memory Configuration

Name             Origin             Length             Attributes
FLASH_FW         0x0000000000202000 0x000000000007dfd4 xr
FLASH_CCA        0x000000000027ffd4 0x000000000000002c xr
NRSRAM           0x0000000020000000 0x0000000000004000 xrw
FRSRAM           0x0000000020004000 0x0000000000004000 xrw
*default*        0x0000000000000000 0xffffffffffffffff

Linker script and memory map

LOAD build/zoul/remote-revb/obj/startup-gcc.o
LOAD build/zoul/remote-revb/obj/platform.o
LOAD build/zoul/remote-revb/obj/leds-arch.o
LOAD build/zoul/remote-revb/obj/leds.o
LOAD build/zoul/remote-revb/obj/cc1200-zoul-arch.o
LOAD build/zoul/remote-revb/obj/adc-zoul.o
LOAD build/zoul/remote-revb/obj/board-buttons.o
LOAD build/zoul/remote-revb/obj/zoul-sensors.o
LOAD build/zoul/remote-revb/obj/board.o
LOAD build/zoul/remote-revb/obj/antenna-sw.o
LOAD build/zoul/remote-revb/obj/mmc-arch.o
LOAD build/zoul/remote-revb/obj/rtcc.o
LOAD build/zoul/remote-revb/obj/power-mgmt.o
LOAD build/zoul/remote-revb/obj/soc.o
LOAD build/zoul/remote-revb/obj/clock.o
LOAD build/zoul/remote-revb/obj/rtimer-arch.o
LOAD build/zoul/remote-revb/obj/uart.o
LOAD build/zoul/remote-revb/obj/watchdog.o
LOAD build/zoul/remote-revb/obj/nvic.o
LOAD build/zoul/remote-revb/obj/sys-ctrl.o
LOAD build/zoul/remote-revb/obj/gpio.o
LOAD build/zoul/remote-revb/obj/ioc.o
LOAD build/zoul/remote-revb/obj/spi-legacy.o
LOAD build/zoul/remote-revb/obj/adc.o
LOAD build/zoul/remote-revb/obj/spi-arch.o
LOAD build/zoul/remote-revb/obj/crypto.o
LOAD build/zoul/remote-revb/obj/aes.o
LOAD build/zoul/remote-revb/obj/ecb.o
LOAD build/zoul/remote-revb/obj/cbc.o
LOAD build/zoul/remote-revb/obj/ctr.o
LOAD build/zoul/remote-revb/obj/cbc-mac.o
LOAD build/zoul/remote-revb/obj/gcm.o
LOAD build/zoul/remote-revb/obj/ccm.o
LOAD build/zoul/remote-revb/obj/sha256.o
LOAD build/zoul/remote-revb/obj/gpio-hal-arch.o
LOAD build/zoul/remote-revb/obj/cc2538-aes-128.o
LOAD build/zoul/remote-revb/obj/cc2538-ccm-star.o
LOAD build/zoul/remote-revb/obj/cc2538-rf.o
LOAD build/zoul/remote-revb/obj/udma.o
LOAD build/zoul/remote-revb/obj/lpm.o
LOAD build/zoul/remote-revb/obj/int-master.o
LOAD build/zoul/remote-revb/obj/pka.o
LOAD build/zoul/remote-revb/obj/bignum-driver.o
LOAD build/zoul/remote-revb/obj/ecc-driver.o
LOAD build/zoul/remote-revb/obj/ecc-algorithm.o
LOAD build/zoul/remote-revb/obj/ecc-curve.o
LOAD build/zoul/remote-revb/obj/dbg.o
LOAD build/zoul/remote-revb/obj/ieee-addr.o
LOAD build/zoul/remote-revb/obj/slip-arch.o
LOAD build/zoul/remote-revb/obj/slip.o
LOAD build/zoul/remote-revb/obj/i2c.o
LOAD build/zoul/remote-revb/obj/cc2538-temp-sensor.o
LOAD build/zoul/remote-revb/obj/vdd3-sensor.o
LOAD build/zoul/remote-revb/obj/cfs-coffee.o
LOAD build/zoul/remote-revb/obj/cfs-coffee-arch.o
LOAD build/zoul/remote-revb/obj/pwm.o
LOAD build/zoul/remote-revb/obj/usb-core.o
LOAD build/zoul/remote-revb/obj/cdc-acm.o
LOAD build/zoul/remote-revb/obj/usb-arch.o
LOAD build/zoul/remote-revb/obj/usb-serial.o
LOAD build/zoul/remote-revb/obj/cdc-acm-descriptors.o
LOAD build/zoul/remote-revb/obj/TREE-scheduling.o
LOAD build/zoul/remote-revb/obj/TREE-infq.o
LOAD build/zoul/remote-revb/obj/contiki-main.o
LOAD build/zoul/remote-revb/obj/autostart.o
LOAD build/zoul/remote-revb/obj/stimer.o
LOAD build/zoul/remote-revb/obj/energest.o
LOAD build/zoul/remote-revb/obj/etimer.o
LOAD build/zoul/remote-revb/obj/log.o
LOAD build/zoul/remote-revb/obj/mutex.o
LOAD build/zoul/remote-revb/obj/ctimer.o
LOAD build/zoul/remote-revb/obj/compower.o
LOAD build/zoul/remote-revb/obj/atomic.o
LOAD build/zoul/remote-revb/obj/rtimer.o
LOAD build/zoul/remote-revb/obj/node-id.o
LOAD build/zoul/remote-revb/obj/process.o
LOAD build/zoul/remote-revb/obj/timer.o
LOAD build/zoul/remote-revb/obj/stack-check.o
LOAD build/zoul/remote-revb/obj/button-hal.o
LOAD build/zoul/remote-revb/obj/serial-line.o
LOAD build/zoul/remote-revb/obj/spi.o
LOAD build/zoul/remote-revb/obj/nullradio.o
LOAD build/zoul/remote-revb/obj/gpio-hal.o
LOAD build/zoul/remote-revb/obj/dbl-list.o
LOAD build/zoul/remote-revb/obj/dbl-circ-list.o
LOAD build/zoul/remote-revb/obj/crc16.o
LOAD build/zoul/remote-revb/obj/ifft.o
LOAD build/zoul/remote-revb/obj/trickle-timer.o
LOAD build/zoul/remote-revb/obj/sensors.o
LOAD build/zoul/remote-revb/obj/ringbufindex.o
LOAD build/zoul/remote-revb/obj/ccm-star.o
LOAD build/zoul/remote-revb/obj/list.o
LOAD build/zoul/remote-revb/obj/circular-list.o
LOAD build/zoul/remote-revb/obj/aes-128.o
LOAD build/zoul/remote-revb/obj/memb.o
LOAD build/zoul/remote-revb/obj/heapmem.o
LOAD build/zoul/remote-revb/obj/random.o
LOAD build/zoul/remote-revb/obj/assert.o
LOAD build/zoul/remote-revb/obj/ringbuf.o
LOAD build/zoul/remote-revb/obj/queuebuf.o
LOAD build/zoul/remote-revb/obj/nbr-table.o
LOAD build/zoul/remote-revb/obj/packetbuf.o
LOAD build/zoul/remote-revb/obj/netstack.o
LOAD build/zoul/remote-revb/obj/linkaddr.o
LOAD build/zoul/remote-revb/obj/net-debug.o
LOAD build/zoul/remote-revb/obj/link-stats.o
LOAD build/zoul/remote-revb/obj/mac-sequence.o
LOAD build/zoul/remote-revb/obj/mac.o
LOAD build/zoul/remote-revb/obj/frame802154e-ie.o
LOAD build/zoul/remote-revb/obj/framer-802154.o
LOAD build/zoul/remote-revb/obj/nullframer.o
LOAD build/zoul/remote-revb/obj/frame802154.o
LOAD build/zoul/remote-revb/obj/ff.o
LOAD build/zoul/remote-revb/obj/syscall.o
LOAD build/zoul/remote-revb/obj/unicode.o
LOAD build/zoul/remote-revb/obj/diskio.o
LOAD build/zoul/remote-revb/obj/mmc.o
LOAD build/zoul/remote-revb/obj/syscalls.o
LOAD build/zoul/remote-revb/obj/strformat.o
LOAD build/zoul/remote-revb/obj/printf.o
LOAD build/zoul/remote-revb/obj/sprintf.o
LOAD build/zoul/remote-revb/obj/snprintf.o
LOAD build/zoul/remote-revb/obj/puts.o
LOAD build/zoul/remote-revb/obj/putchar.o
LOAD build/zoul/remote-revb/obj/cc1200-868-fsk-1-2kbps.o
LOAD build/zoul/remote-revb/obj/cc1200-802154g-863-870-fsk-50kbps.o
LOAD build/zoul/remote-revb/obj/cc1200.o
LOAD build/zoul/remote-revb/obj/cc1200-868-4gfsk-1000kbps.o
LOAD build/zoul/remote-revb/obj/rgb-led.o
LOAD build/zoul/remote-revb/obj/tsch.o
LOAD build/zoul/remote-revb/obj/tsch-queue.o
LOAD build/zoul/remote-revb/obj/tsch-timeslot-timing.o
LOAD build/zoul/remote-revb/obj/tsch-schedule.o
LOAD build/zoul/remote-revb/obj/tsch-slot-operation.o
LOAD build/zoul/remote-revb/obj/tsch-packet.o
LOAD build/zoul/remote-revb/obj/tsch-security.o
LOAD build/zoul/remote-revb/obj/tsch-rpl.o
LOAD build/zoul/remote-revb/obj/tsch-adaptive-timesync.o
LOAD build/zoul/remote-revb/obj/tsch-stats.o
LOAD build/zoul/remote-revb/obj/tsch-log.o
LOAD build/zoul/remote-revb/obj/nullnet.o
LOAD build/zoul/remote-revb/obj/nullrouting.o
LOAD pannodes_g.o
START GROUP
LOAD /usr/bin/../lib/gcc/arm-none-eabi/7.3.1/../../../../arm-none-eabi/lib/thumb/v7-m/libm.a
END GROUP
START GROUP
LOAD /usr/bin/../lib/gcc/arm-none-eabi/7.3.1/thumb/v7-m/libgcc.a
LOAD /usr/bin/../lib/gcc/arm-none-eabi/7.3.1/../../../../arm-none-eabi/lib/thumb/v7-m/libc.a
END GROUP

.text           0x0000000000202000     0x8d11
                0x0000000000202000                _text = .
 *(SORT_BY_ALIGNMENT(.vectors))
 .vectors       0x0000000000202000      0x28c build/zoul/remote-revb/obj/startup-gcc.o
                0x0000000000202000                vectors
 *(SORT_BY_ALIGNMENT(.text*))
 *fill*         0x000000000020228c        0x4 00000000
 .text.update_psi_err
                0x0000000000202290       0x20 build/zoul/remote-revb/obj/TREE-infq.o
                0x0000000000202290                update_psi_err
 .text.update_phi
                0x00000000002022b0       0x68 build/zoul/remote-revb/obj/TREE-infq.o
                0x00000000002022b0                update_phi
 .text.evaporate
                0x0000000000202318       0x20 build/zoul/remote-revb/obj/TREE-infq.o
                0x0000000000202318                evaporate
 .text.reset_handler
                0x0000000000202338       0x40 build/zoul/remote-revb/obj/startup-gcc.o
                0x0000000000202338                reset_handler
 .text.platform_init_stage_two
                0x0000000000202378       0x4c build/zoul/remote-revb/obj/platform.o
                0x0000000000202378                platform_init_stage_two
 .text.platform_init_stage_three
                0x00000000002023c4       0x8c build/zoul/remote-revb/obj/platform.o
                0x00000000002023c4                platform_init_stage_three
 .text.radio_phy_overhead
                0x0000000000202450       0x18 build/zoul/remote-revb/obj/platform.o
                0x0000000000202450                radio_phy_overhead
 .text.radio_byte_air_time
                0x0000000000202468       0x18 build/zoul/remote-revb/obj/platform.o
                0x0000000000202468                radio_byte_air_time
 .text.radio_delay_before_tx
                0x0000000000202480       0x18 build/zoul/remote-revb/obj/platform.o
                0x0000000000202480                radio_delay_before_tx
 .text.radio_delay_before_rx
                0x0000000000202498       0x18 build/zoul/remote-revb/obj/platform.o
                0x0000000000202498                radio_delay_before_rx
 .text.radio_delay_before_detect
                0x00000000002024b0       0x18 build/zoul/remote-revb/obj/platform.o
                0x00000000002024b0                radio_delay_before_detect
 .text.radio_tsch_timeslot_timing
                0x00000000002024c8       0x1c build/zoul/remote-revb/obj/platform.o
                0x00000000002024c8                radio_tsch_timeslot_timing
 .text.leds_on  0x00000000002024e4       0x4c build/zoul/remote-revb/obj/leds.o
                0x00000000002024e4                leds_on
 .text.leds_off
                0x0000000000202530       0x48 build/zoul/remote-revb/obj/leds.o
                0x0000000000202530                leds_off
 .text.leds_init
                0x0000000000202578       0x48 build/zoul/remote-revb/obj/leds.o
                0x0000000000202578                leds_init
 .text.antenna_sw_config
                0x00000000002025c0       0x30 build/zoul/remote-revb/obj/antenna-sw.o
                0x00000000002025c0                antenna_sw_config
 .text.soc_get_rev
                0x00000000002025f0       0x18 build/zoul/remote-revb/obj/soc.o
                0x00000000002025f0                soc_get_rev
 .text.soc_print_info
                0x0000000000202608       0x10 build/zoul/remote-revb/obj/soc.o
                0x0000000000202608                soc_print_info
 .text.update_ticks
                0x0000000000202618       0x58 build/zoul/remote-revb/obj/clock.o
 .text.clock_init
                0x0000000000202670       0x4c build/zoul/remote-revb/obj/clock.o
                0x0000000000202670                clock_init
 .text.clock_time
                0x00000000002026bc       0x14 build/zoul/remote-revb/obj/clock.o
                0x00000000002026bc                clock_time
 .text.clock_delay_usec
                0x00000000002026d0       0x1c build/zoul/remote-revb/obj/clock.o
                0x00000000002026d0                clock_delay_usec
 .text.clock_adjust
                0x00000000002026ec       0x20 build/zoul/remote-revb/obj/clock.o
                0x00000000002026ec                clock_adjust
 .text.rtimer_arch_next_trigger
                0x000000000020270c        0xc build/zoul/remote-revb/obj/rtimer-arch.o
                0x000000000020270c                rtimer_arch_next_trigger
 .text.rtimer_arch_now
                0x0000000000202718       0x24 build/zoul/remote-revb/obj/rtimer-arch.o
                0x0000000000202718                rtimer_arch_now
 .text.rtimer_arch_schedule
                0x000000000020273c       0x58 build/zoul/remote-revb/obj/rtimer-arch.o
                0x000000000020273c                rtimer_arch_schedule
 .text.rtimer_isr
                0x0000000000202794       0x2c build/zoul/remote-revb/obj/rtimer-arch.o
                0x0000000000202794                rtimer_isr
 .text.permit_pm1
                0x00000000002027c0       0x24 build/zoul/remote-revb/obj/uart.o
 .text.uart_isr
                0x00000000002027e4       0x60 build/zoul/remote-revb/obj/uart.o
 .text.uart_init
                0x0000000000202844      0x198 build/zoul/remote-revb/obj/uart.o
                0x0000000000202844                uart_init
 .text.uart_set_input
                0x00000000002029dc       0x10 build/zoul/remote-revb/obj/uart.o
                0x00000000002029dc                uart_set_input
 .text.uart_write_byte
                0x00000000002029ec       0x1c build/zoul/remote-revb/obj/uart.o
                0x00000000002029ec                uart_write_byte
 .text.watchdog_init
                0x0000000000202a08        0xc build/zoul/remote-revb/obj/watchdog.o
                0x0000000000202a08                watchdog_init
 .text.watchdog_start
                0x0000000000202a14        0xc build/zoul/remote-revb/obj/watchdog.o
                0x0000000000202a14                watchdog_start
 .text.watchdog_periodic
                0x0000000000202a20       0x10 build/zoul/remote-revb/obj/watchdog.o
                0x0000000000202a20                watchdog_periodic
 .text.nvic_init
                0x0000000000202a30       0x10 build/zoul/remote-revb/obj/nvic.o
                0x0000000000202a30                nvic_init
 .text.sys_ctrl_init
                0x0000000000202a40       0x74 build/zoul/remote-revb/obj/sys-ctrl.o
                0x0000000000202a40                sys_ctrl_init
 .text.gpio_port_isr
                0x0000000000202ab4       0x48 build/zoul/remote-revb/obj/gpio.o
 .text.ioc_init
                0x0000000000202afc       0x1c build/zoul/remote-revb/obj/ioc.o
                0x0000000000202afc                ioc_init
 .text.ioc_set_over
                0x0000000000202b18       0x14 build/zoul/remote-revb/obj/ioc.o
                0x0000000000202b18                ioc_set_over
 .text.ioc_set_sel
                0x0000000000202b2c       0x14 build/zoul/remote-revb/obj/ioc.o
                0x0000000000202b2c                ioc_set_sel
 .text.adc_get  0x0000000000202b40       0x74 build/zoul/remote-revb/obj/adc.o
                0x0000000000202b40                adc_get
 .text.permit_pm1
                0x0000000000202bb4       0x10 build/zoul/remote-revb/obj/crypto.o
 .text.crypto_isr
                0x0000000000202bc4       0x28 build/zoul/remote-revb/obj/crypto.o
                0x0000000000202bc4                crypto_isr
 .text.crypto_enable
                0x0000000000202bec       0x20 build/zoul/remote-revb/obj/crypto.o
                0x0000000000202bec                crypto_enable
 .text.crypto_init
                0x0000000000202c0c       0x3c build/zoul/remote-revb/obj/crypto.o
                0x0000000000202c0c                crypto_init
 .text.crypto_disable
                0x0000000000202c48       0x20 build/zoul/remote-revb/obj/crypto.o
                0x0000000000202c48                crypto_disable
 .text.gpio_hal_arch_no_port_pin_cfg_set
                0x0000000000202c68       0xd8 build/zoul/remote-revb/obj/gpio-hal-arch.o
                0x0000000000202c68                gpio_hal_arch_no_port_pin_cfg_set
 .text.receiving_packet
                0x0000000000202d40       0x18 build/zoul/remote-revb/obj/cc2538-rf.o
 .text.pending_packet
                0x0000000000202d58       0x10 build/zoul/remote-revb/obj/cc2538-rf.o
 .text.energest_switch
                0x0000000000202d68       0x58 build/zoul/remote-revb/obj/cc2538-rf.o
 .text.set_poll_mode
                0x0000000000202dc0       0x98 build/zoul/remote-revb/obj/cc2538-rf.o
 .text.set_object
                0x0000000000202e58       0x30 build/zoul/remote-revb/obj/cc2538-rf.o
 .text.read     0x0000000000202e88       0xe0 build/zoul/remote-revb/obj/cc2538-rf.o
 .text.get_object
                0x0000000000202f68      0x15c build/zoul/remote-revb/obj/cc2538-rf.o
 .text.off      0x00000000002030c4       0x78 build/zoul/remote-revb/obj/cc2538-rf.o
 .text.on       0x000000000020313c       0x44 build/zoul/remote-revb/obj/cc2538-rf.o
 .text.set_channel
                0x0000000000203180       0x38 build/zoul/remote-revb/obj/cc2538-rf.o
 .text.init     0x00000000002031b8       0xe8 build/zoul/remote-revb/obj/cc2538-rf.o
 .text.get_value
                0x00000000002032a0      0x17c build/zoul/remote-revb/obj/cc2538-rf.o
 .text.channel_clear
                0x000000000020341c       0x3c build/zoul/remote-revb/obj/cc2538-rf.o
 .text.prepare  0x0000000000203458       0x68 build/zoul/remote-revb/obj/cc2538-rf.o
 .text.process_thread_cc2538_rf_process
                0x00000000002034c0       0x90 build/zoul/remote-revb/obj/cc2538-rf.o
 .text.transmit
                0x0000000000203550       0xb4 build/zoul/remote-revb/obj/cc2538-rf.o
 .text.set_value
                0x0000000000203604      0x18c build/zoul/remote-revb/obj/cc2538-rf.o
 .text.cc2538_rf_rx_tx_isr
                0x0000000000203790       0x24 build/zoul/remote-revb/obj/cc2538-rf.o
                0x0000000000203790                cc2538_rf_rx_tx_isr
 .text.cc2538_rf_err_isr
                0x00000000002037b4       0x28 build/zoul/remote-revb/obj/cc2538-rf.o
                0x00000000002037b4                cc2538_rf_err_isr
 .text.udma_init
                0x00000000002037dc       0x34 build/zoul/remote-revb/obj/udma.o
                0x00000000002037dc                udma_init
 .text.udma_set_channel_src
                0x0000000000203810       0x10 build/zoul/remote-revb/obj/udma.o
                0x0000000000203810                udma_set_channel_src
 .text.udma_set_channel_dst
                0x0000000000203820       0x14 build/zoul/remote-revb/obj/udma.o
                0x0000000000203820                udma_set_channel_dst
 .text.udma_set_channel_control_word
                0x0000000000203834       0x14 build/zoul/remote-revb/obj/udma.o
                0x0000000000203834                udma_set_channel_control_word
 .text.udma_channel_enable
                0x0000000000203848       0x18 build/zoul/remote-revb/obj/udma.o
                0x0000000000203848                udma_channel_enable
 .text.udma_channel_mask_set
                0x0000000000203860       0x18 build/zoul/remote-revb/obj/udma.o
                0x0000000000203860                udma_channel_mask_set
 .text.udma_channel_sw_request
                0x0000000000203878       0x18 build/zoul/remote-revb/obj/udma.o
                0x0000000000203878                udma_channel_sw_request
 .text.udma_channel_get_mode
                0x0000000000203890       0x1c build/zoul/remote-revb/obj/udma.o
                0x0000000000203890                udma_channel_get_mode
 .text.udma_isr
                0x00000000002038ac       0x10 build/zoul/remote-revb/obj/udma.o
                0x00000000002038ac                udma_isr
 .text.udma_err_isr
                0x00000000002038bc        0xc build/zoul/remote-revb/obj/udma.o
                0x00000000002038bc                udma_err_isr
 .text.select_32_mhz_xosc
                0x00000000002038c8       0x2c build/zoul/remote-revb/obj/lpm.o
 .text.energest_switch
                0x00000000002038f4       0x58 build/zoul/remote-revb/obj/lpm.o
 .text.lpm_exit
                0x000000000020394c       0x44 build/zoul/remote-revb/obj/lpm.o
                0x000000000020394c                lpm_exit
 .text.lpm_enter
                0x0000000000203990       0xcc build/zoul/remote-revb/obj/lpm.o
                0x0000000000203990                lpm_enter
 .text.lpm_register_peripheral
                0x0000000000203a5c       0x20 build/zoul/remote-revb/obj/lpm.o
                0x0000000000203a5c                lpm_register_peripheral
 .text.lpm_init
                0x0000000000203a7c       0x24 build/zoul/remote-revb/obj/lpm.o
                0x0000000000203a7c                lpm_init
 .text.pka_isr  0x0000000000203aa0       0x28 build/zoul/remote-revb/obj/pka.o
                0x0000000000203aa0                pka_isr
 .text.ieee_addr_cpy_to
                0x0000000000203ac8       0x5c build/zoul/remote-revb/obj/ieee-addr.o
                0x0000000000203ac8                ieee_addr_cpy_to
 .text.process_thread_tree_scheduling_process
                0x0000000000203b24      0x108 build/zoul/remote-revb/obj/TREE-scheduling.o
 .text.control_packet_sent
                0x0000000000203c2c       0x1c build/zoul/remote-revb/obj/TREE-scheduling.o
                0x0000000000203c2c                control_packet_sent
 .text.send_control_message.constprop.2
                0x0000000000203c48      0x1b4 build/zoul/remote-revb/obj/TREE-scheduling.o
 .text.control_packet_input
                0x0000000000203dfc      0x110 build/zoul/remote-revb/obj/TREE-scheduling.o
                0x0000000000203dfc                control_packet_input
 .text.tree_callback_nbr_added
                0x0000000000203f0c       0x58 build/zoul/remote-revb/obj/TREE-scheduling.o
                0x0000000000203f0c                tree_callback_nbr_added
 .text.tree_callback_packet_added_in_queue
                0x0000000000203f64       0x60 build/zoul/remote-revb/obj/TREE-scheduling.o
                0x0000000000203f64                tree_callback_packet_added_in_queue
 .text.tree_callback_new_time_source
                0x0000000000203fc4       0xc4 build/zoul/remote-revb/obj/TREE-scheduling.o
                0x0000000000203fc4                tree_callback_new_time_source
 .text.tree_process_pending
                0x0000000000204088      0x148 build/zoul/remote-revb/obj/TREE-scheduling.o
                0x0000000000204088                tree_process_pending
 .text.tree_init
                0x00000000002041d0       0xd4 build/zoul/remote-revb/obj/TREE-scheduling.o
                0x00000000002041d0                tree_init
 .text.startup.main
                0x00000000002042a4      0x194 build/zoul/remote-revb/obj/contiki-main.o
                0x00000000002042a4                main
 .text.energest_init
                0x0000000000204438       0x3c build/zoul/remote-revb/obj/energest.o
                0x0000000000204438                energest_init
 .text.energest_flush
                0x0000000000204474       0x48 build/zoul/remote-revb/obj/energest.o
                0x0000000000204474                energest_flush
 .text.energest_get_total_time
                0x00000000002044bc       0x2c build/zoul/remote-revb/obj/energest.o
                0x00000000002044bc                energest_get_total_time
 .text.update_time
                0x00000000002044e8       0x44 build/zoul/remote-revb/obj/etimer.o
 .text.etimer_request_poll
                0x000000000020452c        0xc build/zoul/remote-revb/obj/etimer.o
                0x000000000020452c                etimer_request_poll
 .text.process_thread_etimer_process
                0x0000000000204538       0xac build/zoul/remote-revb/obj/etimer.o
 .text.add_timer
                0x00000000002045e4       0x40 build/zoul/remote-revb/obj/etimer.o
 .text.etimer_pending
                0x0000000000204624       0x10 build/zoul/remote-revb/obj/etimer.o
                0x0000000000204624                etimer_pending
 .text.etimer_stop
                0x0000000000204634       0x34 build/zoul/remote-revb/obj/etimer.o
                0x0000000000204634                etimer_stop
 .text.log_lladdr
                0x0000000000204668       0x40 build/zoul/remote-revb/obj/log.o
                0x0000000000204668                log_lladdr
 .text.process_thread_ctimer_process
                0x00000000002046a8       0x7c build/zoul/remote-revb/obj/ctimer.o
 .text.ctimer_init
                0x0000000000204724       0x28 build/zoul/remote-revb/obj/ctimer.o
                0x0000000000204724                ctimer_init
 .text.ctimer_set_with_process
                0x000000000020474c       0x44 build/zoul/remote-revb/obj/ctimer.o
                0x000000000020474c                ctimer_set_with_process
 .text.ctimer_set
                0x0000000000204790       0x14 build/zoul/remote-revb/obj/ctimer.o
                0x0000000000204790                ctimer_set
 .text.ctimer_stop
                0x00000000002047a4       0x2c build/zoul/remote-revb/obj/ctimer.o
                0x00000000002047a4                ctimer_stop
 .text.ctimer_expired
                0x00000000002047d0       0x34 build/zoul/remote-revb/obj/ctimer.o
                0x00000000002047d0                ctimer_expired
 .text.rtimer_set
                0x0000000000204804       0x24 build/zoul/remote-revb/obj/rtimer.o
                0x0000000000204804                rtimer_set
 .text.rtimer_run_next
                0x0000000000204828       0x28 build/zoul/remote-revb/obj/rtimer.o
                0x0000000000204828                rtimer_run_next
 .text.node_id_init
                0x0000000000204850       0x18 build/zoul/remote-revb/obj/node-id.o
                0x0000000000204850                node_id_init
 .text.call_process.part.0
                0x0000000000204868       0x38 build/zoul/remote-revb/obj/process.o
 .text.exit_process
                0x00000000002048a0       0x80 build/zoul/remote-revb/obj/process.o
 .text.do_poll  0x0000000000204920       0x30 build/zoul/remote-revb/obj/process.o
 .text.process_alloc_event
                0x0000000000204950       0x10 build/zoul/remote-revb/obj/process.o
                0x0000000000204950                process_alloc_event
 .text.process_init
                0x0000000000204960       0x30 build/zoul/remote-revb/obj/process.o
                0x0000000000204960                process_init
 .text.process_run
                0x0000000000204990       0x88 build/zoul/remote-revb/obj/process.o
                0x0000000000204990                process_run
 .text.process_nevents
                0x0000000000204a18       0x14 build/zoul/remote-revb/obj/process.o
                0x0000000000204a18                process_nevents
 .text.process_post
                0x0000000000204a2c       0x3c build/zoul/remote-revb/obj/process.o
                0x0000000000204a2c                process_post
 .text.process_post_synch
                0x0000000000204a68       0x14 build/zoul/remote-revb/obj/process.o
                0x0000000000204a68                process_post_synch
 .text.process_start
                0x0000000000204a7c       0x30 build/zoul/remote-revb/obj/process.o
                0x0000000000204a7c                process_start
 .text.process_poll
                0x0000000000204aac       0x18 build/zoul/remote-revb/obj/process.o
                0x0000000000204aac                process_poll
 .text.stack_check_init
                0x0000000000204ac4       0x28 build/zoul/remote-revb/obj/stack-check.o
                0x0000000000204ac4                stack_check_init
 .text.stack_check_get_usage
                0x0000000000204aec       0x40 build/zoul/remote-revb/obj/stack-check.o
                0x0000000000204aec                stack_check_get_usage
 .text.process_thread_stack_check_process
                0x0000000000204b2c       0xa8 build/zoul/remote-revb/obj/stack-check.o
 .text.duration_exceeded_callback
                0x0000000000204bd4       0x34 build/zoul/remote-revb/obj/button-hal.o
 .text.process_thread_button_hal_process
                0x0000000000204c08       0x70 build/zoul/remote-revb/obj/button-hal.o
 .text.press_release_handler
                0x0000000000204c78       0x18 build/zoul/remote-revb/obj/button-hal.o
 .text.debounce_handler
                0x0000000000204c90       0x64 build/zoul/remote-revb/obj/button-hal.o
 .text.button_hal_init
                0x0000000000204cf4       0xf8 build/zoul/remote-revb/obj/button-hal.o
                0x0000000000204cf4                button_hal_init
 .text.process_thread_serial_line_process
                0x0000000000204dec       0x98 build/zoul/remote-revb/obj/serial-line.o
 .text.serial_line_input_byte
                0x0000000000204e84       0x48 build/zoul/remote-revb/obj/serial-line.o
                0x0000000000204e84                serial_line_input_byte
 .text.serial_line_init
                0x0000000000204ecc       0x24 build/zoul/remote-revb/obj/serial-line.o
                0x0000000000204ecc                serial_line_init
 .text.gpio_hal_register_handler
                0x0000000000204ef0        0xc build/zoul/remote-revb/obj/gpio-hal.o
                0x0000000000204ef0                gpio_hal_register_handler
 .text.gpio_hal_event_handler
                0x0000000000204efc       0x24 build/zoul/remote-revb/obj/gpio-hal.o
                0x0000000000204efc                gpio_hal_event_handler
 .text.gpio_hal_init
                0x0000000000204f20        0xc build/zoul/remote-revb/obj/gpio-hal.o
                0x0000000000204f20                gpio_hal_init
 .text.process_thread_sensors_process
                0x0000000000204f2c       0xd4 build/zoul/remote-revb/obj/sensors.o
 .text.random_rand
                0x0000000000205000       0x24 build/zoul/remote-revb/obj/random.o
                0x0000000000205000                random_rand
 .text.random_init
                0x0000000000205024       0x78 build/zoul/remote-revb/obj/random.o
                0x0000000000205024                random_init
 .text.queuebuf_init
                0x000000000020509c       0x1c build/zoul/remote-revb/obj/queuebuf.o
                0x000000000020509c                queuebuf_init
 .text.queuebuf_new_from_packetbuf
                0x00000000002050b8       0x44 build/zoul/remote-revb/obj/queuebuf.o
                0x00000000002050b8                queuebuf_new_from_packetbuf
 .text.queuebuf_free
                0x00000000002050fc       0x2c build/zoul/remote-revb/obj/queuebuf.o
                0x00000000002050fc                queuebuf_free
 .text.queuebuf_to_packetbuf
                0x0000000000205128       0x30 build/zoul/remote-revb/obj/queuebuf.o
                0x0000000000205128                queuebuf_to_packetbuf
 .text.queuebuf_dataptr
                0x0000000000205158       0x18 build/zoul/remote-revb/obj/queuebuf.o
                0x0000000000205158                queuebuf_dataptr
 .text.index_from_key
                0x0000000000205170       0x20 build/zoul/remote-revb/obj/nbr-table.o
 .text.index_from_lladdr
                0x0000000000205190       0x40 build/zoul/remote-revb/obj/nbr-table.o
 .text.nbr_get_bit.constprop.1
                0x00000000002051d0       0x24 build/zoul/remote-revb/obj/nbr-table.o
 .text.nbr_table_add_lladdr
                0x00000000002051f4      0x120 build/zoul/remote-revb/obj/nbr-table.o
                0x00000000002051f4                nbr_table_add_lladdr
 .text.packetbuf_hdrreduce
                0x0000000000205314       0x28 build/zoul/remote-revb/obj/packetbuf.o
                0x0000000000205314                packetbuf_hdrreduce
 .text.packetbuf_set_datalen
                0x000000000020533c        0xc build/zoul/remote-revb/obj/packetbuf.o
                0x000000000020533c                packetbuf_set_datalen
 .text.packetbuf_hdrptr
                0x0000000000205348        0x8 build/zoul/remote-revb/obj/packetbuf.o
                0x0000000000205348                packetbuf_hdrptr
 .text.packetbuf_datalen
                0x0000000000205350        0xc build/zoul/remote-revb/obj/packetbuf.o
                0x0000000000205350                packetbuf_datalen
 .text.packetbuf_hdrlen
                0x000000000020535c       0x18 build/zoul/remote-revb/obj/packetbuf.o
                0x000000000020535c                packetbuf_hdrlen
 .text.packetbuf_dataptr
                0x0000000000205374       0x10 build/zoul/remote-revb/obj/packetbuf.o
                0x0000000000205374                packetbuf_dataptr
 .text.packetbuf_copyto
                0x0000000000205384       0x44 build/zoul/remote-revb/obj/packetbuf.o
                0x0000000000205384                packetbuf_copyto
 .text.packetbuf_totlen
                0x00000000002053c8       0x14 build/zoul/remote-revb/obj/packetbuf.o
                0x00000000002053c8                packetbuf_totlen
 .text.packetbuf_hdralloc
                0x00000000002053dc       0x3c build/zoul/remote-revb/obj/packetbuf.o
                0x00000000002053dc                packetbuf_hdralloc
 .text.packetbuf_attr_clear
                0x0000000000205418       0x34 build/zoul/remote-revb/obj/packetbuf.o
                0x0000000000205418                packetbuf_attr_clear
 .text.packetbuf_clear
                0x000000000020544c       0x20 build/zoul/remote-revb/obj/packetbuf.o
                0x000000000020544c                packetbuf_clear
 .text.packetbuf_copyfrom
                0x000000000020546c       0x2c build/zoul/remote-revb/obj/packetbuf.o
                0x000000000020546c                packetbuf_copyfrom
 .text.packetbuf_attr_copyto
                0x0000000000205498       0x24 build/zoul/remote-revb/obj/packetbuf.o
                0x0000000000205498                packetbuf_attr_copyto
 .text.packetbuf_attr_copyfrom
                0x00000000002054bc       0x24 build/zoul/remote-revb/obj/packetbuf.o
                0x00000000002054bc                packetbuf_attr_copyfrom
 .text.packetbuf_set_attr
                0x00000000002054e0       0x10 build/zoul/remote-revb/obj/packetbuf.o
                0x00000000002054e0                packetbuf_set_attr
 .text.packetbuf_attr
                0x00000000002054f0        0xc build/zoul/remote-revb/obj/packetbuf.o
                0x00000000002054f0                packetbuf_attr
 .text.packetbuf_set_addr
                0x00000000002054fc       0x18 build/zoul/remote-revb/obj/packetbuf.o
                0x00000000002054fc                packetbuf_set_addr
 .text.packetbuf_addr
                0x0000000000205514       0x10 build/zoul/remote-revb/obj/packetbuf.o
                0x0000000000205514                packetbuf_addr
 .text.packetbuf_holds_broadcast
                0x0000000000205524       0x10 build/zoul/remote-revb/obj/packetbuf.o
                0x0000000000205524                packetbuf_holds_broadcast
 .text.netstack_init
                0x0000000000205534       0x24 build/zoul/remote-revb/obj/netstack.o
                0x0000000000205534                netstack_init
 .text.link_stats_packet_sent
                0x0000000000205558       0x74 build/zoul/remote-revb/obj/link-stats.o
                0x0000000000205558                link_stats_packet_sent
 .text.mac_sequence_is_duplicate
                0x00000000002055cc       0x48 build/zoul/remote-revb/obj/mac-sequence.o
                0x00000000002055cc                mac_sequence_is_duplicate
 .text.mac_sequence_register_seqno
                0x0000000000205614       0x58 build/zoul/remote-revb/obj/mac-sequence.o
                0x0000000000205614                mac_sequence_register_seqno
 .text.frame802154e_parse_information_elements
                0x000000000020566c      0x23c build/zoul/remote-revb/obj/frame802154e-ie.o
                0x000000000020566c                frame802154e_parse_information_elements
 .text.create_frame
                0x00000000002058a8       0xd0 build/zoul/remote-revb/obj/framer-802154.o
 .text.frame802154_get_pan_id
                0x0000000000205978        0xc build/zoul/remote-revb/obj/frame802154.o
                0x0000000000205978                frame802154_get_pan_id
 .text.frame802154_set_pan_id
                0x0000000000205984        0xc build/zoul/remote-revb/obj/frame802154.o
                0x0000000000205984                frame802154_set_pan_id
 .text.frame802154_check_dest_panid
                0x0000000000205990       0x3c build/zoul/remote-revb/obj/frame802154.o
                0x0000000000205990                frame802154_check_dest_panid
 .text.frame802154_extract_linkaddr
                0x00000000002059cc       0x74 build/zoul/remote-revb/obj/frame802154.o
                0x00000000002059cc                frame802154_extract_linkaddr
 .text.frame802154_parse
                0x0000000000205a40      0x12c build/zoul/remote-revb/obj/frame802154.o
                0x0000000000205a40                frame802154_parse
 .text.fill_space
                0x0000000000205b6c       0x34 build/zoul/remote-revb/obj/strformat.o
 .text.format_str_v
                0x0000000000205ba0      0x6dc build/zoul/remote-revb/obj/strformat.o
                0x0000000000205ba0                format_str_v
 .text.printf   0x000000000020627c       0x20 build/zoul/remote-revb/obj/printf.o
                0x000000000020627c                printf
 .text.turn_off
                0x000000000020629c       0x10 build/zoul/remote-revb/obj/tsch.o
 .text.max_payload
                0x00000000002062ac       0x34 build/zoul/remote-revb/obj/tsch.o
 .text.tsch_reset
                0x00000000002062e0       0xa4 build/zoul/remote-revb/obj/tsch.o
 .text.process_thread_tsch_send_eb_process
                0x0000000000206384      0x10c build/zoul/remote-revb/obj/tsch.o
 .text.send_packet
                0x0000000000206490       0xac build/zoul/remote-revb/obj/tsch.o
 .text.tsch_init
                0x000000000020653c       0xa4 build/zoul/remote-revb/obj/tsch.o
 .text.packet_input
                0x00000000002065e0       0x40 build/zoul/remote-revb/obj/tsch.o
 .text.keepalive_send
                0x0000000000206620       0x40 build/zoul/remote-revb/obj/tsch.o
 .text.turn_on  0x0000000000206660       0x48 build/zoul/remote-revb/obj/tsch.o
 .text.tsch_schedule_keepalive
                0x00000000002066a8       0x58 build/zoul/remote-revb/obj/tsch.o
                0x00000000002066a8                tsch_schedule_keepalive
 .text.tsch_set_ka_timeout
                0x0000000000206700       0x18 build/zoul/remote-revb/obj/tsch.o
                0x0000000000206700                tsch_set_ka_timeout
 .text.tsch_schedule_keepalive_immediately
                0x0000000000206718       0x28 build/zoul/remote-revb/obj/tsch.o
                0x0000000000206718                tsch_schedule_keepalive_immediately
 .text.tsch_disassociate
                0x0000000000206740       0x1c build/zoul/remote-revb/obj/tsch.o
                0x0000000000206740                tsch_disassociate
 .text.process_thread_tsch_pending_events_process
                0x000000000020675c      0x210 build/zoul/remote-revb/obj/tsch.o
 .text.keepalive_packet_sent
                0x000000000020696c       0x80 build/zoul/remote-revb/obj/tsch.o
 .text.tsch_scan
                0x00000000002069ec      0x334 build/zoul/remote-revb/obj/tsch.o
                0x00000000002069ec                tsch_scan
 .text.process_thread_tsch_process
                0x0000000000206d20       0xc0 build/zoul/remote-revb/obj/tsch.o
 .text.get_neighbor_list_head
                0x0000000000206de0        0xc build/zoul/remote-revb/obj/tsch-queue.o
                0x0000000000206de0                get_neighbor_list_head
 .text.tsch_queue_get_nbr
                0x0000000000206dec       0x34 build/zoul/remote-revb/obj/tsch-queue.o
                0x0000000000206dec                tsch_queue_get_nbr
 .text.tsch_queue_add_nbr
                0x0000000000206e20       0x84 build/zoul/remote-revb/obj/tsch-queue.o
                0x0000000000206e20                tsch_queue_add_nbr
 .text.tsch_queue_get_time_source
                0x0000000000206ea4       0x28 build/zoul/remote-revb/obj/tsch-queue.o
                0x0000000000206ea4                tsch_queue_get_time_source
 .text.tsch_queue_update_time_source
                0x0000000000206ecc       0x5c build/zoul/remote-revb/obj/tsch-queue.o
                0x0000000000206ecc                tsch_queue_update_time_source
 .text.tsch_queue_add_packet
                0x0000000000206f28       0x9c build/zoul/remote-revb/obj/tsch-queue.o
                0x0000000000206f28                tsch_queue_add_packet
 .text.tsch_queue_free_packet
                0x0000000000206fc4       0x20 build/zoul/remote-revb/obj/tsch-queue.o
                0x0000000000206fc4                tsch_queue_free_packet
 .text.tsch_queue_reset
                0x0000000000206fe4       0x30 build/zoul/remote-revb/obj/tsch-queue.o
                0x0000000000206fe4                tsch_queue_reset
 .text.tsch_queue_free_unused_neighbors
                0x0000000000207014       0x5c build/zoul/remote-revb/obj/tsch-queue.o
                0x0000000000207014                tsch_queue_free_unused_neighbors
 .text.tsch_queue_get_unicast_packet_for_any
                0x0000000000207070       0x44 build/zoul/remote-revb/obj/tsch-queue.o
                0x0000000000207070                tsch_queue_get_unicast_packet_for_any
 .text.tsch_queue_update_all_backoff_windows
                0x00000000002070b4       0x50 build/zoul/remote-revb/obj/tsch-queue.o
                0x00000000002070b4                tsch_queue_update_all_backoff_windows
 .text.tsch_queue_init
                0x0000000000207104       0x48 build/zoul/remote-revb/obj/tsch-queue.o
                0x0000000000207104                tsch_queue_init
 .text.tsch_schedule_get_slotframe_by_handle
                0x000000000020714c       0x28 build/zoul/remote-revb/obj/tsch-schedule.o
                0x000000000020714c                tsch_schedule_get_slotframe_by_handle
 .text.tsch_schedule_add_slotframe
                0x0000000000207174       0x64 build/zoul/remote-revb/obj/tsch-schedule.o
                0x0000000000207174                tsch_schedule_add_slotframe
 .text.tsch_schedule_remove_link
                0x00000000002071d8       0x78 build/zoul/remote-revb/obj/tsch-schedule.o
                0x00000000002071d8                tsch_schedule_remove_link
 .text.tsch_schedule_remove_slotframe
                0x0000000000207250       0x44 build/zoul/remote-revb/obj/tsch-schedule.o
                0x0000000000207250                tsch_schedule_remove_slotframe
 .text.tsch_schedule_remove_all_slotframes
                0x0000000000207294       0x20 build/zoul/remote-revb/obj/tsch-schedule.o
                0x0000000000207294                tsch_schedule_remove_all_slotframes
 .text.tsch_schedule_add_link
                0x00000000002072b4       0xb4 build/zoul/remote-revb/obj/tsch-schedule.o
                0x00000000002072b4                tsch_schedule_add_link
 .text.tsch_schedule_get_next_active_link
                0x0000000000207368      0x108 build/zoul/remote-revb/obj/tsch-schedule.o
                0x0000000000207368                tsch_schedule_get_next_active_link
 .text.tsch_schedule_init
                0x0000000000207470       0x30 build/zoul/remote-revb/obj/tsch-schedule.o
                0x0000000000207470                tsch_schedule_init
 .text.tsch_schedule_print
                0x00000000002074a0       0xdc build/zoul/remote-revb/obj/tsch-schedule.o
                0x00000000002074a0                tsch_schedule_print
 .text.tsch_schedule_slot_operation.isra.0
                0x000000000020757c       0x58 build/zoul/remote-revb/obj/tsch-slot-operation.o
 .text.get_packet_and_neighbor_for_link.constprop.5
                0x00000000002075d4       0x6c build/zoul/remote-revb/obj/tsch-slot-operation.o
 .text.tsch_tx_slot.constprop.3
                0x0000000000207640      0x404 build/zoul/remote-revb/obj/tsch-slot-operation.o
 .text.tsch_is_locked
                0x0000000000207a44        0xc build/zoul/remote-revb/obj/tsch-slot-operation.o
                0x0000000000207a44                tsch_is_locked
 .text.tsch_get_lock
                0x0000000000207a50       0x44 build/zoul/remote-revb/obj/tsch-slot-operation.o
                0x0000000000207a50                tsch_get_lock
 .text.tsch_release_lock
                0x0000000000207a94        0xc build/zoul/remote-revb/obj/tsch-slot-operation.o
                0x0000000000207a94                tsch_release_lock
 .text.tsch_calculate_channel
                0x0000000000207aa0       0x40 build/zoul/remote-revb/obj/tsch-slot-operation.o
                0x0000000000207aa0                tsch_calculate_channel
 .text.tsch_slot_operation
                0x0000000000207ae0      0x648 build/zoul/remote-revb/obj/tsch-slot-operation.o
 .text.tsch_slot_operation_start
                0x0000000000208128       0x6c build/zoul/remote-revb/obj/tsch-slot-operation.o
                0x0000000000208128                tsch_slot_operation_start
 .text.tsch_slot_operation_sync
                0x0000000000208194       0x50 build/zoul/remote-revb/obj/tsch-slot-operation.o
                0x0000000000208194                tsch_slot_operation_sync
 .text.tsch_packet_eackbuf_attr
                0x00000000002081e4        0xc build/zoul/remote-revb/obj/tsch-packet.o
                0x00000000002081e4                tsch_packet_eackbuf_attr
 .text.tsch_packet_create_eack
                0x00000000002081f0       0xa0 build/zoul/remote-revb/obj/tsch-packet.o
                0x00000000002081f0                tsch_packet_create_eack
 .text.tsch_packet_parse_eack
                0x0000000000208290       0xa4 build/zoul/remote-revb/obj/tsch-packet.o
                0x0000000000208290                tsch_packet_parse_eack
 .text.tsch_packet_create_eb
                0x0000000000208334      0x158 build/zoul/remote-revb/obj/tsch-packet.o
                0x0000000000208334                tsch_packet_create_eb
 .text.tsch_packet_update_eb
                0x000000000020848c       0x38 build/zoul/remote-revb/obj/tsch-packet.o
                0x000000000020848c                tsch_packet_update_eb
 .text.compensate_internal
                0x00000000002084c4       0x9c build/zoul/remote-revb/obj/tsch-adaptive-timesync.o
 .text.tsch_timesync_update
                0x0000000000208560       0xfc build/zoul/remote-revb/obj/tsch-adaptive-timesync.o
                0x0000000000208560                tsch_timesync_update
 .text.tsch_timesync_adaptive_compensate
                0x000000000020865c       0x70 build/zoul/remote-revb/obj/tsch-adaptive-timesync.o
                0x000000000020865c                tsch_timesync_adaptive_compensate
 .text.input    0x00000000002086cc       0x10 build/zoul/remote-revb/obj/nullnet.o
 .text.neural_send
                0x00000000002086dc       0x50 build/zoul/remote-revb/obj/nullnet.o
                0x00000000002086dc                neural_send
 .text.netstack_sniffer_add
                0x000000000020872c        0xc build/zoul/remote-revb/obj/nullnet.o
                0x000000000020872c                netstack_sniffer_add
 .text.netstack_sniffer_remove
                0x0000000000208738        0xc build/zoul/remote-revb/obj/nullnet.o
                0x0000000000208738                netstack_sniffer_remove
 .text.process_thread_nw_form_process
                0x0000000000208744      0x130 pannodes_g.o
 .text.process_thread_prediction_process
                0x0000000000208874       0x6c pannodes_g.o
 .text.process_thread_energest_process
                0x00000000002088e0       0x94 pannodes_g.o
 .text.create_neighbor
                0x0000000000208974       0x40 pannodes_g.o
                0x0000000000208974                create_neighbor
 .text.check_neighbor
                0x00000000002089b4       0x2c pannodes_g.o
                0x00000000002089b4                check_neighbor
 .text.neural_input
                0x00000000002089e0       0x60 pannodes_g.o
 .text.update_neighbor_list
                0x0000000000208a40       0x60 pannodes_g.o
                0x0000000000208a40                update_neighbor_list
 .text.input    0x0000000000208aa0       0x50 pannodes_g.o
 .text          0x0000000000208af0      0x378 /usr/bin/../lib/gcc/arm-none-eabi/7.3.1/thumb/v7-m/libgcc.a(_arm_addsubdf3.o)
                0x0000000000208af0                __aeabi_drsub
                0x0000000000208af8                __aeabi_dsub
                0x0000000000208af8                __subdf3
                0x0000000000208afc                __adddf3
                0x0000000000208afc                __aeabi_dadd
                0x0000000000208d74                __aeabi_ui2d
                0x0000000000208d74                __floatunsidf
                0x0000000000208d94                __floatsidf
                0x0000000000208d94                __aeabi_i2d
                0x0000000000208db8                __extendsfdf2
                0x0000000000208db8                __aeabi_f2d
                0x0000000000208dfc                __aeabi_ul2d
                0x0000000000208dfc                __floatundidf
                0x0000000000208e0c                __floatdidf
                0x0000000000208e0c                __aeabi_l2d
 .text          0x0000000000208e68      0x424 /usr/bin/../lib/gcc/arm-none-eabi/7.3.1/thumb/v7-m/libgcc.a(_arm_muldivdf3.o)
                0x0000000000208e68                __aeabi_dmul
                0x0000000000208e68                __muldf3
                0x00000000002090bc                __aeabi_ddiv
                0x00000000002090bc                __divdf3
 .text          0x000000000020928c       0x40 /usr/bin/../lib/gcc/arm-none-eabi/7.3.1/thumb/v7-m/libgcc.a(_arm_fixunsdfsi.o)
                0x000000000020928c                __fixunsdfsi
                0x000000000020928c                __aeabi_d2uiz
 .text          0x00000000002092cc       0xa0 /usr/bin/../lib/gcc/arm-none-eabi/7.3.1/thumb/v7-m/libgcc.a(_aeabi_ldivmod.o)
                0x00000000002092cc                __aeabi_ldivmod
 .text          0x000000000020936c       0x30 /usr/bin/../lib/gcc/arm-none-eabi/7.3.1/thumb/v7-m/libgcc.a(_aeabi_uldivmod.o)
                0x000000000020936c                __aeabi_uldivmod
 .text          0x000000000020939c      0x2d0 /usr/bin/../lib/gcc/arm-none-eabi/7.3.1/thumb/v7-m/libgcc.a(_udivmoddi4.o)
                0x000000000020939c                __udivmoddi4
 .text          0x000000000020966c        0x4 /usr/bin/../lib/gcc/arm-none-eabi/7.3.1/thumb/v7-m/libgcc.a(_dvmd_tls.o)
                0x000000000020966c                __aeabi_ldiv0
                0x000000000020966c                __aeabi_idiv0
 .text.memcmp   0x0000000000209670       0x64 /usr/bin/../lib/gcc/arm-none-eabi/7.3.1/../../../../arm-none-eabi/lib/thumb/v7-m/libc.a(lib_a-memcmp.o)
                0x0000000000209670                memcmp
 .text          0x00000000002096d4       0xec /usr/bin/../lib/gcc/arm-none-eabi/7.3.1/../../../../arm-none-eabi/lib/thumb/v7-m/libc.a(lib_a-memcpy.o)
                0x00000000002096d4                memcpy
 .text.memmove  0x00000000002097c0       0xc4 /usr/bin/../lib/gcc/arm-none-eabi/7.3.1/../../../../arm-none-eabi/lib/thumb/v7-m/libc.a(lib_a-memmove.o)
                0x00000000002097c0                memmove
 .text.memset   0x0000000000209884       0x94 /usr/bin/../lib/gcc/arm-none-eabi/7.3.1/../../../../arm-none-eabi/lib/thumb/v7-m/libc.a(lib_a-memset.o)
                0x0000000000209884                memset
 .text.default_handler
                0x0000000000209918        0x2 build/zoul/remote-revb/obj/startup-gcc.o
                0x0000000000209918                default_handler
 .text.nmi_handler
                0x000000000020991a        0x6 build/zoul/remote-revb/obj/startup-gcc.o
                0x000000000020991a                nmi_handler
 .text.fade     0x0000000000209920       0x58 build/zoul/remote-revb/obj/platform.o
 .text.platform_init_stage_one
                0x0000000000209978       0x14 build/zoul/remote-revb/obj/platform.o
                0x0000000000209978                platform_init_stage_one
 .text.platform_idle
                0x000000000020998c        0x4 build/zoul/remote-revb/obj/platform.o
                0x000000000020998c                platform_idle
 .text.board_init
                0x0000000000209990        0x4 build/zoul/remote-revb/obj/board.o
                0x0000000000209990                board_init
 .text.soc_init
                0x0000000000209994       0x22 build/zoul/remote-revb/obj/soc.o
                0x0000000000209994                soc_init
 .text.clock_isr
                0x00000000002099b6        0x4 build/zoul/remote-revb/obj/clock.o
                0x00000000002099b6                clock_isr
 .text.rtimer_arch_init
                0x00000000002099ba        0x2 build/zoul/remote-revb/obj/rtimer-arch.o
                0x00000000002099ba                rtimer_arch_init
 .text.uart0_isr
                0x00000000002099bc        0x6 build/zoul/remote-revb/obj/uart.o
                0x00000000002099bc                uart0_isr
 .text.uart1_isr
                0x00000000002099c2        0x6 build/zoul/remote-revb/obj/uart.o
                0x00000000002099c2                uart1_isr
 .text.gpio_port_a_isr
                0x00000000002099c8        0x6 build/zoul/remote-revb/obj/gpio.o
                0x00000000002099c8                gpio_port_a_isr
 .text.gpio_port_b_isr
                0x00000000002099ce        0x6 build/zoul/remote-revb/obj/gpio.o
                0x00000000002099ce                gpio_port_b_isr
 .text.gpio_port_c_isr
                0x00000000002099d4        0x6 build/zoul/remote-revb/obj/gpio.o
                0x00000000002099d4                gpio_port_c_isr
 .text.gpio_port_d_isr
                0x00000000002099da        0x6 build/zoul/remote-revb/obj/gpio.o
                0x00000000002099da                gpio_port_d_isr
 .text.send     0x00000000002099e0       0x12 build/zoul/remote-revb/obj/cc2538-rf.o
 .text.enter_pm0
                0x00000000002099f2       0x18 build/zoul/remote-revb/obj/lpm.o
 .text.int_master_read_and_disable
                0x0000000000209a0a        0x8 build/zoul/remote-revb/obj/int-master.o
                0x0000000000209a0a                int_master_read_and_disable
 .text.int_master_status_set
                0x0000000000209a12        0x6 build/zoul/remote-revb/obj/int-master.o
                0x0000000000209a12                int_master_status_set
 .text.dbg_putchar
                0x0000000000209a18       0x10 build/zoul/remote-revb/obj/dbg.o
                0x0000000000209a18                dbg_putchar
 .text.dbg_send_bytes
                0x0000000000209a28       0x20 build/zoul/remote-revb/obj/dbg.o
                0x0000000000209a28                dbg_send_bytes
 .text.configure
                0x0000000000209a48        0x4 build/zoul/remote-revb/obj/cc2538-temp-sensor.o
 .text.status   0x0000000000209a4c        0x4 build/zoul/remote-revb/obj/cc2538-temp-sensor.o
 .text.value    0x0000000000209a50       0x34 build/zoul/remote-revb/obj/cc2538-temp-sensor.o
 .text.configure
                0x0000000000209a84        0x4 build/zoul/remote-revb/obj/vdd3-sensor.o
 .text.status   0x0000000000209a88        0x4 build/zoul/remote-revb/obj/vdd3-sensor.o
 .text.value    0x0000000000209a8c       0x2a build/zoul/remote-revb/obj/vdd3-sensor.o
 .text.tree_callback_slot_rx
                0x0000000000209ab6       0x16 build/zoul/remote-revb/obj/TREE-scheduling.o
                0x0000000000209ab6                tree_callback_slot_rx
 .text.tree_callback_slot_tx
                0x0000000000209acc       0x28 build/zoul/remote-revb/obj/TREE-scheduling.o
                0x0000000000209acc                tree_callback_slot_tx
 .text.tree_callback_packet_ready
                0x0000000000209af4       0x52 build/zoul/remote-revb/obj/TREE-scheduling.o
                0x0000000000209af4                tree_callback_packet_ready
 .text.update_psi
                0x0000000000209b46        0x6 build/zoul/remote-revb/obj/TREE-infq.o
                0x0000000000209b46                update_psi
 .text.check_psi
                0x0000000000209b4c        0xa build/zoul/remote-revb/obj/TREE-infq.o
                0x0000000000209b4c                check_psi
 .text.check_phi
                0x0000000000209b56        0xe build/zoul/remote-revb/obj/TREE-infq.o
                0x0000000000209b56                check_phi
 .text.autostart_start
                0x0000000000209b64       0x14 build/zoul/remote-revb/obj/autostart.o
                0x0000000000209b64                autostart_start
 .text.etimer_set
                0x0000000000209b78       0x12 build/zoul/remote-revb/obj/etimer.o
                0x0000000000209b78                etimer_set
 .text.etimer_reset
                0x0000000000209b8a       0x12 build/zoul/remote-revb/obj/etimer.o
                0x0000000000209b8a                etimer_reset
 .text.etimer_restart
                0x0000000000209b9c       0x12 build/zoul/remote-revb/obj/etimer.o
                0x0000000000209b9c                etimer_restart
 .text.etimer_expired
                0x0000000000209bae        0xa build/zoul/remote-revb/obj/etimer.o
                0x0000000000209bae                etimer_expired
 .text.rtimer_init
                0x0000000000209bb8        0x4 build/zoul/remote-revb/obj/rtimer.o
                0x0000000000209bb8                rtimer_init
 .text.call_process
                0x0000000000209bbc        0xc build/zoul/remote-revb/obj/process.o
 .text.timer_set
                0x0000000000209bc8        0xe build/zoul/remote-revb/obj/timer.o
                0x0000000000209bc8                timer_set
 .text.timer_restart
                0x0000000000209bd6        0xc build/zoul/remote-revb/obj/timer.o
                0x0000000000209bd6                timer_restart
 .text.timer_expired
                0x0000000000209be2       0x1c build/zoul/remote-revb/obj/timer.o
                0x0000000000209be2                timer_expired
 .text.timer_reset
                0x0000000000209bfe       0x14 build/zoul/remote-revb/obj/timer.o
                0x0000000000209bfe                timer_reset
 .text.button_hal_get_state
                0x0000000000209c12       0x28 build/zoul/remote-revb/obj/button-hal.o
                0x0000000000209c12                button_hal_get_state
 .text.ringbufindex_init
                0x0000000000209c3a        0xc build/zoul/remote-revb/obj/ringbufindex.o
                0x0000000000209c3a                ringbufindex_init
 .text.ringbufindex_put
                0x0000000000209c46       0x1c build/zoul/remote-revb/obj/ringbufindex.o
                0x0000000000209c46                ringbufindex_put
 .text.ringbufindex_peek_put
                0x0000000000209c62       0x16 build/zoul/remote-revb/obj/ringbufindex.o
                0x0000000000209c62                ringbufindex_peek_put
 .text.ringbufindex_get
                0x0000000000209c78       0x1c build/zoul/remote-revb/obj/ringbufindex.o
                0x0000000000209c78                ringbufindex_get
 .text.ringbufindex_peek_get
                0x0000000000209c94       0x14 build/zoul/remote-revb/obj/ringbufindex.o
                0x0000000000209c94                ringbufindex_peek_get
 .text.ringbufindex_elements
                0x0000000000209ca8        0xc build/zoul/remote-revb/obj/ringbufindex.o
                0x0000000000209ca8                ringbufindex_elements
 .text.ringbufindex_empty
                0x0000000000209cb4        0xe build/zoul/remote-revb/obj/ringbufindex.o
                0x0000000000209cb4                ringbufindex_empty
 .text.list_init
                0x0000000000209cc2        0x6 build/zoul/remote-revb/obj/list.o
                0x0000000000209cc2                list_init
 .text.list_head
                0x0000000000209cc8        0x4 build/zoul/remote-revb/obj/list.o
                0x0000000000209cc8                list_head
 .text.list_tail
                0x0000000000209ccc       0x10 build/zoul/remote-revb/obj/list.o
                0x0000000000209ccc                list_tail
 .text.list_remove
                0x0000000000209cdc       0x26 build/zoul/remote-revb/obj/list.o
                0x0000000000209cdc                list_remove
 .text.list_add
                0x0000000000209d02       0x1a build/zoul/remote-revb/obj/list.o
                0x0000000000209d02                list_add
 .text.list_item_next
                0x0000000000209d1c        0x6 build/zoul/remote-revb/obj/list.o
                0x0000000000209d1c                list_item_next
 .text.memb_init
                0x0000000000209d22       0x20 build/zoul/remote-revb/obj/memb.o
                0x0000000000209d22                memb_init
 .text.memb_alloc
                0x0000000000209d42       0x28 build/zoul/remote-revb/obj/memb.o
                0x0000000000209d42                memb_alloc
 .text.memb_free
                0x0000000000209d6a       0x2c build/zoul/remote-revb/obj/memb.o
                0x0000000000209d6a                memb_free
 .text.memb_inmemb
                0x0000000000209d96       0x1c build/zoul/remote-revb/obj/memb.o
                0x0000000000209d96                memb_inmemb
 .text.ringbuf_init
                0x0000000000209db2        0xe build/zoul/remote-revb/obj/ringbuf.o
                0x0000000000209db2                ringbuf_init
 .text.ringbuf_put
                0x0000000000209dc0       0x26 build/zoul/remote-revb/obj/ringbuf.o
                0x0000000000209dc0                ringbuf_put
 .text.ringbuf_get
                0x0000000000209de6       0x20 build/zoul/remote-revb/obj/ringbuf.o
                0x0000000000209de6                ringbuf_get
 .text.queuebuf_datalen
                0x0000000000209e06        0x8 build/zoul/remote-revb/obj/queuebuf.o
                0x0000000000209e06                queuebuf_datalen
 .text.queuebuf_addr
                0x0000000000209e0e        0xa build/zoul/remote-revb/obj/queuebuf.o
                0x0000000000209e0e                queuebuf_addr
 .text.queuebuf_attr
                0x0000000000209e18        0xc build/zoul/remote-revb/obj/queuebuf.o
                0x0000000000209e18                queuebuf_attr
 .text.item_from_index
                0x0000000000209e24       0x14 build/zoul/remote-revb/obj/nbr-table.o
 .text.index_from_item
                0x0000000000209e38       0x16 build/zoul/remote-revb/obj/nbr-table.o
 .text.nbr_set_bit
                0x0000000000209e4e       0x3a build/zoul/remote-revb/obj/nbr-table.o
 .text.nbr_table_get_from_lladdr
                0x0000000000209e88       0x26 build/zoul/remote-revb/obj/nbr-table.o
                0x0000000000209e88                nbr_table_get_from_lladdr
 .text.packetbuf_remaininglen
                0x0000000000209eae        0xe build/zoul/remote-revb/obj/packetbuf.o
                0x0000000000209eae                packetbuf_remaininglen
 .text.linkaddr_copy
                0x0000000000209ebc        0x6 build/zoul/remote-revb/obj/linkaddr.o
                0x0000000000209ebc                linkaddr_copy
 .text.linkaddr_cmp
                0x0000000000209ec2       0x10 build/zoul/remote-revb/obj/linkaddr.o
                0x0000000000209ec2                linkaddr_cmp
 .text.link_stats_is_fresh
                0x0000000000209ed2       0x24 build/zoul/remote-revb/obj/link-stats.o
                0x0000000000209ed2                link_stats_is_fresh
 .text.guess_etx_from_rssi
                0x0000000000209ef6       0x42 build/zoul/remote-revb/obj/link-stats.o
                0x0000000000209ef6                guess_etx_from_rssi
 .text.mac_call_sent_callback
                0x0000000000209f38       0x18 build/zoul/remote-revb/obj/mac.o
                0x0000000000209f38                mac_call_sent_callback
 .text.frame80215e_create_ie_header_ack_nack_time_correction
                0x0000000000209f50       0x2c build/zoul/remote-revb/obj/frame802154e-ie.o
                0x0000000000209f50                frame80215e_create_ie_header_ack_nack_time_correction
 .text.frame80215e_create_ie_header_list_termination_1
                0x0000000000209f7c       0x18 build/zoul/remote-revb/obj/frame802154e-ie.o
                0x0000000000209f7c                frame80215e_create_ie_header_list_termination_1
 .text.frame80215e_create_ie_mlme
                0x0000000000209f94       0x20 build/zoul/remote-revb/obj/frame802154e-ie.o
                0x0000000000209f94                frame80215e_create_ie_mlme
 .text.frame80215e_create_ie_tsch_synchronization
                0x0000000000209fb4       0x32 build/zoul/remote-revb/obj/frame802154e-ie.o
                0x0000000000209fb4                frame80215e_create_ie_tsch_synchronization
 .text.frame80215e_create_ie_tsch_slotframe_and_link
                0x0000000000209fe6       0x96 build/zoul/remote-revb/obj/frame802154e-ie.o
                0x0000000000209fe6                frame80215e_create_ie_tsch_slotframe_and_link
 .text.frame80215e_create_ie_tsch_timeslot
                0x000000000020a07c       0x44 build/zoul/remote-revb/obj/frame802154e-ie.o
                0x000000000020a07c                frame80215e_create_ie_tsch_timeslot
 .text.frame80215e_create_ie_tsch_channel_hopping_sequence
                0x000000000020a0c0       0x72 build/zoul/remote-revb/obj/frame802154e-ie.o
                0x000000000020a0c0                frame80215e_create_ie_tsch_channel_hopping_sequence
 .text.parse    0x000000000020a132       0x94 build/zoul/remote-revb/obj/framer-802154.o
 .text.framer_802154_setup_params.part.0
                0x000000000020a1c6       0x7e build/zoul/remote-revb/obj/framer-802154.o
 .text.create   0x000000000020a244        0x6 build/zoul/remote-revb/obj/framer-802154.o
 .text.hdr_length
                0x000000000020a24a        0x6 build/zoul/remote-revb/obj/framer-802154.o
 .text.framer_802154_setup_params
                0x000000000020a250        0xa build/zoul/remote-revb/obj/framer-802154.o
                0x000000000020a250                framer_802154_setup_params
 .text.frame802154_has_panid
                0x000000000020a25a       0xbc build/zoul/remote-revb/obj/frame802154.o
                0x000000000020a25a                frame802154_has_panid
 .text.field_len
                0x000000000020a316       0x84 build/zoul/remote-revb/obj/frame802154.o
 .text.frame802154_is_broadcast_addr
                0x000000000020a39a       0x1e build/zoul/remote-revb/obj/frame802154.o
                0x000000000020a39a                frame802154_is_broadcast_addr
 .text.frame802154_hdrlen
                0x000000000020a3b8       0x32 build/zoul/remote-revb/obj/frame802154.o
                0x000000000020a3b8                frame802154_hdrlen
 .text.frame802154_create_fcf
                0x000000000020a3ea       0x5e build/zoul/remote-revb/obj/frame802154.o
                0x000000000020a3ea                frame802154_create_fcf
 .text.frame802154_create
                0x000000000020a448       0x8e build/zoul/remote-revb/obj/frame802154.o
                0x000000000020a448                frame802154_create
 .text.frame802154_parse_fcf
                0x000000000020a4d6       0x66 build/zoul/remote-revb/obj/frame802154.o
                0x000000000020a4d6                frame802154_parse_fcf
 .text.write_str
                0x000000000020a53c       0x10 build/zoul/remote-revb/obj/printf.o
 .text.putchar  0x000000000020a54c        0xc build/zoul/remote-revb/obj/putchar.o
                0x000000000020a54c                putchar
 .text.tsch_queue_packet_count
                0x000000000020a558       0x22 build/zoul/remote-revb/obj/tsch-queue.o
                0x000000000020a558                tsch_queue_packet_count
 .text.tsch_queue_remove_packet_from_queue
                0x000000000020a57a       0x28 build/zoul/remote-revb/obj/tsch-queue.o
                0x000000000020a57a                tsch_queue_remove_packet_from_queue
 .text.tsch_queue_is_empty
                0x000000000020a5a2       0x20 build/zoul/remote-revb/obj/tsch-queue.o
                0x000000000020a5a2                tsch_queue_is_empty
 .text.tsch_queue_flush_nbr_queue
                0x000000000020a5c2       0x32 build/zoul/remote-revb/obj/tsch-queue.o
 .text.tsch_queue_get_packet_for_nbr
                0x000000000020a5f4       0x6a build/zoul/remote-revb/obj/tsch-queue.o
                0x000000000020a5f4                tsch_queue_get_packet_for_nbr
 .text.tsch_queue_backoff_inc
                0x000000000020a65e       0x26 build/zoul/remote-revb/obj/tsch-queue.o
                0x000000000020a65e                tsch_queue_backoff_inc
 .text.tsch_queue_packet_sent
                0x000000000020a684       0x50 build/zoul/remote-revb/obj/tsch-queue.o
                0x000000000020a684                tsch_queue_packet_sent
 .text.tsch_schedule_get_link_by_timeslot
                0x000000000020a6d4       0x2a build/zoul/remote-revb/obj/tsch-schedule.o
                0x000000000020a6d4                tsch_schedule_get_link_by_timeslot
 .text.tsch_schedule_remove_link_by_timeslot
                0x000000000020a6fe       0x1a build/zoul/remote-revb/obj/tsch-schedule.o
                0x000000000020a6fe                tsch_schedule_remove_link_by_timeslot
 .text.tsch_packet_parse_eb
                0x000000000020a718       0x72 build/zoul/remote-revb/obj/tsch-packet.o
                0x000000000020a718                tsch_packet_parse_eb
 .text.tsch_packet_get_frame_pending
                0x000000000020a78a        0x8 build/zoul/remote-revb/obj/tsch-packet.o
                0x000000000020a78a                tsch_packet_get_frame_pending
 .text.init     0x000000000020a792        0x2 build/zoul/remote-revb/obj/nullnet.o
 .text.init     0x000000000020a794        0x2 build/zoul/remote-revb/obj/nullrouting.o
 .text.root_set_prefix
                0x000000000020a796        0x2 build/zoul/remote-revb/obj/nullrouting.o
 .text.root_start
                0x000000000020a798        0x4 build/zoul/remote-revb/obj/nullrouting.o
 .text.get_root_ipaddr
                0x000000000020a79c        0x4 build/zoul/remote-revb/obj/nullrouting.o
 .text.get_sr_node_ipaddr
                0x000000000020a7a0        0x4 build/zoul/remote-revb/obj/nullrouting.o
 .text.node_has_joined
                0x000000000020a7a4        0x4 build/zoul/remote-revb/obj/nullrouting.o
 .text.global_repair
                0x000000000020a7a8        0x2 build/zoul/remote-revb/obj/nullrouting.o
 .text.ext_header_remove
                0x000000000020a7aa        0x4 build/zoul/remote-revb/obj/nullrouting.o
 .text.ext_header_hbh_update
                0x000000000020a7ae        0x4 build/zoul/remote-revb/obj/nullrouting.o
 .text.link_callback
                0x000000000020a7b2        0x2 build/zoul/remote-revb/obj/nullrouting.o
 .text.local_repair
                0x000000000020a7b4        0x2 build/zoul/remote-revb/obj/nullrouting.o
 .text.ext_header_srh_get_next_hop
                0x000000000020a7b6        0x4 build/zoul/remote-revb/obj/nullrouting.o
 .text.neighbor_state_changed
                0x000000000020a7ba        0x2 build/zoul/remote-revb/obj/nullrouting.o
 .text.drop_route
                0x000000000020a7bc        0x2 build/zoul/remote-revb/obj/nullrouting.o
 .text.node_is_root
                0x000000000020a7be        0x4 build/zoul/remote-revb/obj/nullrouting.o
 .text.node_is_reachable
                0x000000000020a7c2        0x4 build/zoul/remote-revb/obj/nullrouting.o
 .text.ext_header_update
                0x000000000020a7c6        0x4 build/zoul/remote-revb/obj/nullrouting.o
 .text.ext_header_srh_update
                0x000000000020a7ca        0x4 build/zoul/remote-revb/obj/nullrouting.o
 .text.leave_network
                0x000000000020a7ce        0x2 build/zoul/remote-revb/obj/nullrouting.o
 .text.output   0x000000000020a7d0        0x2 pannodes_g.o
 .text.neural_output
                0x000000000020a7d2        0x2 pannodes_g.o
 *(SORT_BY_ALIGNMENT(.rodata*))
 .rodata.uart_regs
                0x000000000020a7d4       0x58 build/zoul/remote-revb/obj/uart.o
 .rodata.cc2538_rf_driver
                0x000000000020a82c       0x38 build/zoul/remote-revb/obj/cc2538-rf.o
                0x000000000020a82c                cc2538_rf_driver
 .rodata.output_power
                0x000000000020a864       0x70 build/zoul/remote-revb/obj/cc2538-rf.o
 .rodata.cc2538_temp_sensor
                0x000000000020a8d4       0x10 build/zoul/remote-revb/obj/cc2538-temp-sensor.o
                0x000000000020a8d4                cc2538_temp_sensor
 .rodata.vdd3_sensor
                0x000000000020a8e4       0x10 build/zoul/remote-revb/obj/vdd3-sensor.o
                0x000000000020a8e4                vdd3_sensor
 .rodata.framer_802154
                0x000000000020a8f4        0xc build/zoul/remote-revb/obj/framer-802154.o
                0x000000000020a8f4                framer_802154
 .rodata.tschmac_driver
                0x000000000020a900       0x1c build/zoul/remote-revb/obj/tsch.o
                0x000000000020a900                tschmac_driver
 .rodata.neuralnet_driver
                0x000000000020a91c       0x10 build/zoul/remote-revb/obj/nullnet.o
                0x000000000020a91c                neuralnet_driver
 .rodata.nullrouting_driver
                0x000000000020a92c       0x50 build/zoul/remote-revb/obj/nullrouting.o
                0x000000000020a92c                nullrouting_driver
 .rodata.autostart_processes
                0x000000000020a97c        0x8 pannodes_g.o
                0x000000000020a97c                autostart_processes
 .rodata.linkaddr_null
                0x000000000020a984        0x8 build/zoul/remote-revb/obj/linkaddr.o
                0x000000000020a984                linkaddr_null
 .rodata.tsch_broadcast_address
                0x000000000020a98c        0x8 build/zoul/remote-revb/obj/tsch.o
                0x000000000020a98c                tsch_broadcast_address
 .rodata.tsch_eb_address
                0x000000000020a994        0x8 build/zoul/remote-revb/obj/tsch.o
                0x000000000020a994                tsch_eb_address
 .rodata.tsch_timeslot_timing_us_10000
                0x000000000020a99c       0x18 build/zoul/remote-revb/obj/tsch-timeslot-timing.o
                0x000000000020a99c                tsch_timeslot_timing_us_10000
 .rodata.mtd    0x000000000020a9b4        0x8 pannodes_g.o
                0x000000000020a9b4                mtd
 .rodata.platform_init_stage_three.str1.1
                0x000000000020a9bc       0x3e build/zoul/remote-revb/obj/platform.o
                                         0x42 (size before relaxing)
 .rodata.leds_arch_leds
                0x000000000020a9fa        0x6 build/zoul/remote-revb/obj/leds-arch.o
                0x000000000020a9fa                leds_arch_leds
 .rodata.str1.1
                0x000000000020aa00        0xc build/zoul/remote-revb/obj/board-buttons.o
 .rodata.str1.1
                0x000000000020aa0c       0x14 build/zoul/remote-revb/obj/cc2538-temp-sensor.o
 .rodata.str1.1
                0x000000000020aa20        0x5 build/zoul/remote-revb/obj/vdd3-sensor.o
 .rodata.main.str1.1
                0x000000000020aa25       0xb0 build/zoul/remote-revb/obj/contiki-main.o
                                         0xc6 (size before relaxing)
 .rodata.log_lladdr.str1.1
                0x000000000020aad5       0x16 build/zoul/remote-revb/obj/log.o
 .rodata.process_thread_stack_check_process.str1.1
                0x000000000020aaeb       0x4f build/zoul/remote-revb/obj/stack-check.o
                                         0x5e (size before relaxing)
 .rodata.buffer.5371
                0x000000000020ab3a       0x10 build/zoul/remote-revb/obj/strformat.o
 .rodata.buffer.5380
                0x000000000020ab4a       0x10 build/zoul/remote-revb/obj/strformat.o
 .rodata.format_str_v.str1.1
                0x000000000020ab5a       0x35 build/zoul/remote-revb/obj/strformat.o
                                         0x37 (size before relaxing)
 .rodata        0x000000000020ab8f        0x4 build/zoul/remote-revb/obj/tsch.o
 .rodata.str1.1
                0x000000000020ab93        0x5 build/zoul/remote-revb/obj/tsch.o
 .rodata.tsch_schedule_print.str1.1
                0x000000000020ab98       0xb9 build/zoul/remote-revb/obj/tsch-schedule.o
                                         0xc8 (size before relaxing)
 .rodata.str1.1
                0x000000000020ac51        0xa build/zoul/remote-revb/obj/nullnet.o
 .rodata.str1.1
                0x000000000020ac5b        0xc build/zoul/remote-revb/obj/nullrouting.o
 .rodata.process_thread_energest_process.str1.1
                0x000000000020ac67       0x49 pannodes_g.o
 .rodata.process_thread_nw_form_process.str1.1
                0x000000000020acb0       0x4f pannodes_g.o
 .rodata.process_thread_prediction_process.str1.1
                0x000000000020acff       0x12 pannodes_g.o
                0x000000000020ad11                _etext = .

.glue_7         0x000000000020ad14        0x0
 .glue_7        0x000000000020ad14        0x0 linker stubs

.glue_7t        0x000000000020ad14        0x0
 .glue_7t       0x000000000020ad14        0x0 linker stubs

.vfp11_veneer   0x000000000020ad14        0x0
 .vfp11_veneer  0x000000000020ad14        0x0 linker stubs

.v4_bx          0x000000000020ad14        0x0
 .v4_bx         0x000000000020ad14        0x0 linker stubs

.iplt           0x000000000020ad14        0x0
 .iplt          0x000000000020ad14        0x0 build/zoul/remote-revb/obj/startup-gcc.o

.socdata        0x0000000020004000       0x40
 *(SORT_BY_ALIGNMENT(.udma_channel_control_table))
 .udma_channel_control_table
                0x0000000020004000       0x40 build/zoul/remote-revb/obj/udma.o

.data           0x0000000020004040      0x1ad load address 0x000000000020ad14
                0x0000000020004040                _data = .
 *(SORT_BY_ALIGNMENT(.data*))
 .data.button_hal_buttons
                0x0000000020004040        0x8 build/zoul/remote-revb/obj/board-buttons.o
                0x0000000020004040                button_hal_buttons
 .data.button_user
                0x0000000020004048       0x50 build/zoul/remote-revb/obj/board-buttons.o
 .data.sensors  0x0000000020004098        0xc build/zoul/remote-revb/obj/zoul-sensors.o
                0x0000000020004098                sensors
 .data.cc2538_rf_process
                0x00000000200040a4        0xc build/zoul/remote-revb/obj/cc2538-rf.o
                0x00000000200040a4                cc2538_rf_process
 .data.control_packet_seqno
                0x00000000200040b0        0x4 build/zoul/remote-revb/obj/TREE-scheduling.o
 .data.tree_scheduling_process
                0x00000000200040b4        0xc build/zoul/remote-revb/obj/TREE-scheduling.o
                0x00000000200040b4                tree_scheduling_process
 .data.etimer_process
                0x00000000200040c0        0xc build/zoul/remote-revb/obj/etimer.o
                0x00000000200040c0                etimer_process
 .data.curr_log_level_main
                0x00000000200040cc        0x4 build/zoul/remote-revb/obj/log.o
                0x00000000200040cc                curr_log_level_main
 .data.ctimer_process
                0x00000000200040d0        0xc build/zoul/remote-revb/obj/ctimer.o
                0x00000000200040d0                ctimer_process
 .data.stack_check_process
                0x00000000200040dc        0xc build/zoul/remote-revb/obj/stack-check.o
                0x00000000200040dc                stack_check_process
 .data.button_hal_process
                0x00000000200040e8        0xc build/zoul/remote-revb/obj/button-hal.o
                0x00000000200040e8                button_hal_process
 .data.serial_line_process
                0x00000000200040f4        0xc build/zoul/remote-revb/obj/serial-line.o
                0x00000000200040f4                serial_line_process
 .data.sensors_process
                0x0000000020004100        0xc build/zoul/remote-revb/obj/sensors.o
                0x0000000020004100                sensors_process
 .data.bufmem   0x000000002000410c        0xc build/zoul/remote-revb/obj/queuebuf.o
 .data.buframmem
                0x0000000020004118        0xc build/zoul/remote-revb/obj/queuebuf.o
 .data.neighbor_addr_mem
                0x0000000020004124        0xc build/zoul/remote-revb/obj/nbr-table.o
 .data.link_stats_struct
                0x0000000020004130       0x10 build/zoul/remote-revb/obj/link-stats.o
 .data.ctxt     0x0000000020004140        0x8 build/zoul/remote-revb/obj/printf.o
 .data.tsch_pending_events_process
                0x0000000020004148        0xc build/zoul/remote-revb/obj/tsch.o
                0x0000000020004148                tsch_pending_events_process
 .data.tsch_process
                0x0000000020004154        0xc build/zoul/remote-revb/obj/tsch.o
                0x0000000020004154                tsch_process
 .data.tsch_send_eb_process
                0x0000000020004160        0xc build/zoul/remote-revb/obj/tsch.o
                0x0000000020004160                tsch_send_eb_process
 .data.neighbor_memb
                0x000000002000416c        0xc build/zoul/remote-revb/obj/tsch-queue.o
 .data.packet_memb
                0x0000000020004178        0xc build/zoul/remote-revb/obj/tsch-queue.o
 .data.link_memb
                0x0000000020004184        0xc build/zoul/remote-revb/obj/tsch-schedule.o
 .data.slotframe_memb
                0x0000000020004190        0xc build/zoul/remote-revb/obj/tsch-schedule.o
 .data.packet_ready.6566
                0x000000002000419c        0x4 build/zoul/remote-revb/obj/tsch-slot-operation.o
 .data.e1       0x00000000200041a0        0xc pannodes_g.o
 .data.energest_process
                0x00000000200041ac        0xc pannodes_g.o
                0x00000000200041ac                energest_process
 .data.neighbors_memb
                0x00000000200041b8        0xc pannodes_g.o
 .data.neural   0x00000000200041c4        0xc pannodes_g.o
 .data.nw_form_process
                0x00000000200041d0        0xc pannodes_g.o
                0x00000000200041d0                nw_form_process
 .data.prediction_process
                0x00000000200041dc        0xc pannodes_g.o
                0x00000000200041dc                prediction_process
 .data.mac_pan_id
                0x00000000200041e8        0x2 build/zoul/remote-revb/obj/frame802154.o
 .data.rf_channel
                0x00000000200041ea        0x1 build/zoul/remote-revb/obj/cc2538-rf.o
 .data.send_on_cca
                0x00000000200041eb        0x1 build/zoul/remote-revb/obj/cc2538-rf.o
 .data.action_state
                0x00000000200041ec        0x1 build/zoul/remote-revb/obj/TREE-scheduling.o
                0x00000000200041ec                action_state
                0x00000000200041ed                _edata = .
                0x000000000020ad14                _ldata = LOADADDR (.data)

.igot.plt       0x00000000200041f0        0x0 load address 0x000000000020aec1
 .igot.plt      0x00000000200041f0        0x0 build/zoul/remote-revb/obj/startup-gcc.o

.ARM.exidx      0x000000000020aec4        0x8
 *(SORT_BY_ALIGNMENT(.ARM.exidx*))
 .ARM.exidx     0x000000000020aec4        0x8 /usr/bin/../lib/gcc/arm-none-eabi/7.3.1/thumb/v7-m/libgcc.a(_udivmoddi4.o)

.bss            0x00000000200041f0     0x1b10
                0x00000000200041f0                _bss = .
 *(SORT_BY_ALIGNMENT(.bss*))
 .bss.rt_ticks_epoch
                0x00000000200041f0        0x8 build/zoul/remote-revb/obj/clock.o
 .bss.rt_ticks_startup
                0x00000000200041f8        0x8 build/zoul/remote-revb/obj/clock.o
 .bss.next_trigger
                0x0000000020004200        0x4 build/zoul/remote-revb/obj/rtimer-arch.o
 .bss.input_handler
                0x0000000020004204        0x8 build/zoul/remote-revb/obj/uart.o
 .bss.ioc_over  0x000000002000420c        0x4 build/zoul/remote-revb/obj/ioc.o
 .bss.ioc_sel   0x0000000020004210        0x4 build/zoul/remote-revb/obj/ioc.o
 .bss.notification_process
                0x0000000020004214        0x4 build/zoul/remote-revb/obj/crypto.o
 .bss.prev_FRMCTRL0
                0x0000000020004218        0x4 build/zoul/remote-revb/obj/cc2538-rf.o
 .bss.prev_MDMTEST1
                0x000000002000421c        0x4 build/zoul/remote-revb/obj/cc2538-rf.o
 .bss.periph_permit_pm1_funcs
                0x0000000020004220       0x14 build/zoul/remote-revb/obj/lpm.o
 .bss.notification_process
                0x0000000020004234        0x4 build/zoul/remote-revb/obj/pka.o
 .bss.counter.6989
                0x0000000020004238        0x4 build/zoul/remote-revb/obj/TREE-scheduling.o
 .bss.et.6988   0x000000002000423c       0x10 build/zoul/remote-revb/obj/TREE-scheduling.o
 .bss.slotframe_bc
                0x000000002000424c        0x4 build/zoul/remote-revb/obj/TREE-scheduling.o
 .bss.slotframe_data
                0x0000000020004250        0x4 build/zoul/remote-revb/obj/TREE-scheduling.o
 .bss.slotframe_eb
                0x0000000020004254        0x4 build/zoul/remote-revb/obj/TREE-scheduling.o
 .bss.waitack_counter
                0x0000000020004258        0x4 build/zoul/remote-revb/obj/TREE-scheduling.o
 .bss.next_expiration
                0x000000002000425c        0x4 build/zoul/remote-revb/obj/etimer.o
 .bss.timerlist
                0x0000000020004260        0x4 build/zoul/remote-revb/obj/etimer.o
 .bss.curr_log_level_mac
                0x0000000020004264        0x4 build/zoul/remote-revb/obj/log.o
                0x0000000020004264                curr_log_level_mac
 .bss.ctimer_list_list
                0x0000000020004268        0x4 build/zoul/remote-revb/obj/ctimer.o
 .bss.next_rtimer
                0x000000002000426c        0x4 build/zoul/remote-revb/obj/rtimer.o
 .bss.events    0x0000000020004270      0x180 build/zoul/remote-revb/obj/process.o
 .bss.process_current
                0x00000000200043f0        0x4 build/zoul/remote-revb/obj/process.o
                0x00000000200043f0                process_current
 .bss.process_list
                0x00000000200043f4        0x4 build/zoul/remote-revb/obj/process.o
                0x00000000200043f4                process_list
 .bss.et.5377   0x00000000200043f8       0x10 build/zoul/remote-revb/obj/stack-check.o
 .bss.button_event_handler
                0x0000000020004408        0xc build/zoul/remote-revb/obj/button-hal.o
 .bss.pmask     0x0000000020004414        0x4 build/zoul/remote-revb/obj/button-hal.o
 .bss.ptr.5339  0x0000000020004418        0x4 build/zoul/remote-revb/obj/serial-line.o
 .bss.rxbuf     0x000000002000441c        0x8 build/zoul/remote-revb/obj/serial-line.o
 .bss.handlers_list
                0x0000000020004424        0x4 build/zoul/remote-revb/obj/gpio-hal.o
 .bss.events.5355
                0x0000000020004428        0x4 build/zoul/remote-revb/obj/sensors.o
 .bss.i.5354    0x000000002000442c        0x4 build/zoul/remote-revb/obj/sensors.o
 .bss.bufmem_memb_mem
                0x0000000020004430       0x20 build/zoul/remote-revb/obj/queuebuf.o
 .bss.all_tables
                0x0000000020004450       0x20 build/zoul/remote-revb/obj/nbr-table.o
 .bss.nbr_table_keys_list
                0x0000000020004470        0x4 build/zoul/remote-revb/obj/nbr-table.o
 .bss.neighbor_addr_mem_memb_mem
                0x0000000020004474       0x30 build/zoul/remote-revb/obj/nbr-table.o
 .bss.packetbuf_aligned
                0x00000000200044a4       0x80 build/zoul/remote-revb/obj/packetbuf.o
 .bss._link_stats_mem
                0x0000000020004524       0x30 build/zoul/remote-revb/obj/link-stats.o
 .bss.received_seqnos
                0x0000000020004554      0x100 build/zoul/remote-revb/obj/mac-sequence.o
 .bss.current_channel_since.6959
                0x0000000020004654        0x4 build/zoul/remote-revb/obj/tsch.o
 .bss.eb_timer.6996
                0x0000000020004658       0x10 build/zoul/remote-revb/obj/tsch.o
 .bss.input_eb.6957
                0x0000000020004668       0x90 build/zoul/remote-revb/obj/tsch.o
 .bss.keepalive_timer
                0x00000000200046f8       0x20 build/zoul/remote-revb/obj/tsch.o
 .bss.scan_timer.6958
                0x0000000020004718       0x10 build/zoul/remote-revb/obj/tsch.o
 .bss.tsch_association_count
                0x0000000020004728        0x4 build/zoul/remote-revb/obj/tsch.o
                0x0000000020004728                tsch_association_count
 .bss.tsch_current_eb_period
                0x000000002000472c        0x4 build/zoul/remote-revb/obj/tsch.o
 .bss.tsch_current_ka_timeout
                0x0000000020004730        0x4 build/zoul/remote-revb/obj/tsch.o
 .bss.tsch_default_timing_us
                0x0000000020004734        0x4 build/zoul/remote-revb/obj/tsch.o
 .bss.tsch_is_associated
                0x0000000020004738        0x4 build/zoul/remote-revb/obj/tsch.o
                0x0000000020004738                tsch_is_associated
 .bss.tsch_is_coordinator
                0x000000002000473c        0x4 build/zoul/remote-revb/obj/tsch.o
                0x000000002000473c                tsch_is_coordinator
 .bss.tsch_is_initialized
                0x0000000020004740        0x4 build/zoul/remote-revb/obj/tsch.o
                0x0000000020004740                tsch_is_initialized
 .bss.tsch_is_pan_secured
                0x0000000020004744        0x4 build/zoul/remote-revb/obj/tsch.o
                0x0000000020004744                tsch_is_pan_secured
 .bss.tsch_is_started
                0x0000000020004748        0x4 build/zoul/remote-revb/obj/tsch.o
                0x0000000020004748                tsch_is_started
 .bss.neighbor_list_list
                0x000000002000474c        0x4 build/zoul/remote-revb/obj/tsch-queue.o
 .bss.neighbor_memb_memb_mem
                0x0000000020004750      0x168 build/zoul/remote-revb/obj/tsch-queue.o
 .bss.packet_memb_memb_mem
                0x00000000200048b8       0xa0 build/zoul/remote-revb/obj/tsch-queue.o
 .bss.current_link_handle.6585
                0x0000000020004958        0x4 build/zoul/remote-revb/obj/tsch-schedule.o
 .bss.link_memb_memb_mem
                0x000000002000495c      0x640 build/zoul/remote-revb/obj/tsch-schedule.o
 .bss.slotframe_list_list
                0x0000000020004f9c        0x4 build/zoul/remote-revb/obj/tsch-schedule.o
 .bss.slotframe_memb_memb_mem
                0x0000000020004fa0       0x50 build/zoul/remote-revb/obj/tsch-schedule.o
 .bss.ack_len.6647
                0x0000000020004ff0        0x4 build/zoul/remote-revb/obj/tsch-slot-operation.o
 .bss.backup_link
                0x0000000020004ff4        0x4 build/zoul/remote-revb/obj/tsch-slot-operation.o
 .bss.burst_link_scheduled
                0x0000000020004ff8        0x4 build/zoul/remote-revb/obj/tsch-slot-operation.o
 .bss.current_input.6618
                0x0000000020004ffc        0x4 build/zoul/remote-revb/obj/tsch-slot-operation.o
 .bss.current_link
                0x0000000020005000        0x4 build/zoul/remote-revb/obj/tsch-slot-operation.o
                0x0000000020005000                current_link
 .bss.current_neighbor
                0x0000000020005004        0x4 build/zoul/remote-revb/obj/tsch-slot-operation.o
 .bss.current_packet
                0x0000000020005008        0x4 build/zoul/remote-revb/obj/tsch-slot-operation.o
 .bss.current_slot_start
                0x000000002000500c        0x4 build/zoul/remote-revb/obj/tsch-slot-operation.o
 .bss.dequeued_index.6565
                0x0000000020005010        0x4 build/zoul/remote-revb/obj/tsch-slot-operation.o
 .bss.drift_correction
                0x0000000020005014        0x4 build/zoul/remote-revb/obj/tsch-slot-operation.o
 .bss.estimated_drift.6619
                0x0000000020005018        0x4 build/zoul/remote-revb/obj/tsch-slot-operation.o
 .bss.expected_rx_time.6621
                0x000000002000501c        0x4 build/zoul/remote-revb/obj/tsch-slot-operation.o
 .bss.frame.6642
                0x0000000020005020       0x40 build/zoul/remote-revb/obj/tsch-slot-operation.o
 .bss.frame_valid.6640
                0x0000000020005060        0x4 build/zoul/remote-revb/obj/tsch-slot-operation.o
 .bss.input_queue_drop.6615
                0x0000000020005064        0x4 build/zoul/remote-revb/obj/tsch-slot-operation.o
 .bss.last_sync_asn
                0x0000000020005068        0x8 build/zoul/remote-revb/obj/tsch-slot-operation.o
 .bss.last_timesource_neighbor
                0x0000000020005070        0x4 build/zoul/remote-revb/obj/tsch-slot-operation.o
                0x0000000020005070                last_timesource_neighbor
 .bss.packet.6569
                0x0000000020005074        0x4 build/zoul/remote-revb/obj/tsch-slot-operation.o
 .bss.packet_duration.6622
                0x0000000020005078        0x4 build/zoul/remote-revb/obj/tsch-slot-operation.o
 .bss.rx_start_time.6620
                0x000000002000507c        0x4 build/zoul/remote-revb/obj/tsch-slot-operation.o
 .bss.slot_operation_timer.6679
                0x0000000020005080        0xc build/zoul/remote-revb/obj/tsch-slot-operation.o
 .bss.tsch_current_burst_count
                0x000000002000508c        0x4 build/zoul/remote-revb/obj/tsch-slot-operation.o
                0x000000002000508c                tsch_current_burst_count
 .bss.tsch_in_slot_operation
                0x0000000020005090        0x4 build/zoul/remote-revb/obj/tsch-slot-operation.o
 .bss.tsch_lock_requested
                0x0000000020005094        0x4 build/zoul/remote-revb/obj/tsch-slot-operation.o
 .bss.tsch_locked
                0x0000000020005098        0x4 build/zoul/remote-revb/obj/tsch-slot-operation.o
 .bss.tx_duration.6575
                0x000000002000509c        0x4 build/zoul/remote-revb/obj/tsch-slot-operation.o
 .bss.tx_start_time.6573
                0x00000000200050a0        0x4 build/zoul/remote-revb/obj/tsch-slot-operation.o
 .bss.asn_since_last_learning
                0x00000000200050a4        0x4 build/zoul/remote-revb/obj/tsch-adaptive-timesync.o
 .bss.base_drift_remainder.6417
                0x00000000200050a8        0x4 build/zoul/remote-revb/obj/tsch-adaptive-timesync.o
 .bss.buffer.6383
                0x00000000200050ac       0x20 build/zoul/remote-revb/obj/tsch-adaptive-timesync.o
 .bss.compensated_ticks
                0x00000000200050cc        0x4 build/zoul/remote-revb/obj/tsch-adaptive-timesync.o
 .bss.drift_ppm
                0x00000000200050d0        0x4 build/zoul/remote-revb/obj/tsch-adaptive-timesync.o
 .bss.remainder.6415
                0x00000000200050d4        0x4 build/zoul/remote-revb/obj/tsch-adaptive-timesync.o
 .bss.callback  0x00000000200050d8        0x4 build/zoul/remote-revb/obj/nullnet.o
 .bss.et1.6994  0x00000000200050dc       0x10 pannodes_g.o
 .bss.et1.7015  0x00000000200050ec       0x10 pannodes_g.o
 .bss.et2.6995  0x00000000200050fc       0x10 pannodes_g.o
 .bss.et2.7016  0x000000002000510c       0x10 pannodes_g.o
 .bss.n.6997    0x000000002000511c        0x4 pannodes_g.o
 .bss.neighbors_list_list
                0x0000000020005120        0x4 pannodes_g.o
 .bss.neighbors_memb_memb_mem
                0x0000000020005124       0x40 pannodes_g.o
 .bss.periodic_timer.7027
                0x0000000020005164       0x10 pannodes_g.o
 .bss.t.6996    0x0000000020005174        0x4 pannodes_g.o
 .bss.action_channel_remove
                0x0000000020005178        0x2 build/zoul/remote-revb/obj/TREE-scheduling.o
                0x0000000020005178                action_channel_remove
 .bss.action_timeslot_remove
                0x000000002000517a        0x2 build/zoul/remote-revb/obj/TREE-scheduling.o
                0x000000002000517a                action_timeslot_remove